2026-01-05 22:48:06,074 - __main__ - INFO - Starting training with config: gnn_training/config/full_training_config.yaml
2026-01-05 22:48:06,074 - __main__ - INFO - Config: {
  "data": {
    "batch_size": 8,
    "cache_graphs": false,
    "circuits": {
      "comparators": [
        1051,
        1065,
        1045,
        1046,
        1071
      ],
      "diff_amps": [
        86,
        84,
        94
      ]
    },
    "data_dir": "/home/karthik/sim_clean/AMS-opt/netlists",
    "family_balance": "equal",
    "pos_neg_ratio": 1.0,
    "shuffle": true,
    "test_circuits": {
      "comparators": [
        1073
      ],
      "diff_amps": [
        75,
        77
      ]
    }
  },
  "early_stopping": {
    "min_delta": 0.0001,
    "patience": 10
  },
  "logging": {
    "log_level": "INFO",
    "tensorboard_dir": "./logs_full_training",
    "verbose": true
  },
  "loss": {
    "hard_neg_weight": 1.0,
    "temperature": 0.07,
    "type": "nt_xent",
    "nt_xent_weight": 0.5,
    "consistency": {
      "enabled": true,
      "type": "margin",
      "weight": 0.05,
      "margin": 0.8,
      "max_dist": 1.0,
      "temperature": 1.0
    }
  },
  "model": {
    "dropout": 0.1,
    "embedding_dim": 128,
    "hidden_dims": [
      64,
      64,
      32
    ],
    "input_dim": 26,
    "projection_dim": 128,
    "use_batch_norm": true
  },
  "optimizer": {
    "betas": [
      0.9,
      0.999
    ],
    "lr": 0.001,
    "type": "adam",
    "weight_decay": 1e-05
  },
  "scheduler": {
    "type": "cosine"
  },
  "training": {
    "checkpoint_dir": "./checkpoints_full_training",
    "device": "cpu",
    "epochs": 20,
    "log_interval": 2,
    "seed": 42,
    "val_interval": 2
  }
}
2026-01-05 22:48:06,075 - __main__ - INFO - Using device: cpu
2026-01-05 22:48:06,078 - __main__ - INFO - Model architecture:
ContrastiveGINModel(
  (encoder): GINEncoder(
    (gin_layers): ModuleList(
      (0): GINConv(
        (mlp): Sequential(
          (0): Linear(in_features=26, out_features=64, bias=True)
          (1): ReLU()
          (2): Linear(in_features=64, out_features=64, bias=True)
        )
      )
      (1): GINConv(
        (mlp): Sequential(
          (0): Linear(in_features=64, out_features=64, bias=True)
          (1): ReLU()
          (2): Linear(in_features=64, out_features=64, bias=True)
        )
      )
      (2): GINConv(
        (mlp): Sequential(
          (0): Linear(in_features=64, out_features=32, bias=True)
          (1): ReLU()
          (2): Linear(in_features=32, out_features=32, bias=True)
        )
      )
    )
    (batch_norms): ModuleList(
      (0-1): 2 x BatchNorm1d(64, eps=1e-05, momentum=0.1, affine=True, track_running_stats=True)
      (2): BatchNorm1d(32, eps=1e-05, momentum=0.1, affine=True, track_running_stats=True)
    )
    (dropout): Dropout(p=0.1, inplace=False)
    (readout_mlp): Sequential(
      (0): Linear(in_features=32, out_features=128, bias=True)
      (1): ReLU()
      (2): Linear(in_features=128, out_features=128, bias=True)
    )
  )
  (projection_head): ProjectionHead(
    (mlp): Sequential(
      (0): Linear(in_features=128, out_features=128, bias=True)
      (1): ReLU()
      (2): Linear(in_features=128, out_features=128, bias=True)
    )
  )
)
2026-01-05 22:48:06,078 - __main__ - INFO - Loss function: nt_xent
2026-01-05 22:48:06,078 - __main__ - INFO - NT-Xent weight: 0.5
2026-01-05 22:48:06,078 - __main__ - INFO - Consistency loss enabled: type=margin, weight=0.05
2026-01-05 22:48:06,630 - __main__ - INFO - Optimizer: adam
2026-01-05 22:48:06,634 - __main__ - INFO - Train circuits: {'comparators': [1051, 1065, 1045, 1046, 1071], 'diff_amps': [86, 84, 94]}
2026-01-05 22:48:06,634 - __main__ - INFO - Test circuits: {'comparators': [1073], 'diff_amps': [75, 77]}
2026-01-05 22:48:06,643 - __main__ - INFO - Starting training...
2026-01-05 22:48:12,069 - __main__ - INFO - Epoch 2/20 - Loss: 0.0874 (NT-Xent: 0.2423, Consistency: 0.8071)
2026-01-05 22:48:12,466 - __main__ - INFO - Epoch 2/20 - Val Loss: 0.1040
2026-01-05 22:48:12,466 - __main__ - INFO - Current LR: 0.000976
2026-01-05 22:48:18,001 - __main__ - INFO - Epoch 4/20 - Loss: 0.1879 (NT-Xent: 0.6736, Consistency: 0.6257)
2026-01-05 22:48:18,433 - __main__ - INFO - Epoch 4/20 - Val Loss: 0.2518
2026-01-05 22:48:18,434 - __main__ - INFO - Current LR: 0.000905
2026-01-05 22:48:24,089 - __main__ - INFO - Epoch 6/20 - Loss: 0.1737 (NT-Xent: 0.5543, Consistency: 0.8025)
2026-01-05 22:48:24,485 - __main__ - INFO - Epoch 6/20 - Val Loss: 0.2408
2026-01-05 22:48:24,485 - __main__ - INFO - Current LR: 0.000794
2026-01-05 22:48:30,571 - __main__ - INFO - Epoch 8/20 - Loss: 0.1067 (NT-Xent: 0.2663, Consistency: 1.1526)
2026-01-05 22:48:31,038 - __main__ - INFO - Epoch 8/20 - Val Loss: 0.0971
2026-01-05 22:48:31,038 - __main__ - INFO - Current LR: 0.000655
2026-01-05 22:48:37,230 - __main__ - INFO - Epoch 10/20 - Loss: 0.0851 (NT-Xent: 0.2181, Consistency: 1.2687)
2026-01-05 22:48:37,624 - __main__ - INFO - Epoch 10/20 - Val Loss: 0.2479
2026-01-05 22:48:37,633 - __main__ - INFO - Current LR: 0.000500
2026-01-05 22:48:43,771 - __main__ - INFO - Epoch 12/20 - Loss: 0.0764 (NT-Xent: 0.1750, Consistency: 1.2213)
2026-01-05 22:48:44,175 - __main__ - INFO - Epoch 12/20 - Val Loss: 0.1359
2026-01-05 22:48:44,176 - __main__ - INFO - Current LR: 0.000345
2026-01-05 22:48:50,273 - __main__ - INFO - Epoch 14/20 - Loss: 0.1608 (NT-Xent: 0.4052, Consistency: 1.3072)
2026-01-05 22:48:50,710 - __main__ - INFO - Epoch 14/20 - Val Loss: 0.0837
2026-01-05 22:48:50,711 - __main__ - INFO - Current LR: 0.000206
2026-01-05 22:48:56,820 - __main__ - INFO - Epoch 16/20 - Loss: 0.0508 (NT-Xent: 0.1098, Consistency: 1.1186)
2026-01-05 22:48:57,203 - __main__ - INFO - Epoch 16/20 - Val Loss: 0.1199
2026-01-05 22:48:57,203 - __main__ - INFO - Current LR: 0.000095
2026-01-05 22:49:03,257 - __main__ - INFO - Epoch 18/20 - Loss: 0.0654 (NT-Xent: 0.1141, Consistency: 1.1246)
2026-01-05 22:49:03,666 - __main__ - INFO - Epoch 18/20 - Val Loss: 0.1255
2026-01-05 22:49:03,666 - __main__ - INFO - Current LR: 0.000024
2026-01-05 22:49:09,715 - __main__ - INFO - Epoch 20/20 - Loss: 0.0468 (NT-Xent: 0.1085, Consistency: 1.1044)
2026-01-05 22:49:10,051 - __main__ - INFO - Epoch 20/20 - Val Loss: 0.2021
2026-01-05 22:49:10,060 - __main__ - INFO - Current LR: 0.000000
2026-01-05 22:49:10,060 - __main__ - INFO - Training complete!
