2026-01-02 21:55:26,252 - __main__ - INFO - Starting training with config: gnn_training/config/full_training_config.yaml
2026-01-02 21:55:26,252 - __main__ - INFO - Config: {
  "data": {
    "batch_size": 8,
    "cache_graphs": false,
    "circuits": {
      "comparators": [
        1051,
        1065,
        1045,
        1046,
        1071
      ],
      "diff_amps": [
        86,
        84,
        94
      ]
    },
    "data_dir": "/home/karthik/sim_clean/AMS-opt/netlists",
    "family_balance": "equal",
    "pos_neg_ratio": 1.0,
    "shuffle": true,
    "test_circuits": {
      "comparators": [
        1073
      ],
      "diff_amps": [
        75,
        77
      ]
    }
  },
  "early_stopping": {
    "min_delta": 0.0001,
    "patience": 10
  },
  "logging": {
    "log_level": "INFO",
    "tensorboard_dir": "./logs_full_training",
    "verbose": true
  },
  "loss": {
    "hard_neg_weight": 1.0,
    "temperature": 0.07,
    "type": "nt_xent",
    "consistency": {
      "enabled": true,
      "type": "margin",
      "weight": 0.0001,
      "margin": 0.1,
      "max_dist": 1.0,
      "temperature": 1.0
    }
  },
  "model": {
    "dropout": 0.1,
    "embedding_dim": 128,
    "hidden_dims": [
      64,
      64,
      32
    ],
    "input_dim": 26,
    "projection_dim": 128,
    "use_batch_norm": true
  },
  "optimizer": {
    "betas": [
      0.9,
      0.999
    ],
    "lr": 0.001,
    "type": "adam",
    "weight_decay": 1e-05
  },
  "scheduler": {
    "type": "cosine"
  },
  "training": {
    "checkpoint_dir": "./checkpoints_full_training",
    "device": "cpu",
    "epochs": 20,
    "log_interval": 2,
    "seed": 42,
    "val_interval": 2
  }
}
2026-01-02 21:55:26,253 - __main__ - INFO - Using device: cpu
2026-01-02 21:55:26,256 - __main__ - INFO - Model architecture:
ContrastiveGINModel(
  (encoder): GINEncoder(
    (gin_layers): ModuleList(
      (0): GINConv(
        (mlp): Sequential(
          (0): Linear(in_features=26, out_features=64, bias=True)
          (1): ReLU()
          (2): Linear(in_features=64, out_features=64, bias=True)
        )
      )
      (1): GINConv(
        (mlp): Sequential(
          (0): Linear(in_features=64, out_features=64, bias=True)
          (1): ReLU()
          (2): Linear(in_features=64, out_features=64, bias=True)
        )
      )
      (2): GINConv(
        (mlp): Sequential(
          (0): Linear(in_features=64, out_features=32, bias=True)
          (1): ReLU()
          (2): Linear(in_features=32, out_features=32, bias=True)
        )
      )
    )
    (batch_norms): ModuleList(
      (0-1): 2 x BatchNorm1d(64, eps=1e-05, momentum=0.1, affine=True, track_running_stats=True)
      (2): BatchNorm1d(32, eps=1e-05, momentum=0.1, affine=True, track_running_stats=True)
    )
    (dropout): Dropout(p=0.1, inplace=False)
    (readout_mlp): Sequential(
      (0): Linear(in_features=32, out_features=128, bias=True)
      (1): ReLU()
      (2): Linear(in_features=128, out_features=128, bias=True)
    )
  )
  (projection_head): ProjectionHead(
    (mlp): Sequential(
      (0): Linear(in_features=128, out_features=128, bias=True)
      (1): ReLU()
      (2): Linear(in_features=128, out_features=128, bias=True)
    )
  )
)
2026-01-02 21:55:26,256 - __main__ - INFO - Loss function: nt_xent
2026-01-02 21:55:26,256 - __main__ - INFO - Consistency loss enabled: type=margin, weight=0.0001
2026-01-02 21:55:26,809 - __main__ - INFO - Optimizer: adam
2026-01-02 21:55:26,814 - __main__ - INFO - Train circuits: {'comparators': [1051, 1065, 1045, 1046, 1071], 'diff_amps': [86, 84, 94]}
2026-01-02 21:55:26,814 - __main__ - INFO - Test circuits: {'comparators': [1073], 'diff_amps': [75, 77]}
2026-01-02 21:55:26,822 - __main__ - INFO - Starting training...
2026-01-02 21:55:30,633 - __main__ - INFO - Epoch 2/20 - Loss: 0.1115 (NT-Xent: 0.2409, Consistency: 0.0000)
2026-01-02 21:55:31,022 - __main__ - INFO - Epoch 2/20 - Val Loss: 0.1731
2026-01-02 21:55:31,022 - __main__ - INFO - Current LR: 0.000976
2026-01-02 21:55:34,792 - __main__ - INFO - Epoch 4/20 - Loss: 0.2807 (NT-Xent: 0.4059, Consistency: 0.0000)
2026-01-02 21:55:35,213 - __main__ - INFO - Epoch 4/20 - Val Loss: 0.1852
2026-01-02 21:55:35,213 - __main__ - INFO - Current LR: 0.000905
2026-01-02 21:55:38,952 - __main__ - INFO - Epoch 6/20 - Loss: 0.1385 (NT-Xent: 0.2621, Consistency: 0.0000)
2026-01-02 21:55:39,363 - __main__ - INFO - Epoch 6/20 - Val Loss: 0.1966
2026-01-02 21:55:39,363 - __main__ - INFO - Current LR: 0.000794
2026-01-02 21:55:43,222 - __main__ - INFO - Epoch 8/20 - Loss: 0.1149 (NT-Xent: 0.2255, Consistency: 0.0000)
2026-01-02 21:55:43,585 - __main__ - INFO - Epoch 8/20 - Val Loss: 0.1689
2026-01-02 21:55:43,585 - __main__ - INFO - Current LR: 0.000655
2026-01-02 21:55:47,564 - __main__ - INFO - Epoch 10/20 - Loss: 0.3408 (NT-Xent: 0.6312, Consistency: 0.0000)
2026-01-02 21:55:47,970 - __main__ - INFO - Epoch 10/20 - Val Loss: 0.2948
2026-01-02 21:55:47,981 - __main__ - INFO - Current LR: 0.000500
2026-01-02 21:55:51,972 - __main__ - INFO - Epoch 12/20 - Loss: 0.1127 (NT-Xent: 0.2372, Consistency: 0.0000)
2026-01-02 21:55:52,334 - __main__ - INFO - Epoch 12/20 - Val Loss: 0.2103
2026-01-02 21:55:52,334 - __main__ - INFO - Current LR: 0.000345
2026-01-02 21:55:56,404 - __main__ - INFO - Epoch 14/20 - Loss: 0.0740 (NT-Xent: 0.1610, Consistency: 0.0000)
2026-01-02 21:55:56,779 - __main__ - INFO - Epoch 14/20 - Val Loss: 0.2482
2026-01-02 21:55:56,779 - __main__ - INFO - Current LR: 0.000206
2026-01-02 21:56:00,961 - __main__ - INFO - Epoch 16/20 - Loss: 0.1307 (NT-Xent: 0.2125, Consistency: 0.0000)
2026-01-02 21:56:01,357 - __main__ - INFO - Epoch 16/20 - Val Loss: 0.2519
2026-01-02 21:56:01,357 - __main__ - INFO - Current LR: 0.000095
2026-01-02 21:56:05,524 - __main__ - INFO - Epoch 18/20 - Loss: 0.0966 (NT-Xent: 0.1984, Consistency: 0.0000)
2026-01-02 21:56:05,926 - __main__ - INFO - Epoch 18/20 - Val Loss: 0.2151
2026-01-02 21:56:05,926 - __main__ - INFO - Current LR: 0.000024
2026-01-02 21:56:10,069 - __main__ - INFO - Epoch 20/20 - Loss: 0.1268 (NT-Xent: 0.1942, Consistency: 0.0000)
2026-01-02 21:56:10,487 - __main__ - INFO - Epoch 20/20 - Val Loss: 0.2599
2026-01-02 21:56:10,496 - __main__ - INFO - Current LR: 0.000000
2026-01-02 21:56:10,496 - __main__ - INFO - Training complete!
