2026-01-05 22:38:49,220 - __main__ - INFO - Starting training with config: gnn_training/config/full_training_config.yaml
2026-01-05 22:38:49,220 - __main__ - INFO - Config: {
  "data": {
    "batch_size": 8,
    "cache_graphs": false,
    "circuits": {
      "comparators": [
        1051,
        1065,
        1045,
        1046,
        1071
      ],
      "diff_amps": [
        86,
        84,
        94
      ]
    },
    "data_dir": "/home/karthik/sim_clean/AMS-opt/netlists",
    "family_balance": "equal",
    "pos_neg_ratio": 1.0,
    "shuffle": true,
    "test_circuits": {
      "comparators": [
        1073
      ],
      "diff_amps": [
        75,
        77
      ]
    }
  },
  "early_stopping": {
    "min_delta": 0.0001,
    "patience": 10
  },
  "logging": {
    "log_level": "INFO",
    "tensorboard_dir": "./logs_full_training",
    "verbose": true
  },
  "loss": {
    "hard_neg_weight": 1.0,
    "temperature": 0.07,
    "type": "nt_xent",
    "nt_xent_weight": 0.5,
    "consistency": {
      "enabled": true,
      "type": "margin",
      "weight": 0.5,
      "margin": 0.8,
      "max_dist": 1.0,
      "temperature": 1.0
    }
  },
  "model": {
    "dropout": 0.1,
    "embedding_dim": 128,
    "hidden_dims": [
      64,
      64,
      32
    ],
    "input_dim": 26,
    "projection_dim": 128,
    "use_batch_norm": true
  },
  "optimizer": {
    "betas": [
      0.9,
      0.999
    ],
    "lr": 0.001,
    "type": "adam",
    "weight_decay": 1e-05
  },
  "scheduler": {
    "type": "cosine"
  },
  "training": {
    "checkpoint_dir": "./checkpoints_full_training",
    "device": "cpu",
    "epochs": 20,
    "log_interval": 2,
    "seed": 42,
    "val_interval": 2
  }
}
2026-01-05 22:38:49,221 - __main__ - INFO - Using device: cpu
2026-01-05 22:38:49,224 - __main__ - INFO - Model architecture:
ContrastiveGINModel(
  (encoder): GINEncoder(
    (gin_layers): ModuleList(
      (0): GINConv(
        (mlp): Sequential(
          (0): Linear(in_features=26, out_features=64, bias=True)
          (1): ReLU()
          (2): Linear(in_features=64, out_features=64, bias=True)
        )
      )
      (1): GINConv(
        (mlp): Sequential(
          (0): Linear(in_features=64, out_features=64, bias=True)
          (1): ReLU()
          (2): Linear(in_features=64, out_features=64, bias=True)
        )
      )
      (2): GINConv(
        (mlp): Sequential(
          (0): Linear(in_features=64, out_features=32, bias=True)
          (1): ReLU()
          (2): Linear(in_features=32, out_features=32, bias=True)
        )
      )
    )
    (batch_norms): ModuleList(
      (0-1): 2 x BatchNorm1d(64, eps=1e-05, momentum=0.1, affine=True, track_running_stats=True)
      (2): BatchNorm1d(32, eps=1e-05, momentum=0.1, affine=True, track_running_stats=True)
    )
    (dropout): Dropout(p=0.1, inplace=False)
    (readout_mlp): Sequential(
      (0): Linear(in_features=32, out_features=128, bias=True)
      (1): ReLU()
      (2): Linear(in_features=128, out_features=128, bias=True)
    )
  )
  (projection_head): ProjectionHead(
    (mlp): Sequential(
      (0): Linear(in_features=128, out_features=128, bias=True)
      (1): ReLU()
      (2): Linear(in_features=128, out_features=128, bias=True)
    )
  )
)
2026-01-05 22:38:49,224 - __main__ - INFO - Loss function: nt_xent
2026-01-05 22:38:49,224 - __main__ - INFO - NT-Xent weight: 0.5
2026-01-05 22:38:49,224 - __main__ - INFO - Consistency loss enabled: type=margin, weight=0.5
2026-01-05 22:38:49,776 - __main__ - INFO - Optimizer: adam
2026-01-05 22:38:49,780 - __main__ - INFO - Train circuits: {'comparators': [1051, 1065, 1045, 1046, 1071], 'diff_amps': [86, 84, 94]}
2026-01-05 22:38:49,780 - __main__ - INFO - Test circuits: {'comparators': [1073], 'diff_amps': [75, 77]}
2026-01-05 22:38:49,789 - __main__ - INFO - Starting training...
2026-01-05 22:38:55,384 - __main__ - INFO - Epoch 2/20 - Loss: 0.2825 (NT-Xent: 0.5488, Consistency: 0.6101)
2026-01-05 22:38:55,827 - __main__ - INFO - Epoch 2/20 - Val Loss: 0.2557
2026-01-05 22:38:55,827 - __main__ - INFO - Current LR: 0.000976
2026-01-05 22:39:01,239 - __main__ - INFO - Epoch 4/20 - Loss: 0.2668 (NT-Xent: 0.4541, Consistency: 0.6546)
2026-01-05 22:39:01,639 - __main__ - INFO - Epoch 4/20 - Val Loss: 0.1182
2026-01-05 22:39:01,639 - __main__ - INFO - Current LR: 0.000905
2026-01-05 22:39:07,215 - __main__ - INFO - Epoch 6/20 - Loss: 0.2474 (NT-Xent: 0.2440, Consistency: 0.7000)
2026-01-05 22:39:07,607 - __main__ - INFO - Epoch 6/20 - Val Loss: 0.1253
2026-01-05 22:39:07,607 - __main__ - INFO - Current LR: 0.000794
2026-01-05 22:39:13,565 - __main__ - INFO - Epoch 8/20 - Loss: 0.2269 (NT-Xent: 0.1873, Consistency: 0.6970)
2026-01-05 22:39:13,958 - __main__ - INFO - Epoch 8/20 - Val Loss: 0.1198
2026-01-05 22:39:13,958 - __main__ - INFO - Current LR: 0.000655
2026-01-05 22:39:20,035 - __main__ - INFO - Epoch 10/20 - Loss: 0.2001 (NT-Xent: 0.1485, Consistency: 0.6408)
2026-01-05 22:39:20,414 - __main__ - INFO - Epoch 10/20 - Val Loss: 0.2034
2026-01-05 22:39:20,424 - __main__ - INFO - Current LR: 0.000500
2026-01-05 22:39:26,543 - __main__ - INFO - Epoch 12/20 - Loss: 0.2673 (NT-Xent: 0.3119, Consistency: 0.6611)
2026-01-05 22:39:26,936 - __main__ - INFO - Epoch 12/20 - Val Loss: 0.1518
2026-01-05 22:39:26,937 - __main__ - INFO - Current LR: 0.000345
2026-01-05 22:39:32,998 - __main__ - INFO - Epoch 14/20 - Loss: 0.1758 (NT-Xent: 0.1087, Consistency: 0.5868)
2026-01-05 22:39:33,404 - __main__ - INFO - Epoch 14/20 - Val Loss: 0.2116
2026-01-05 22:39:33,404 - __main__ - INFO - Current LR: 0.000206
2026-01-05 22:39:39,486 - __main__ - INFO - Epoch 16/20 - Loss: 0.1773 (NT-Xent: 0.1136, Consistency: 0.6153)
2026-01-05 22:39:39,893 - __main__ - INFO - Epoch 16/20 - Val Loss: 0.1238
2026-01-05 22:39:39,893 - __main__ - INFO - Current LR: 0.000095
2026-01-05 22:39:45,932 - __main__ - INFO - Epoch 18/20 - Loss: 0.1743 (NT-Xent: 0.0991, Consistency: 0.5996)
2026-01-05 22:39:46,334 - __main__ - INFO - Epoch 18/20 - Val Loss: 0.0743
2026-01-05 22:39:46,334 - __main__ - INFO - Current LR: 0.000024
2026-01-05 22:39:52,411 - __main__ - INFO - Epoch 20/20 - Loss: 0.1790 (NT-Xent: 0.0972, Consistency: 0.5980)
2026-01-05 22:39:52,773 - __main__ - INFO - Epoch 20/20 - Val Loss: 0.2153
2026-01-05 22:39:52,781 - __main__ - INFO - Current LR: 0.000000
2026-01-05 22:39:52,781 - __main__ - INFO - Training complete!
