2026-01-05 23:35:47,330 - __main__ - INFO - Starting training with config: gnn_training/config/full_training_config.yaml
2026-01-05 23:35:47,330 - __main__ - INFO - Config: {
  "data": {
    "batch_size": 8,
    "cache_graphs": false,
    "circuits": {
      "comparators": [
        1051,
        1065,
        1045,
        1046,
        1071
      ],
      "diff_amps": [
        86,
        84,
        94
      ]
    },
    "data_dir": "/home/karthik/sim_clean/AMS-opt/netlists",
    "family_balance": "equal",
    "pos_neg_ratio": 1.0,
    "shuffle": true,
    "test_circuits": {
      "comparators": [
        1073
      ],
      "diff_amps": [
        75,
        77
      ]
    }
  },
  "early_stopping": {
    "min_delta": 0.0001,
    "patience": 10
  },
  "logging": {
    "log_level": "INFO",
    "tensorboard_dir": "./logs_full_training",
    "verbose": true
  },
  "loss": {
    "hard_neg_weight": 1.0,
    "temperature": 0.07,
    "type": "nt_xent",
    "nt_xent_weight": 0.9,
    "consistency": {
      "enabled": true,
      "type": "margin",
      "weight": 0.1,
      "margin": 0.7,
      "max_dist": 1.0,
      "temperature": 1.0
    }
  },
  "model": {
    "dropout": 0.1,
    "embedding_dim": 128,
    "hidden_dims": [
      64,
      64,
      32
    ],
    "input_dim": 26,
    "projection_dim": 128,
    "use_batch_norm": true
  },
  "optimizer": {
    "betas": [
      0.9,
      0.999
    ],
    "lr": 0.001,
    "type": "adam",
    "weight_decay": 1e-05
  },
  "scheduler": {
    "type": "cosine"
  },
  "training": {
    "checkpoint_dir": "./checkpoints_full_training",
    "device": "cpu",
    "epochs": 20,
    "log_interval": 2,
    "seed": 42,
    "val_interval": 2
  }
}
2026-01-05 23:35:47,330 - __main__ - INFO - Using device: cpu
2026-01-05 23:35:47,334 - __main__ - INFO - Model architecture:
ContrastiveGINModel(
  (encoder): GINEncoder(
    (gin_layers): ModuleList(
      (0): GINConv(
        (mlp): Sequential(
          (0): Linear(in_features=26, out_features=64, bias=True)
          (1): ReLU()
          (2): Linear(in_features=64, out_features=64, bias=True)
        )
      )
      (1): GINConv(
        (mlp): Sequential(
          (0): Linear(in_features=64, out_features=64, bias=True)
          (1): ReLU()
          (2): Linear(in_features=64, out_features=64, bias=True)
        )
      )
      (2): GINConv(
        (mlp): Sequential(
          (0): Linear(in_features=64, out_features=32, bias=True)
          (1): ReLU()
          (2): Linear(in_features=32, out_features=32, bias=True)
        )
      )
    )
    (batch_norms): ModuleList(
      (0-1): 2 x BatchNorm1d(64, eps=1e-05, momentum=0.1, affine=True, track_running_stats=True)
      (2): BatchNorm1d(32, eps=1e-05, momentum=0.1, affine=True, track_running_stats=True)
    )
    (dropout): Dropout(p=0.1, inplace=False)
    (readout_mlp): Sequential(
      (0): Linear(in_features=32, out_features=128, bias=True)
      (1): ReLU()
      (2): Linear(in_features=128, out_features=128, bias=True)
    )
  )
  (projection_head): ProjectionHead(
    (mlp): Sequential(
      (0): Linear(in_features=128, out_features=128, bias=True)
      (1): ReLU()
      (2): Linear(in_features=128, out_features=128, bias=True)
    )
  )
)
2026-01-05 23:35:47,334 - __main__ - INFO - Loss function: nt_xent
2026-01-05 23:35:47,334 - __main__ - INFO - NT-Xent weight: 0.9
2026-01-05 23:35:47,334 - __main__ - INFO - Consistency loss enabled: type=margin, weight=0.1
2026-01-05 23:35:47,888 - __main__ - INFO - Optimizer: adam
2026-01-05 23:35:47,892 - __main__ - INFO - Train circuits: {'comparators': [1051, 1065, 1045, 1046, 1071], 'diff_amps': [86, 84, 94]}
2026-01-05 23:35:47,892 - __main__ - INFO - Test circuits: {'comparators': [1073], 'diff_amps': [75, 77]}
2026-01-05 23:35:47,901 - __main__ - INFO - Starting training...
2026-01-05 23:35:53,493 - __main__ - INFO - Epoch 2/20 - Loss: 0.2366 (NT-Xent: 0.4270, Consistency: 0.6903)
2026-01-05 23:35:53,929 - __main__ - INFO - Epoch 2/20 - Val Loss: 0.3409
2026-01-05 23:35:53,930 - __main__ - INFO - Current LR: 0.000976
2026-01-05 23:35:59,452 - __main__ - INFO - Epoch 4/20 - Loss: 0.1689 (NT-Xent: 0.2730, Consistency: 0.7965)
2026-01-05 23:35:59,859 - __main__ - INFO - Epoch 4/20 - Val Loss: 0.3095
2026-01-05 23:35:59,859 - __main__ - INFO - Current LR: 0.000905
2026-01-05 23:36:05,593 - __main__ - INFO - Epoch 6/20 - Loss: 0.2188 (NT-Xent: 0.3457, Consistency: 0.8479)
2026-01-05 23:36:05,992 - __main__ - INFO - Epoch 6/20 - Val Loss: 0.2042
2026-01-05 23:36:05,992 - __main__ - INFO - Current LR: 0.000794
2026-01-05 23:36:12,072 - __main__ - INFO - Epoch 8/20 - Loss: 0.3412 (NT-Xent: 0.6825, Consistency: 0.6567)
2026-01-05 23:36:12,490 - __main__ - INFO - Epoch 8/20 - Val Loss: 0.3160
2026-01-05 23:36:12,490 - __main__ - INFO - Current LR: 0.000655
2026-01-05 23:36:18,690 - __main__ - INFO - Epoch 10/20 - Loss: 0.2391 (NT-Xent: 0.3480, Consistency: 1.2865)
2026-01-05 23:36:19,130 - __main__ - INFO - Epoch 10/20 - Val Loss: 0.2949
2026-01-05 23:36:19,139 - __main__ - INFO - Current LR: 0.000500
2026-01-05 23:36:25,357 - __main__ - INFO - Epoch 12/20 - Loss: 0.2446 (NT-Xent: 0.3381, Consistency: 1.0003)
2026-01-05 23:36:25,748 - __main__ - INFO - Epoch 12/20 - Val Loss: 0.1590
2026-01-05 23:36:25,749 - __main__ - INFO - Current LR: 0.000345
2026-01-05 23:36:31,917 - __main__ - INFO - Epoch 14/20 - Loss: 0.1397 (NT-Xent: 0.1822, Consistency: 0.8100)
2026-01-05 23:36:32,278 - __main__ - INFO - Epoch 14/20 - Val Loss: 0.4344
2026-01-05 23:36:32,278 - __main__ - INFO - Current LR: 0.000206
2026-01-05 23:36:38,420 - __main__ - INFO - Epoch 16/20 - Loss: 0.1362 (NT-Xent: 0.2123, Consistency: 0.8584)
2026-01-05 23:36:38,820 - __main__ - INFO - Epoch 16/20 - Val Loss: 0.1509
2026-01-05 23:36:38,820 - __main__ - INFO - Current LR: 0.000095
2026-01-05 23:36:44,947 - __main__ - INFO - Epoch 18/20 - Loss: 0.1083 (NT-Xent: 0.1781, Consistency: 0.8891)
2026-01-05 23:36:45,306 - __main__ - INFO - Epoch 18/20 - Val Loss: 0.2586
2026-01-05 23:36:45,307 - __main__ - INFO - Current LR: 0.000024
2026-01-05 23:36:51,524 - __main__ - INFO - Epoch 20/20 - Loss: 0.0900 (NT-Xent: 0.0906, Consistency: 0.8463)
2026-01-05 23:36:52,001 - __main__ - INFO - Epoch 20/20 - Val Loss: 0.2865
2026-01-05 23:36:52,009 - __main__ - INFO - Current LR: 0.000000
2026-01-05 23:36:52,010 - __main__ - INFO - Training complete!
