2026-01-05 22:51:54,610 - __main__ - INFO - Starting training with config: gnn_training/config/full_training_config.yaml
2026-01-05 22:51:54,610 - __main__ - INFO - Config: {
  "data": {
    "batch_size": 8,
    "cache_graphs": false,
    "circuits": {
      "comparators": [
        1051,
        1065,
        1045,
        1046,
        1071
      ],
      "diff_amps": [
        86,
        84,
        94
      ]
    },
    "data_dir": "/home/karthik/sim_clean/AMS-opt/netlists",
    "family_balance": "equal",
    "pos_neg_ratio": 1.0,
    "shuffle": true,
    "test_circuits": {
      "comparators": [
        1073
      ],
      "diff_amps": [
        75,
        77
      ]
    }
  },
  "early_stopping": {
    "min_delta": 0.0001,
    "patience": 10
  },
  "logging": {
    "log_level": "INFO",
    "tensorboard_dir": "./logs_full_training",
    "verbose": true
  },
  "loss": {
    "hard_neg_weight": 1.0,
    "temperature": 0.07,
    "type": "nt_xent",
    "nt_xent_weight": 0.5,
    "consistency": {
      "enabled": true,
      "type": "margin",
      "weight": 0.25,
      "margin": 0.8,
      "max_dist": 1.0,
      "temperature": 1.0
    }
  },
  "model": {
    "dropout": 0.1,
    "embedding_dim": 128,
    "hidden_dims": [
      64,
      64,
      32
    ],
    "input_dim": 26,
    "projection_dim": 128,
    "use_batch_norm": true
  },
  "optimizer": {
    "betas": [
      0.9,
      0.999
    ],
    "lr": 0.001,
    "type": "adam",
    "weight_decay": 1e-05
  },
  "scheduler": {
    "type": "cosine"
  },
  "training": {
    "checkpoint_dir": "./checkpoints_full_training",
    "device": "cpu",
    "epochs": 20,
    "log_interval": 2,
    "seed": 42,
    "val_interval": 2
  }
}
2026-01-05 22:51:54,611 - __main__ - INFO - Using device: cpu
2026-01-05 22:51:54,614 - __main__ - INFO - Model architecture:
ContrastiveGINModel(
  (encoder): GINEncoder(
    (gin_layers): ModuleList(
      (0): GINConv(
        (mlp): Sequential(
          (0): Linear(in_features=26, out_features=64, bias=True)
          (1): ReLU()
          (2): Linear(in_features=64, out_features=64, bias=True)
        )
      )
      (1): GINConv(
        (mlp): Sequential(
          (0): Linear(in_features=64, out_features=64, bias=True)
          (1): ReLU()
          (2): Linear(in_features=64, out_features=64, bias=True)
        )
      )
      (2): GINConv(
        (mlp): Sequential(
          (0): Linear(in_features=64, out_features=32, bias=True)
          (1): ReLU()
          (2): Linear(in_features=32, out_features=32, bias=True)
        )
      )
    )
    (batch_norms): ModuleList(
      (0-1): 2 x BatchNorm1d(64, eps=1e-05, momentum=0.1, affine=True, track_running_stats=True)
      (2): BatchNorm1d(32, eps=1e-05, momentum=0.1, affine=True, track_running_stats=True)
    )
    (dropout): Dropout(p=0.1, inplace=False)
    (readout_mlp): Sequential(
      (0): Linear(in_features=32, out_features=128, bias=True)
      (1): ReLU()
      (2): Linear(in_features=128, out_features=128, bias=True)
    )
  )
  (projection_head): ProjectionHead(
    (mlp): Sequential(
      (0): Linear(in_features=128, out_features=128, bias=True)
      (1): ReLU()
      (2): Linear(in_features=128, out_features=128, bias=True)
    )
  )
)
2026-01-05 22:51:54,614 - __main__ - INFO - Loss function: nt_xent
2026-01-05 22:51:54,614 - __main__ - INFO - NT-Xent weight: 0.5
2026-01-05 22:51:54,614 - __main__ - INFO - Consistency loss enabled: type=margin, weight=0.25
2026-01-05 22:51:55,165 - __main__ - INFO - Optimizer: adam
2026-01-05 22:51:55,169 - __main__ - INFO - Train circuits: {'comparators': [1051, 1065, 1045, 1046, 1071], 'diff_amps': [86, 84, 94]}
2026-01-05 22:51:55,170 - __main__ - INFO - Test circuits: {'comparators': [1073], 'diff_amps': [75, 77]}
2026-01-05 22:51:55,178 - __main__ - INFO - Starting training...
2026-01-05 22:52:00,681 - __main__ - INFO - Epoch 2/20 - Loss: 0.1638 (NT-Xent: 0.3606, Consistency: 0.7183)
2026-01-05 22:52:01,129 - __main__ - INFO - Epoch 2/20 - Val Loss: 0.1799
2026-01-05 22:52:01,129 - __main__ - INFO - Current LR: 0.000976
2026-01-05 22:52:06,586 - __main__ - INFO - Epoch 4/20 - Loss: 0.1852 (NT-Xent: 0.4251, Consistency: 0.7620)
2026-01-05 22:52:06,934 - __main__ - INFO - Epoch 4/20 - Val Loss: 0.4652
2026-01-05 22:52:06,934 - __main__ - INFO - Current LR: 0.000905
2026-01-05 22:52:12,440 - __main__ - INFO - Epoch 6/20 - Loss: 0.2421 (NT-Xent: 0.6852, Consistency: 0.5581)
2026-01-05 22:52:12,856 - __main__ - INFO - Epoch 6/20 - Val Loss: 0.1955
2026-01-05 22:52:12,856 - __main__ - INFO - Current LR: 0.000794
2026-01-05 22:52:18,868 - __main__ - INFO - Epoch 8/20 - Loss: 0.1518 (NT-Xent: 0.2578, Consistency: 0.7081)
2026-01-05 22:52:19,222 - __main__ - INFO - Epoch 8/20 - Val Loss: 0.1699
2026-01-05 22:52:19,222 - __main__ - INFO - Current LR: 0.000655
2026-01-05 22:52:25,326 - __main__ - INFO - Epoch 10/20 - Loss: 0.1655 (NT-Xent: 0.3745, Consistency: 0.7975)
2026-01-05 22:52:25,698 - __main__ - INFO - Epoch 10/20 - Val Loss: 0.2544
2026-01-05 22:52:25,708 - __main__ - INFO - Current LR: 0.000500
2026-01-05 22:52:31,743 - __main__ - INFO - Epoch 12/20 - Loss: 0.1224 (NT-Xent: 0.1515, Consistency: 0.6577)
2026-01-05 22:52:32,077 - __main__ - INFO - Epoch 12/20 - Val Loss: 0.1317
2026-01-05 22:52:32,077 - __main__ - INFO - Current LR: 0.000345
2026-01-05 22:52:38,259 - __main__ - INFO - Epoch 14/20 - Loss: 0.1191 (NT-Xent: 0.1182, Consistency: 0.6887)
2026-01-05 22:52:38,637 - __main__ - INFO - Epoch 14/20 - Val Loss: 0.1113
2026-01-05 22:52:38,637 - __main__ - INFO - Current LR: 0.000206
2026-01-05 22:52:44,680 - __main__ - INFO - Epoch 16/20 - Loss: 0.1272 (NT-Xent: 0.1188, Consistency: 0.7094)
2026-01-05 22:52:45,051 - __main__ - INFO - Epoch 16/20 - Val Loss: 0.2089
2026-01-05 22:52:45,051 - __main__ - INFO - Current LR: 0.000095
2026-01-05 22:52:51,209 - __main__ - INFO - Epoch 18/20 - Loss: 0.1141 (NT-Xent: 0.0958, Consistency: 0.6688)
2026-01-05 22:52:51,593 - __main__ - INFO - Epoch 18/20 - Val Loss: 0.1110
2026-01-05 22:52:51,593 - __main__ - INFO - Current LR: 0.000024
2026-01-05 22:52:57,706 - __main__ - INFO - Epoch 20/20 - Loss: 0.1060 (NT-Xent: 0.1404, Consistency: 0.6117)
2026-01-05 22:52:58,143 - __main__ - INFO - Epoch 20/20 - Val Loss: 0.2100
2026-01-05 22:52:58,152 - __main__ - INFO - Current LR: 0.000000
2026-01-05 22:52:58,152 - __main__ - INFO - Training complete!
