2026-01-14 02:49:18,822 - __main__ - INFO - Starting training with config: gnn_training/config/full_training_diff_amps_comparators_all.yaml
2026-01-14 02:49:18,823 - __main__ - INFO - Config: {
  "data": {
    "batch_size": 8,
    "cache_graphs": false,
    "data_dir": "/home/karthik/sim_clean/AMS-opt/netlists",
    "family_balance": "equal",
    "pos_neg_ratio": 1.0,
    "shuffle": true,
    "circuits": {
      "diff_amps": [
        69,
        71,
        75,
        77,
        80,
        82,
        84,
        86,
        88,
        90,
        92,
        94,
        96,
        97,
        614,
        615,
        616,
        617,
        618,
        619,
        620,
        621,
        921,
        922,
        923,
        924,
        925,
        926,
        927,
        928,
        929,
        930,
        931,
        932
      ],
      "comparators": [
        632,
        633,
        634,
        635,
        738,
        740,
        741,
        742,
        746,
        747,
        748,
        749,
        1045,
        1046,
        1047,
        1048,
        1049,
        1050,
        1051,
        1053,
        1054,
        1055,
        1056,
        1057,
        1058,
        1059,
        1060,
        1062,
        1063,
        1065,
        1071,
        1073
      ]
    },
    "test_circuits": {
      "diff_amps": [
        94,
        97
      ],
      "comparators": [
        1073
      ]
    }
  },
  "early_stopping": {
    "min_delta": 0.0001,
    "patience": 10
  },
  "logging": {
    "log_level": "INFO",
    "tensorboard_dir": "./logs_full_training",
    "verbose": true
  },
  "loss": {
    "hard_neg_weight": 1.0,
    "temperature": 0.07,
    "type": "nt_xent",
    "nt_xent_weight": 0.9,
    "consistency": {
      "enabled": true,
      "type": "margin",
      "weight": 0.1,
      "margin": 0.7,
      "max_dist": 1.0,
      "temperature": 1.0
    }
  },
  "model": {
    "dropout": 0.1,
    "embedding_dim": 128,
    "hidden_dims": [
      64,
      64,
      32
    ],
    "input_dim": 79,
    "projection_dim": 128,
    "use_batch_norm": true
  },
  "optimizer": {
    "betas": [
      0.9,
      0.999
    ],
    "lr": 0.001,
    "type": "adam",
    "weight_decay": 1e-05
  },
  "scheduler": {
    "type": "cosine"
  },
  "training": {
    "checkpoint_dir": "./checkpoints_full_training",
    "device": "cpu",
    "epochs": 20,
    "log_interval": 2,
    "seed": 42,
    "val_interval": 2
  }
}
2026-01-14 02:49:18,823 - __main__ - INFO - Using device: cpu
2026-01-14 02:49:18,826 - __main__ - INFO - Model architecture:
ContrastiveGINModel(
  (encoder): GINEncoder(
    (gin_layers): ModuleList(
      (0): GINConv(
        (mlp): Sequential(
          (0): Linear(in_features=79, out_features=64, bias=True)
          (1): ReLU()
          (2): Linear(in_features=64, out_features=64, bias=True)
        )
      )
      (1): GINConv(
        (mlp): Sequential(
          (0): Linear(in_features=64, out_features=64, bias=True)
          (1): ReLU()
          (2): Linear(in_features=64, out_features=64, bias=True)
        )
      )
      (2): GINConv(
        (mlp): Sequential(
          (0): Linear(in_features=64, out_features=32, bias=True)
          (1): ReLU()
          (2): Linear(in_features=32, out_features=32, bias=True)
        )
      )
    )
    (batch_norms): ModuleList(
      (0-1): 2 x BatchNorm1d(64, eps=1e-05, momentum=0.1, affine=True, track_running_stats=True)
      (2): BatchNorm1d(32, eps=1e-05, momentum=0.1, affine=True, track_running_stats=True)
    )
    (dropout): Dropout(p=0.1, inplace=False)
    (readout_mlp): Sequential(
      (0): Linear(in_features=32, out_features=128, bias=True)
      (1): ReLU()
      (2): Linear(in_features=128, out_features=128, bias=True)
    )
  )
  (projection_head): ProjectionHead(
    (mlp): Sequential(
      (0): Linear(in_features=128, out_features=128, bias=True)
      (1): ReLU()
      (2): Linear(in_features=128, out_features=128, bias=True)
    )
  )
)
2026-01-14 02:49:18,826 - __main__ - INFO - Loss function: nt_xent
2026-01-14 02:49:18,826 - __main__ - INFO - NT-Xent weight: 0.9
2026-01-14 02:49:18,827 - __main__ - INFO - Consistency loss enabled: type=margin, weight=0.1
2026-01-14 02:49:19,382 - __main__ - INFO - Optimizer: adam
2026-01-14 02:49:19,387 - __main__ - INFO - Train circuits: {'diff_amps': [69, 71, 75, 77, 80, 82, 84, 86, 88, 90, 92, 96, 614, 615, 616, 617, 618, 619, 620, 621, 921, 922, 923, 924, 925, 926, 927, 928, 929, 930, 931, 932], 'comparators': [632, 633, 634, 635, 738, 740, 741, 742, 746, 747, 748, 749, 1045, 1046, 1047, 1048, 1049, 1050, 1051, 1053, 1054, 1055, 1056, 1057, 1058, 1059, 1060, 1062, 1063, 1065, 1071]}
2026-01-14 02:49:19,388 - __main__ - INFO - Test circuits: {'diff_amps': [94, 97], 'comparators': [1073]}
2026-01-14 02:49:20,473 - __main__ - INFO - Starting training...
2026-01-14 02:49:26,237 - __main__ - INFO - Epoch 2/20 - Loss: 0.0731 (NT-Xent: 0.0864, Consistency: 0.5822)
2026-01-14 02:49:26,676 - __main__ - INFO - Epoch 2/20 - Val Loss: 0.1921
2026-01-14 02:49:26,676 - __main__ - INFO - Current LR: 0.000976
2026-01-14 02:49:32,451 - __main__ - INFO - Epoch 4/20 - Loss: 0.0496 (NT-Xent: 0.0844, Consistency: 0.6044)
2026-01-14 02:49:32,883 - __main__ - INFO - Epoch 4/20 - Val Loss: 0.1525
2026-01-14 02:49:32,883 - __main__ - INFO - Current LR: 0.000905
2026-01-14 02:49:38,838 - __main__ - INFO - Epoch 6/20 - Loss: 0.1051 (NT-Xent: 0.1279, Consistency: 0.8043)
2026-01-14 02:49:39,229 - __main__ - INFO - Epoch 6/20 - Val Loss: 0.4146
2026-01-14 02:49:39,230 - __main__ - INFO - Current LR: 0.000794
2026-01-14 02:49:45,349 - __main__ - INFO - Epoch 8/20 - Loss: 0.2369 (NT-Xent: 0.2332, Consistency: 0.8377)
2026-01-14 02:49:45,832 - __main__ - INFO - Epoch 8/20 - Val Loss: 0.1241
2026-01-14 02:49:45,832 - __main__ - INFO - Current LR: 0.000655
2026-01-14 02:49:51,941 - __main__ - INFO - Epoch 10/20 - Loss: 0.0436 (NT-Xent: 0.0215, Consistency: 0.6617)
2026-01-14 02:49:52,318 - __main__ - INFO - Epoch 10/20 - Val Loss: 0.2448
2026-01-14 02:49:52,329 - __main__ - INFO - Current LR: 0.000500
2026-01-14 02:49:58,537 - __main__ - INFO - Epoch 12/20 - Loss: 0.0458 (NT-Xent: 0.0373, Consistency: 0.6385)
2026-01-14 02:49:58,932 - __main__ - INFO - Epoch 12/20 - Val Loss: 0.2207
2026-01-14 02:49:58,932 - __main__ - INFO - Current LR: 0.000345
2026-01-14 02:50:05,053 - __main__ - INFO - Epoch 14/20 - Loss: 0.0469 (NT-Xent: 0.0326, Consistency: 0.6556)
2026-01-14 02:50:05,508 - __main__ - INFO - Epoch 14/20 - Val Loss: 0.1552
2026-01-14 02:50:05,509 - __main__ - INFO - Current LR: 0.000206
2026-01-14 02:50:11,598 - __main__ - INFO - Epoch 16/20 - Loss: 0.0540 (NT-Xent: 0.0415, Consistency: 0.5880)
2026-01-14 02:50:12,003 - __main__ - INFO - Epoch 16/20 - Val Loss: 0.2616
2026-01-14 02:50:12,003 - __main__ - INFO - Current LR: 0.000095
2026-01-14 02:50:18,148 - __main__ - INFO - Epoch 18/20 - Loss: 0.0380 (NT-Xent: 0.0298, Consistency: 0.5944)
2026-01-14 02:50:18,570 - __main__ - INFO - Epoch 18/20 - Val Loss: 0.1717
2026-01-14 02:50:18,570 - __main__ - INFO - Current LR: 0.000024
2026-01-14 02:50:24,672 - __main__ - INFO - Epoch 20/20 - Loss: 0.0438 (NT-Xent: 0.0304, Consistency: 0.6158)
2026-01-14 02:50:25,102 - __main__ - INFO - Epoch 20/20 - Val Loss: 0.1936
2026-01-14 02:50:25,106 - __main__ - INFO - Current LR: 0.000000
2026-01-14 02:50:25,107 - __main__ - INFO - Training complete!
