2026-01-02 21:46:34,502 - __main__ - INFO - Starting training with config: gnn_training/config/full_training_config.yaml
2026-01-02 21:46:34,503 - __main__ - INFO - Config: {
  "data": {
    "batch_size": 8,
    "cache_graphs": false,
    "circuits": {
      "comparators": [
        1051,
        1065,
        1045,
        1046,
        1071
      ],
      "diff_amps": [
        86,
        84,
        94
      ]
    },
    "data_dir": "/home/karthik/sim_clean/AMS-opt/netlists",
    "family_balance": "equal",
    "pos_neg_ratio": 1.0,
    "shuffle": true,
    "test_circuits": {
      "comparators": [
        1073
      ],
      "diff_amps": [
        75,
        77
      ]
    }
  },
  "early_stopping": {
    "min_delta": 0.0001,
    "patience": 10
  },
  "logging": {
    "log_level": "INFO",
    "tensorboard_dir": "./logs_full_training",
    "verbose": true
  },
  "loss": {
    "hard_neg_weight": 1.0,
    "temperature": 0.07,
    "type": "nt_xent",
    "consistency": {
      "enabled": true,
      "type": "margin",
      "weight": 0.001,
      "margin": 0.1,
      "max_dist": 1.0,
      "temperature": 1.0
    }
  },
  "model": {
    "dropout": 0.1,
    "embedding_dim": 128,
    "hidden_dims": [
      64,
      64,
      32
    ],
    "input_dim": 26,
    "projection_dim": 128,
    "use_batch_norm": true
  },
  "optimizer": {
    "betas": [
      0.9,
      0.999
    ],
    "lr": 0.001,
    "type": "adam",
    "weight_decay": 1e-05
  },
  "scheduler": {
    "type": "cosine"
  },
  "training": {
    "checkpoint_dir": "./checkpoints_full_training",
    "device": "cpu",
    "epochs": 20,
    "log_interval": 2,
    "seed": 42,
    "val_interval": 2
  }
}
2026-01-02 21:46:34,503 - __main__ - INFO - Using device: cpu
2026-01-02 21:46:34,506 - __main__ - INFO - Model architecture:
ContrastiveGINModel(
  (encoder): GINEncoder(
    (gin_layers): ModuleList(
      (0): GINConv(
        (mlp): Sequential(
          (0): Linear(in_features=26, out_features=64, bias=True)
          (1): ReLU()
          (2): Linear(in_features=64, out_features=64, bias=True)
        )
      )
      (1): GINConv(
        (mlp): Sequential(
          (0): Linear(in_features=64, out_features=64, bias=True)
          (1): ReLU()
          (2): Linear(in_features=64, out_features=64, bias=True)
        )
      )
      (2): GINConv(
        (mlp): Sequential(
          (0): Linear(in_features=64, out_features=32, bias=True)
          (1): ReLU()
          (2): Linear(in_features=32, out_features=32, bias=True)
        )
      )
    )
    (batch_norms): ModuleList(
      (0-1): 2 x BatchNorm1d(64, eps=1e-05, momentum=0.1, affine=True, track_running_stats=True)
      (2): BatchNorm1d(32, eps=1e-05, momentum=0.1, affine=True, track_running_stats=True)
    )
    (dropout): Dropout(p=0.1, inplace=False)
    (readout_mlp): Sequential(
      (0): Linear(in_features=32, out_features=128, bias=True)
      (1): ReLU()
      (2): Linear(in_features=128, out_features=128, bias=True)
    )
  )
  (projection_head): ProjectionHead(
    (mlp): Sequential(
      (0): Linear(in_features=128, out_features=128, bias=True)
      (1): ReLU()
      (2): Linear(in_features=128, out_features=128, bias=True)
    )
  )
)
2026-01-02 21:46:34,506 - __main__ - INFO - Loss function: nt_xent
2026-01-02 21:46:34,506 - __main__ - INFO - Consistency loss enabled: type=margin, weight=0.001
2026-01-02 21:46:35,059 - __main__ - INFO - Optimizer: adam
2026-01-02 21:46:35,064 - __main__ - INFO - Train circuits: {'comparators': [1051, 1065, 1045, 1046, 1071], 'diff_amps': [86, 84, 94]}
2026-01-02 21:46:35,064 - __main__ - INFO - Test circuits: {'comparators': [1073], 'diff_amps': [75, 77]}
2026-01-02 21:46:35,072 - __main__ - INFO - Starting training...
2026-01-02 21:46:38,930 - __main__ - INFO - Epoch 2/20 - Loss: 0.1193 (NT-Xent: 0.2095, Consistency: 0.0000)
2026-01-02 21:46:39,270 - __main__ - INFO - Epoch 2/20 - Val Loss: 0.1398
2026-01-02 21:46:39,270 - __main__ - INFO - Current LR: 0.000976
2026-01-02 21:46:43,112 - __main__ - INFO - Epoch 4/20 - Loss: 0.1048 (NT-Xent: 0.1773, Consistency: 0.0000)
2026-01-02 21:46:43,556 - __main__ - INFO - Epoch 4/20 - Val Loss: 0.5976
2026-01-02 21:46:43,556 - __main__ - INFO - Current LR: 0.000905
2026-01-02 21:46:47,370 - __main__ - INFO - Epoch 6/20 - Loss: 0.1849 (NT-Xent: 0.3474, Consistency: 0.0000)
2026-01-02 21:46:47,735 - __main__ - INFO - Epoch 6/20 - Val Loss: 0.2095
2026-01-02 21:46:47,735 - __main__ - INFO - Current LR: 0.000794
2026-01-02 21:46:51,612 - __main__ - INFO - Epoch 8/20 - Loss: 0.0730 (NT-Xent: 0.1833, Consistency: 0.0000)
2026-01-02 21:46:52,043 - __main__ - INFO - Epoch 8/20 - Val Loss: 0.1813
2026-01-02 21:46:52,044 - __main__ - INFO - Current LR: 0.000655
2026-01-02 21:46:56,035 - __main__ - INFO - Epoch 10/20 - Loss: 0.1031 (NT-Xent: 0.1742, Consistency: 0.0000)
2026-01-02 21:46:56,438 - __main__ - INFO - Epoch 10/20 - Val Loss: 0.2415
2026-01-02 21:46:56,447 - __main__ - INFO - Current LR: 0.000500
2026-01-02 21:47:00,573 - __main__ - INFO - Epoch 12/20 - Loss: 0.0665 (NT-Xent: 0.1668, Consistency: 0.0000)
2026-01-02 21:47:00,966 - __main__ - INFO - Epoch 12/20 - Val Loss: 0.4632
2026-01-02 21:47:00,966 - __main__ - INFO - Current LR: 0.000345
2026-01-02 21:47:05,068 - __main__ - INFO - Epoch 14/20 - Loss: 0.0505 (NT-Xent: 0.1287, Consistency: 0.0000)
2026-01-02 21:47:05,422 - __main__ - INFO - Epoch 14/20 - Val Loss: 0.4305
2026-01-02 21:47:05,422 - __main__ - INFO - Current LR: 0.000206
2026-01-02 21:47:09,555 - __main__ - INFO - Epoch 16/20 - Loss: 0.0676 (NT-Xent: 0.1234, Consistency: 0.0000)
2026-01-02 21:47:10,008 - __main__ - INFO - Epoch 16/20 - Val Loss: 0.1751
2026-01-02 21:47:10,008 - __main__ - INFO - Current LR: 0.000095
2026-01-02 21:47:14,109 - __main__ - INFO - Epoch 18/20 - Loss: 0.0440 (NT-Xent: 0.0937, Consistency: 0.0000)
2026-01-02 21:47:14,544 - __main__ - INFO - Epoch 18/20 - Val Loss: 0.5628
2026-01-02 21:47:14,544 - __main__ - INFO - Current LR: 0.000024
2026-01-02 21:47:18,624 - __main__ - INFO - Epoch 20/20 - Loss: 0.0461 (NT-Xent: 0.0885, Consistency: 0.0000)
2026-01-02 21:47:18,996 - __main__ - INFO - Epoch 20/20 - Val Loss: 0.2909
2026-01-02 21:47:19,004 - __main__ - INFO - Current LR: 0.000000
2026-01-02 21:47:19,004 - __main__ - INFO - Training complete!
