2026-01-02 23:27:36,483 - __main__ - INFO - Starting training with config: gnn_training/config/full_training_config.yaml
2026-01-02 23:27:36,483 - __main__ - INFO - Config: {
  "data": {
    "batch_size": 8,
    "cache_graphs": false,
    "circuits": {
      "comparators": [
        1051,
        1065,
        1045,
        1046,
        1071
      ],
      "diff_amps": [
        86,
        84,
        94
      ]
    },
    "data_dir": "/home/karthik/sim_clean/AMS-opt/netlists",
    "family_balance": "equal",
    "pos_neg_ratio": 1.0,
    "shuffle": true,
    "test_circuits": {
      "comparators": [
        1073
      ],
      "diff_amps": [
        75,
        77
      ]
    }
  },
  "early_stopping": {
    "min_delta": 0.0001,
    "patience": 10
  },
  "logging": {
    "log_level": "INFO",
    "tensorboard_dir": "./logs_full_training",
    "verbose": true
  },
  "loss": {
    "hard_neg_weight": 1.0,
    "temperature": 0.07,
    "type": "nt_xent",
    "consistency": {
      "enabled": true,
      "type": "margin",
      "weight": 0.1,
      "margin": 0.8,
      "max_dist": 1.0,
      "temperature": 1.0
    }
  },
  "model": {
    "dropout": 0.1,
    "embedding_dim": 128,
    "hidden_dims": [
      64,
      64,
      32
    ],
    "input_dim": 26,
    "projection_dim": 128,
    "use_batch_norm": true
  },
  "optimizer": {
    "betas": [
      0.9,
      0.999
    ],
    "lr": 0.001,
    "type": "adam",
    "weight_decay": 1e-05
  },
  "scheduler": {
    "type": "cosine"
  },
  "training": {
    "checkpoint_dir": "./checkpoints_full_training",
    "device": "cpu",
    "epochs": 20,
    "log_interval": 2,
    "seed": 42,
    "val_interval": 2
  }
}
2026-01-02 23:27:36,484 - __main__ - INFO - Using device: cpu
2026-01-02 23:27:36,487 - __main__ - INFO - Model architecture:
ContrastiveGINModel(
  (encoder): GINEncoder(
    (gin_layers): ModuleList(
      (0): GINConv(
        (mlp): Sequential(
          (0): Linear(in_features=26, out_features=64, bias=True)
          (1): ReLU()
          (2): Linear(in_features=64, out_features=64, bias=True)
        )
      )
      (1): GINConv(
        (mlp): Sequential(
          (0): Linear(in_features=64, out_features=64, bias=True)
          (1): ReLU()
          (2): Linear(in_features=64, out_features=64, bias=True)
        )
      )
      (2): GINConv(
        (mlp): Sequential(
          (0): Linear(in_features=64, out_features=32, bias=True)
          (1): ReLU()
          (2): Linear(in_features=32, out_features=32, bias=True)
        )
      )
    )
    (batch_norms): ModuleList(
      (0-1): 2 x BatchNorm1d(64, eps=1e-05, momentum=0.1, affine=True, track_running_stats=True)
      (2): BatchNorm1d(32, eps=1e-05, momentum=0.1, affine=True, track_running_stats=True)
    )
    (dropout): Dropout(p=0.1, inplace=False)
    (readout_mlp): Sequential(
      (0): Linear(in_features=32, out_features=128, bias=True)
      (1): ReLU()
      (2): Linear(in_features=128, out_features=128, bias=True)
    )
  )
  (projection_head): ProjectionHead(
    (mlp): Sequential(
      (0): Linear(in_features=128, out_features=128, bias=True)
      (1): ReLU()
      (2): Linear(in_features=128, out_features=128, bias=True)
    )
  )
)
2026-01-02 23:27:36,487 - __main__ - INFO - Loss function: nt_xent
2026-01-02 23:27:36,487 - __main__ - INFO - Consistency loss enabled: type=margin, weight=0.1
2026-01-02 23:27:37,039 - __main__ - INFO - Optimizer: adam
2026-01-02 23:27:37,043 - __main__ - INFO - Train circuits: {'comparators': [1051, 1065, 1045, 1046, 1071], 'diff_amps': [86, 84, 94]}
2026-01-02 23:27:37,043 - __main__ - INFO - Test circuits: {'comparators': [1073], 'diff_amps': [75, 77]}
2026-01-02 23:27:37,052 - __main__ - INFO - Starting training...
2026-01-02 23:27:40,788 - __main__ - INFO - Epoch 2/20 - Loss: 0.2921 (NT-Xent: 0.4433, Consistency: 0.0000)
2026-01-02 23:27:41,129 - __main__ - INFO - Epoch 2/20 - Val Loss: 0.2267
2026-01-02 23:27:41,129 - __main__ - INFO - Current LR: 0.000976
2026-01-02 23:27:44,861 - __main__ - INFO - Epoch 4/20 - Loss: 0.1250 (NT-Xent: 0.2639, Consistency: 0.0000)
2026-01-02 23:27:45,297 - __main__ - INFO - Epoch 4/20 - Val Loss: 0.2795
2026-01-02 23:27:45,297 - __main__ - INFO - Current LR: 0.000905
2026-01-02 23:27:49,028 - __main__ - INFO - Epoch 6/20 - Loss: 0.2236 (NT-Xent: 0.3353, Consistency: 0.0000)
2026-01-02 23:27:49,429 - __main__ - INFO - Epoch 6/20 - Val Loss: 0.1953
2026-01-02 23:27:49,429 - __main__ - INFO - Current LR: 0.000794
2026-01-02 23:27:53,210 - __main__ - INFO - Epoch 8/20 - Loss: 0.1120 (NT-Xent: 0.1685, Consistency: 0.0000)
2026-01-02 23:27:53,569 - __main__ - INFO - Epoch 8/20 - Val Loss: 0.2799
2026-01-02 23:27:53,570 - __main__ - INFO - Current LR: 0.000655
2026-01-02 23:27:57,437 - __main__ - INFO - Epoch 10/20 - Loss: 0.0932 (NT-Xent: 0.1751, Consistency: 0.0000)
2026-01-02 23:27:57,840 - __main__ - INFO - Epoch 10/20 - Val Loss: 0.6070
2026-01-02 23:27:57,849 - __main__ - INFO - Current LR: 0.000500
2026-01-02 23:28:01,827 - __main__ - INFO - Epoch 12/20 - Loss: 0.0796 (NT-Xent: 0.1599, Consistency: 0.0000)
2026-01-02 23:28:02,224 - __main__ - INFO - Epoch 12/20 - Val Loss: 0.1569
2026-01-02 23:28:02,224 - __main__ - INFO - Current LR: 0.000345
2026-01-02 23:28:06,182 - __main__ - INFO - Epoch 14/20 - Loss: 0.0902 (NT-Xent: 0.1577, Consistency: 0.0000)
2026-01-02 23:28:06,580 - __main__ - INFO - Epoch 14/20 - Val Loss: 0.5966
2026-01-02 23:28:06,580 - __main__ - INFO - Current LR: 0.000206
2026-01-02 23:28:10,619 - __main__ - INFO - Epoch 16/20 - Loss: 0.0890 (NT-Xent: 0.1520, Consistency: 0.0000)
2026-01-02 23:28:11,049 - __main__ - INFO - Epoch 16/20 - Val Loss: 0.2993
2026-01-02 23:28:11,050 - __main__ - INFO - Current LR: 0.000095
2026-01-02 23:28:15,054 - __main__ - INFO - Epoch 18/20 - Loss: 0.0586 (NT-Xent: 0.1292, Consistency: 0.0000)
2026-01-02 23:28:15,443 - __main__ - INFO - Epoch 18/20 - Val Loss: 0.3163
2026-01-02 23:28:15,443 - __main__ - INFO - Current LR: 0.000024
2026-01-02 23:28:19,545 - __main__ - INFO - Epoch 20/20 - Loss: 0.0821 (NT-Xent: 0.1486, Consistency: 0.0000)
2026-01-02 23:28:19,944 - __main__ - INFO - Epoch 20/20 - Val Loss: 0.6635
2026-01-02 23:28:19,952 - __main__ - INFO - Current LR: 0.000000
2026-01-02 23:28:19,952 - __main__ - INFO - Training complete!
