2026-01-14 02:52:09,885 - __main__ - INFO - Starting training with config: gnn_training/config/full_training_diff_amps_comparators_all.yaml
2026-01-14 02:52:09,885 - __main__ - INFO - Config: {
  "data": {
    "batch_size": 8,
    "cache_graphs": false,
    "data_dir": "/home/karthik/sim_clean/AMS-opt/netlists",
    "family_balance": "equal",
    "pos_neg_ratio": 1.0,
    "shuffle": true,
    "circuits": {
      "diff_amps": [
        69,
        71,
        75,
        77,
        80,
        82,
        84,
        86,
        88,
        90,
        92,
        94,
        96,
        97,
        614,
        615,
        616,
        617,
        618,
        619,
        620,
        621,
        921,
        922,
        923,
        924,
        925,
        926,
        927,
        928,
        929,
        930,
        931,
        932
      ],
      "comparators": [
        632,
        633,
        634,
        635,
        738,
        740,
        741,
        742,
        746,
        747,
        748,
        749,
        1045,
        1046,
        1047,
        1048,
        1049,
        1050,
        1051,
        1053,
        1054,
        1055,
        1056,
        1057,
        1058,
        1059,
        1060,
        1062,
        1063,
        1065,
        1071,
        1073
      ]
    },
    "test_circuits": {
      "diff_amps": [
        94,
        97
      ],
      "comparators": [
        1073
      ]
    }
  },
  "early_stopping": {
    "min_delta": 0.0001,
    "patience": 10
  },
  "logging": {
    "log_level": "INFO",
    "tensorboard_dir": "./logs_full_training",
    "verbose": true
  },
  "loss": {
    "hard_neg_weight": 1.0,
    "temperature": 0.07,
    "type": "nt_xent",
    "nt_xent_weight": 0.9,
    "consistency": {
      "enabled": true,
      "type": "margin",
      "weight": 0.1,
      "margin": 0.7,
      "max_dist": 1.0,
      "temperature": 1.0
    }
  },
  "model": {
    "dropout": 0.1,
    "embedding_dim": 128,
    "hidden_dims": [
      64,
      64,
      32
    ],
    "input_dim": 79,
    "projection_dim": 128,
    "use_batch_norm": true
  },
  "optimizer": {
    "betas": [
      0.9,
      0.999
    ],
    "lr": 0.0005,
    "type": "adam",
    "weight_decay": 1e-05
  },
  "scheduler": {
    "type": "cosine"
  },
  "training": {
    "checkpoint_dir": "./checkpoints_full_training",
    "device": "cpu",
    "epochs": 20,
    "log_interval": 2,
    "seed": 42,
    "val_interval": 2
  }
}
2026-01-14 02:52:09,885 - __main__ - INFO - Using device: cpu
2026-01-14 02:52:09,889 - __main__ - INFO - Model architecture:
ContrastiveGINModel(
  (encoder): GINEncoder(
    (gin_layers): ModuleList(
      (0): GINConv(
        (mlp): Sequential(
          (0): Linear(in_features=79, out_features=64, bias=True)
          (1): ReLU()
          (2): Linear(in_features=64, out_features=64, bias=True)
        )
      )
      (1): GINConv(
        (mlp): Sequential(
          (0): Linear(in_features=64, out_features=64, bias=True)
          (1): ReLU()
          (2): Linear(in_features=64, out_features=64, bias=True)
        )
      )
      (2): GINConv(
        (mlp): Sequential(
          (0): Linear(in_features=64, out_features=32, bias=True)
          (1): ReLU()
          (2): Linear(in_features=32, out_features=32, bias=True)
        )
      )
    )
    (batch_norms): ModuleList(
      (0-1): 2 x BatchNorm1d(64, eps=1e-05, momentum=0.1, affine=True, track_running_stats=True)
      (2): BatchNorm1d(32, eps=1e-05, momentum=0.1, affine=True, track_running_stats=True)
    )
    (dropout): Dropout(p=0.1, inplace=False)
    (readout_mlp): Sequential(
      (0): Linear(in_features=32, out_features=128, bias=True)
      (1): ReLU()
      (2): Linear(in_features=128, out_features=128, bias=True)
    )
  )
  (projection_head): ProjectionHead(
    (mlp): Sequential(
      (0): Linear(in_features=128, out_features=128, bias=True)
      (1): ReLU()
      (2): Linear(in_features=128, out_features=128, bias=True)
    )
  )
)
2026-01-14 02:52:09,889 - __main__ - INFO - Loss function: nt_xent
2026-01-14 02:52:09,889 - __main__ - INFO - NT-Xent weight: 0.9
2026-01-14 02:52:09,889 - __main__ - INFO - Consistency loss enabled: type=margin, weight=0.1
2026-01-14 02:52:10,442 - __main__ - INFO - Optimizer: adam
2026-01-14 02:52:10,447 - __main__ - INFO - Train circuits: {'diff_amps': [69, 71, 75, 77, 80, 82, 84, 86, 88, 90, 92, 96, 614, 615, 616, 617, 618, 619, 620, 621, 921, 922, 923, 924, 925, 926, 927, 928, 929, 930, 931, 932], 'comparators': [632, 633, 634, 635, 738, 740, 741, 742, 746, 747, 748, 749, 1045, 1046, 1047, 1048, 1049, 1050, 1051, 1053, 1054, 1055, 1056, 1057, 1058, 1059, 1060, 1062, 1063, 1065, 1071]}
2026-01-14 02:52:10,447 - __main__ - INFO - Test circuits: {'diff_amps': [94, 97], 'comparators': [1073]}
2026-01-14 02:52:11,524 - __main__ - INFO - Starting training...
2026-01-14 02:52:17,431 - __main__ - INFO - Epoch 2/20 - Loss: 0.0707 (NT-Xent: 0.1180, Consistency: 0.4937)
2026-01-14 02:52:17,845 - __main__ - INFO - Epoch 2/20 - Val Loss: 0.2599
2026-01-14 02:52:17,845 - __main__ - INFO - Current LR: 0.000488
2026-01-14 02:52:23,590 - __main__ - INFO - Epoch 4/20 - Loss: 0.0543 (NT-Xent: 0.0962, Consistency: 0.5216)
2026-01-14 02:52:24,027 - __main__ - INFO - Epoch 4/20 - Val Loss: 0.9637
2026-01-14 02:52:24,028 - __main__ - INFO - Current LR: 0.000452
2026-01-14 02:52:30,040 - __main__ - INFO - Epoch 6/20 - Loss: 0.0825 (NT-Xent: 0.0777, Consistency: 0.5936)
2026-01-14 02:52:30,466 - __main__ - INFO - Epoch 6/20 - Val Loss: 0.1717
2026-01-14 02:52:30,466 - __main__ - INFO - Current LR: 0.000397
2026-01-14 02:52:36,543 - __main__ - INFO - Epoch 8/20 - Loss: 0.0365 (NT-Xent: 0.0309, Consistency: 0.5514)
2026-01-14 02:52:37,010 - __main__ - INFO - Epoch 8/20 - Val Loss: 0.2398
2026-01-14 02:52:37,011 - __main__ - INFO - Current LR: 0.000327
2026-01-14 02:52:43,249 - __main__ - INFO - Epoch 10/20 - Loss: 0.0845 (NT-Xent: 0.0951, Consistency: 0.5449)
2026-01-14 02:52:43,670 - __main__ - INFO - Epoch 10/20 - Val Loss: 0.2833
2026-01-14 02:52:43,681 - __main__ - INFO - Current LR: 0.000250
2026-01-14 02:52:49,915 - __main__ - INFO - Epoch 12/20 - Loss: 0.0346 (NT-Xent: 0.0313, Consistency: 0.5063)
2026-01-14 02:52:50,340 - __main__ - INFO - Epoch 12/20 - Val Loss: 0.5189
2026-01-14 02:52:50,340 - __main__ - INFO - Current LR: 0.000173
2026-01-14 02:52:56,622 - __main__ - INFO - Epoch 14/20 - Loss: 0.0700 (NT-Xent: 0.0562, Consistency: 0.5323)
2026-01-14 02:52:57,022 - __main__ - INFO - Epoch 14/20 - Val Loss: 0.2270
2026-01-14 02:52:57,022 - __main__ - INFO - Current LR: 0.000103
2026-01-14 02:53:03,288 - __main__ - INFO - Epoch 16/20 - Loss: 0.0433 (NT-Xent: 0.0317, Consistency: 0.5067)
2026-01-14 02:53:03,705 - __main__ - INFO - Epoch 16/20 - Val Loss: 0.4362
2026-01-14 02:53:03,706 - __main__ - INFO - Current LR: 0.000048
2026-01-14 02:53:09,867 - __main__ - INFO - Epoch 18/20 - Loss: 0.0296 (NT-Xent: 0.0119, Consistency: 0.5378)
2026-01-14 02:53:10,294 - __main__ - INFO - Epoch 18/20 - Val Loss: 0.1729
2026-01-14 02:53:10,295 - __main__ - INFO - Current LR: 0.000012
2026-01-14 02:53:16,526 - __main__ - INFO - Epoch 20/20 - Loss: 0.0278 (NT-Xent: 0.0100, Consistency: 0.4974)
2026-01-14 02:53:16,976 - __main__ - INFO - Epoch 20/20 - Val Loss: 0.3043
2026-01-14 02:53:16,985 - __main__ - INFO - Current LR: 0.000000
2026-01-14 02:53:16,985 - __main__ - INFO - Training complete!
