2026-01-14 08:58:19,519 - __main__ - INFO - Starting training with config: gnn_training/config/full_training_diff_amps_comparators_all.yaml
2026-01-14 08:58:19,519 - __main__ - INFO - Config: {
  "data": {
    "batch_size": 8,
    "cache_graphs": false,
    "data_dir": "/home/karthik/sim_clean/AMS-opt/netlists",
    "family_balance": "equal",
    "pos_neg_ratio": 1.0,
    "shuffle": true,
    "circuits": {
      "diff_amps": [
        69,
        71,
        75,
        77,
        80,
        82,
        84,
        86,
        88,
        90,
        92,
        94,
        96,
        97,
        614,
        615,
        616,
        617,
        618,
        619,
        620,
        621,
        921,
        922,
        923,
        924,
        925,
        926,
        927,
        928,
        929,
        930,
        931,
        932
      ],
      "comparators": [
        632,
        633,
        634,
        635,
        738,
        740,
        741,
        742,
        746,
        747,
        748,
        749,
        1045,
        1046,
        1047,
        1048,
        1049,
        1050,
        1051,
        1053,
        1054,
        1055,
        1056,
        1057,
        1058,
        1059,
        1060,
        1062,
        1063,
        1065,
        1071,
        1073
      ]
    },
    "test_circuits": {
      "diff_amps": [
        94,
        97
      ],
      "comparators": [
        1073
      ]
    }
  },
  "early_stopping": {
    "min_delta": 0.0001,
    "patience": 10
  },
  "logging": {
    "log_level": "INFO",
    "tensorboard_dir": "./logs_full_training",
    "verbose": true
  },
  "loss": {
    "hard_neg_weight": 1.0,
    "temperature": 0.07,
    "type": "nt_xent",
    "nt_xent_weight": 0.9,
    "consistency": {
      "enabled": true,
      "type": "margin",
      "weight": 0.1,
      "margin": 0.7,
      "max_dist": 1.0,
      "temperature": 1.0
    }
  },
  "model": {
    "dropout": 0.1,
    "embedding_dim": 128,
    "hidden_dims": [
      64,
      64,
      32
    ],
    "input_dim": 79,
    "projection_dim": 128,
    "use_batch_norm": true
  },
  "optimizer": {
    "betas": [
      0.9,
      0.999
    ],
    "lr": 0.001,
    "type": "adam",
    "weight_decay": 1e-05
  },
  "scheduler": {
    "type": "cosine"
  },
  "training": {
    "checkpoint_dir": "./checkpoints_full_training",
    "device": "cpu",
    "epochs": 20,
    "log_interval": 2,
    "seed": 42,
    "val_interval": 2
  }
}
2026-01-14 08:58:19,519 - __main__ - INFO - Using device: cpu
2026-01-14 08:58:19,522 - __main__ - INFO - Model architecture:
ContrastiveGINModel(
  (encoder): GINEncoder(
    (gin_layers): ModuleList(
      (0): GINConv(
        (mlp): Sequential(
          (0): Linear(in_features=79, out_features=64, bias=True)
          (1): ReLU()
          (2): Linear(in_features=64, out_features=64, bias=True)
        )
      )
      (1): GINConv(
        (mlp): Sequential(
          (0): Linear(in_features=64, out_features=64, bias=True)
          (1): ReLU()
          (2): Linear(in_features=64, out_features=64, bias=True)
        )
      )
      (2): GINConv(
        (mlp): Sequential(
          (0): Linear(in_features=64, out_features=32, bias=True)
          (1): ReLU()
          (2): Linear(in_features=32, out_features=32, bias=True)
        )
      )
    )
    (batch_norms): ModuleList(
      (0-1): 2 x BatchNorm1d(64, eps=1e-05, momentum=0.1, affine=True, track_running_stats=True)
      (2): BatchNorm1d(32, eps=1e-05, momentum=0.1, affine=True, track_running_stats=True)
    )
    (dropout): Dropout(p=0.1, inplace=False)
    (readout_mlp): Sequential(
      (0): Linear(in_features=32, out_features=128, bias=True)
      (1): ReLU()
      (2): Linear(in_features=128, out_features=128, bias=True)
    )
  )
  (projection_head): ProjectionHead(
    (mlp): Sequential(
      (0): Linear(in_features=128, out_features=128, bias=True)
      (1): ReLU()
      (2): Linear(in_features=128, out_features=128, bias=True)
    )
  )
)
2026-01-14 08:58:19,522 - __main__ - INFO - Loss function: nt_xent
2026-01-14 08:58:19,522 - __main__ - INFO - NT-Xent weight: 0.9
2026-01-14 08:58:19,523 - __main__ - INFO - Consistency loss enabled: type=margin, weight=0.1
2026-01-14 08:58:20,076 - __main__ - INFO - Optimizer: adam
2026-01-14 08:58:20,081 - __main__ - INFO - Train circuits: {'diff_amps': [69, 71, 75, 77, 80, 82, 84, 86, 88, 90, 92, 96, 614, 615, 616, 617, 618, 619, 620, 621, 921, 922, 923, 924, 925, 926, 927, 928, 929, 930, 931, 932], 'comparators': [632, 633, 634, 635, 738, 740, 741, 742, 746, 747, 748, 749, 1045, 1046, 1047, 1048, 1049, 1050, 1051, 1053, 1054, 1055, 1056, 1057, 1058, 1059, 1060, 1062, 1063, 1065, 1071]}
2026-01-14 08:58:20,081 - __main__ - INFO - Test circuits: {'diff_amps': [94, 97], 'comparators': [1073]}
2026-01-14 08:58:21,165 - __main__ - INFO - Starting training...
2026-01-14 08:58:26,045 - __main__ - INFO - Epoch 2/20 - Loss: 0.1954 (NT-Xent: 0.1563, Consistency: 0.5470)
2026-01-14 08:58:26,450 - __main__ - INFO - Epoch 2/20 - Val Loss: 0.1388
2026-01-14 08:58:26,451 - __main__ - INFO - Current LR: 0.000976
2026-01-14 08:58:31,199 - __main__ - INFO - Epoch 4/20 - Loss: 0.2927 (NT-Xent: 0.2582, Consistency: 0.6025)
2026-01-14 08:58:31,642 - __main__ - INFO - Epoch 4/20 - Val Loss: 0.2482
2026-01-14 08:58:31,643 - __main__ - INFO - Current LR: 0.000905
2026-01-14 08:58:36,389 - __main__ - INFO - Epoch 6/20 - Loss: 0.3116 (NT-Xent: 0.2634, Consistency: 0.7461)
2026-01-14 08:58:36,789 - __main__ - INFO - Epoch 6/20 - Val Loss: 0.1537
2026-01-14 08:58:36,789 - __main__ - INFO - Current LR: 0.000794
2026-01-14 08:58:41,725 - __main__ - INFO - Epoch 8/20 - Loss: 0.1829 (NT-Xent: 0.1327, Consistency: 0.6349)
2026-01-14 08:58:42,171 - __main__ - INFO - Epoch 8/20 - Val Loss: 0.1524
2026-01-14 08:58:42,171 - __main__ - INFO - Current LR: 0.000655
2026-01-14 08:58:47,214 - __main__ - INFO - Epoch 10/20 - Loss: 0.1927 (NT-Xent: 0.1359, Consistency: 0.7040)
2026-01-14 08:58:47,610 - __main__ - INFO - Epoch 10/20 - Val Loss: 0.2371
2026-01-14 08:58:47,619 - __main__ - INFO - Current LR: 0.000500
2026-01-14 08:58:52,657 - __main__ - INFO - Epoch 12/20 - Loss: 0.1629 (NT-Xent: 0.1057, Consistency: 0.6781)
2026-01-14 08:58:53,065 - __main__ - INFO - Epoch 12/20 - Val Loss: 0.1509
2026-01-14 08:58:53,065 - __main__ - INFO - Current LR: 0.000345
2026-01-14 08:58:58,058 - __main__ - INFO - Epoch 14/20 - Loss: 0.1766 (NT-Xent: 0.1286, Consistency: 0.6092)
2026-01-14 08:58:58,458 - __main__ - INFO - Epoch 14/20 - Val Loss: 0.1970
2026-01-14 08:58:58,458 - __main__ - INFO - Current LR: 0.000206
2026-01-14 08:59:03,463 - __main__ - INFO - Epoch 16/20 - Loss: 0.1885 (NT-Xent: 0.1429, Consistency: 0.5993)
2026-01-14 08:59:03,850 - __main__ - INFO - Epoch 16/20 - Val Loss: 0.1693
2026-01-14 08:59:03,850 - __main__ - INFO - Current LR: 0.000095
2026-01-14 08:59:08,734 - __main__ - INFO - Epoch 18/20 - Loss: 0.1189 (NT-Xent: 0.0601, Consistency: 0.6476)
2026-01-14 08:59:09,120 - __main__ - INFO - Epoch 18/20 - Val Loss: 0.5991
2026-01-14 08:59:09,120 - __main__ - INFO - Current LR: 0.000024
2026-01-14 08:59:14,124 - __main__ - INFO - Epoch 20/20 - Loss: 0.1476 (NT-Xent: 0.1009, Consistency: 0.5676)
2026-01-14 08:59:14,516 - __main__ - INFO - Epoch 20/20 - Val Loss: 0.2354
2026-01-14 08:59:14,524 - __main__ - INFO - Current LR: 0.000000
2026-01-14 08:59:14,524 - __main__ - INFO - Training complete!
