2026-04-12 14:10:19,046 - __main__ - INFO - Starting training with config: gnn_training/config/full_training_diff_amps_comparators_LDO_opamp_all.yaml
2026-04-12 14:10:19,047 - __main__ - INFO - Config: {
  "data": {
    "batch_size": 32,
    "cache_graphs": false,
    "data_dir": "/home/karthik/sim_clean/AMS-opt/AMS-opt/netlists",
    "family_balance": "equal",
    "pos_neg_ratio": 1.0,
    "shuffle": true,
    "circuits": {
      "diff_amps": [
        69,
        71,
        75,
        77,
        80,
        82,
        84,
        86,
        88,
        90,
        92,
        94,
        96,
        97,
        614,
        615,
        616,
        617,
        618,
        619,
        620,
        621,
        921,
        922,
        923,
        924,
        925,
        926,
        927,
        928,
        929,
        930,
        931,
        932
      ],
      "comparators": [
        632,
        633,
        634,
        635,
        738,
        740,
        741,
        742,
        746,
        747,
        748,
        749,
        1045,
        1046,
        1047,
        1048,
        1049,
        1050,
        1051,
        1053,
        1054,
        1055,
        1056,
        1057,
        1058,
        1059,
        1060,
        1062,
        1063,
        1065,
        1071,
        1073
      ],
      "LDO": [
        2300,
        2301,
        2302,
        2303,
        2304,
        2305,
        2306,
        2307,
        2308,
        2309,
        2310,
        2311,
        2312,
        2313,
        2314,
        2315,
        2316,
        2317,
        2318,
        2319,
        2320,
        2321,
        2322,
        2323,
        2324,
        2325,
        2326,
        2327,
        2328,
        2329,
        2330,
        2331,
        2332,
        2333,
        2334,
        2335,
        2336,
        2337,
        2338,
        2339,
        2340,
        2341,
        2342,
        2343,
        2344,
        2345,
        2346,
        2347,
        2348,
        2349,
        2350
      ],
      "op-amp": [
        281,
        282,
        283,
        284,
        287,
        289,
        290,
        293,
        294,
        295,
        296,
        297,
        299,
        300,
        302,
        303,
        304,
        305,
        306,
        307,
        308,
        309,
        310,
        311,
        312,
        314,
        315,
        316,
        317,
        318,
        319,
        320,
        321,
        322,
        323,
        324,
        325,
        326,
        327,
        328,
        329,
        331,
        332,
        333,
        334,
        335,
        336
      ]
    },
    "test_circuits": {
      "diff_amps": [
        82,
        96,
        615,
        619,
        620,
        923,
        927
      ],
      "comparators": [
        632,
        742,
        1046,
        1054,
        1057,
        1060,
        1062
      ],
      "LDO": [
        2300,
        2305,
        2309,
        2311,
        2318,
        2319,
        2325,
        2327,
        2338,
        2345,
        2350
      ],
      "op-amp": [
        282,
        290,
        299,
        303,
        306,
        308,
        317,
        318,
        319,
        328
      ]
    }
  },
  "early_stopping": {
    "min_delta": 0.0001,
    "patience": 10
  },
  "logging": {
    "log_level": "INFO",
    "tensorboard_dir": "./logs_full_training",
    "verbose": true
  },
  "loss": {
    "hard_neg_weight": 1.0,
    "temperature": 0.07,
    "type": "nt_xent",
    "sg_vs_skg": true,
    "sg_vs_skg_weight": 2,
    "nt_xent_weight": 0.8,
    "consistency": {
      "enabled": true,
      "type": "mse",
      "weight": 0.2,
      "max_dist": 1.0
    }
  },
  "model": {
    "dropout": 0.1,
    "embedding_dim": 128,
    "hidden_dims": [
      64,
      64,
      32
    ],
    "input_dim": 329,
    "projection_dim": 128,
    "use_batch_norm": true
  },
  "optimizer": {
    "betas": [
      0.9,
      0.999
    ],
    "lr": 0.001,
    "type": "adam",
    "weight_decay": 1e-05
  },
  "scheduler": {
    "type": "cosine"
  },
  "training": {
    "checkpoint_dir": "./checkpoints_sg_vs_skg",
    "device": "cuda",
    "epochs": 20,
    "log_interval": 2,
    "seed": 42,
    "val_interval": 2
  },
  "testing": {
    "remove_knowledge_graph": true
  }
}
2026-04-12 14:10:19,151 - __main__ - INFO - Using device: cuda
2026-04-12 14:10:19,350 - __main__ - INFO - Model architecture:
ContrastiveGINModel(
  (encoder): GINEncoder(
    (gin_layers): ModuleList(
      (0): GINConv(
        (mlp): Sequential(
          (0): Linear(in_features=329, out_features=64, bias=True)
          (1): ReLU()
          (2): Linear(in_features=64, out_features=64, bias=True)
        )
      )
      (1): GINConv(
        (mlp): Sequential(
          (0): Linear(in_features=64, out_features=64, bias=True)
          (1): ReLU()
          (2): Linear(in_features=64, out_features=64, bias=True)
        )
      )
      (2): GINConv(
        (mlp): Sequential(
          (0): Linear(in_features=64, out_features=32, bias=True)
          (1): ReLU()
          (2): Linear(in_features=32, out_features=32, bias=True)
        )
      )
    )
    (batch_norms): ModuleList(
      (0-1): 2 x BatchNorm1d(64, eps=1e-05, momentum=0.1, affine=True, track_running_stats=True)
      (2): BatchNorm1d(32, eps=1e-05, momentum=0.1, affine=True, track_running_stats=True)
    )
    (dropout): Dropout(p=0.1, inplace=False)
    (readout_mlp): Sequential(
      (0): Linear(in_features=32, out_features=128, bias=True)
      (1): ReLU()
      (2): Linear(in_features=128, out_features=128, bias=True)
    )
  )
  (projection_head): ProjectionHead(
    (mlp): Sequential(
      (0): Linear(in_features=128, out_features=128, bias=True)
      (1): ReLU()
      (2): Linear(in_features=128, out_features=128, bias=True)
    )
  )
)
2026-04-12 14:10:19,350 - __main__ - INFO - Treating SG vs SG+KG pairs as positive pairs with PositiveOnlyContrastiveLoss
2026-04-12 14:10:19,350 - __main__ - INFO - Loss function: nt_xent
2026-04-12 14:10:19,350 - __main__ - INFO - NT-Xent weight: 0.8
2026-04-12 14:10:19,350 - __main__ - INFO - Consistency loss enabled: type=mse, weight=0.2
2026-04-12 14:10:19,915 - __main__ - INFO - Optimizer: adam
2026-04-12 14:10:19,922 - __main__ - INFO - Train circuits: {'diff_amps': [69, 71, 75, 77, 80, 84, 86, 88, 90, 92, 94, 97, 614, 616, 617, 618, 621, 921, 922, 924, 925, 926, 928, 929, 930, 931, 932], 'comparators': [633, 634, 635, 738, 740, 741, 746, 747, 748, 749, 1045, 1047, 1048, 1049, 1050, 1051, 1053, 1055, 1056, 1058, 1059, 1063, 1065, 1071, 1073], 'LDO': [2301, 2302, 2303, 2304, 2306, 2307, 2308, 2310, 2312, 2313, 2314, 2315, 2316, 2317, 2320, 2321, 2322, 2323, 2324, 2326, 2328, 2329, 2330, 2331, 2332, 2333, 2334, 2335, 2336, 2337, 2339, 2340, 2341, 2342, 2343, 2344, 2346, 2347, 2348, 2349], 'op-amp': [281, 283, 284, 287, 289, 293, 294, 295, 296, 297, 300, 302, 304, 305, 307, 309, 310, 311, 312, 314, 315, 316, 320, 321, 322, 323, 324, 325, 326, 327, 329, 331, 332, 333, 334, 335, 336]}
2026-04-12 14:10:19,922 - __main__ - INFO - Test circuits: {'diff_amps': [82, 96, 615, 619, 620, 923, 927], 'comparators': [632, 742, 1046, 1054, 1057, 1060, 1062], 'LDO': [2300, 2305, 2309, 2311, 2318, 2319, 2325, 2327, 2338, 2345, 2350], 'op-amp': [282, 290, 299, 303, 306, 308, 317, 318, 319, 328]}
2026-04-12 14:10:30,872 - __main__ - INFO - Starting training...
2026-04-12 14:10:59,282 - __main__ - INFO - Epoch 2/20 - Loss: -1.2785 (NT-Xent: 0.6492, Consistency: 0.2365, SG-vs-SKG: -0.9226)
2026-04-12 14:11:02,056 - __main__ - INFO - Epoch 2/20 - Val Loss: -0.4822
2026-04-12 14:11:02,056 - __main__ - INFO - Validation Components - NT-Xent: 0.5514, Consistency: 0.3666, SG-vs-SKG: -0.4983
2026-04-12 14:11:02,067 - __main__ - INFO - Current LR: 0.000976
2026-04-12 14:11:29,776 - __main__ - INFO - Epoch 4/20 - Loss: -1.4926 (NT-Xent: 0.3977, Consistency: 0.2242, SG-vs-SKG: -0.9278)
2026-04-12 14:11:32,583 - __main__ - INFO - Epoch 4/20 - Val Loss: -0.0249
2026-04-12 14:11:32,583 - __main__ - INFO - Validation Components - NT-Xent: 0.6120, Consistency: 0.3403, SG-vs-SKG: -0.2913
2026-04-12 14:11:32,584 - __main__ - INFO - Current LR: 0.000905
2026-04-12 14:11:59,663 - __main__ - INFO - Epoch 6/20 - Loss: -1.5723 (NT-Xent: 0.3235, Consistency: 0.1961, SG-vs-SKG: -0.9352)
2026-04-12 14:12:02,209 - __main__ - INFO - Epoch 6/20 - Val Loss: -0.1445
2026-04-12 14:12:02,209 - __main__ - INFO - Validation Components - NT-Xent: 0.8209, Consistency: 0.3529, SG-vs-SKG: -0.4359
2026-04-12 14:12:02,210 - __main__ - INFO - Current LR: 0.000794
2026-04-12 14:12:29,533 - __main__ - INFO - Epoch 8/20 - Loss: -1.6188 (NT-Xent: 0.2962, Consistency: 0.1914, SG-vs-SKG: -0.9470)
2026-04-12 14:12:32,111 - __main__ - INFO - Epoch 8/20 - Val Loss: -0.3778
2026-04-12 14:12:32,111 - __main__ - INFO - Validation Components - NT-Xent: 0.7354, Consistency: 0.4170, SG-vs-SKG: -0.5248
2026-04-12 14:12:32,112 - __main__ - INFO - Current LR: 0.000655
2026-04-12 14:12:59,268 - __main__ - INFO - Epoch 10/20 - Loss: -1.6451 (NT-Xent: 0.2771, Consistency: 0.1849, SG-vs-SKG: -0.9519)
2026-04-12 14:13:01,953 - __main__ - INFO - Epoch 10/20 - Val Loss: -0.2350
2026-04-12 14:13:01,954 - __main__ - INFO - Validation Components - NT-Xent: 0.5259, Consistency: 0.3682, SG-vs-SKG: -0.3647
2026-04-12 14:13:01,962 - __main__ - INFO - Current LR: 0.000500
2026-04-12 14:13:28,712 - __main__ - INFO - Epoch 12/20 - Loss: -1.6887 (NT-Xent: 0.2512, Consistency: 0.1741, SG-vs-SKG: -0.9622)
2026-04-12 14:13:31,338 - __main__ - INFO - Epoch 12/20 - Val Loss: -0.5172
2026-04-12 14:13:31,338 - __main__ - INFO - Validation Components - NT-Xent: 0.5167, Consistency: 0.3811, SG-vs-SKG: -0.5034
2026-04-12 14:13:31,347 - __main__ - INFO - Current LR: 0.000345
2026-04-12 14:13:58,060 - __main__ - INFO - Epoch 14/20 - Loss: -1.7053 (NT-Xent: 0.2436, Consistency: 0.1760, SG-vs-SKG: -0.9677)
2026-04-12 14:14:00,652 - __main__ - INFO - Epoch 14/20 - Val Loss: -0.1971
2026-04-12 14:14:00,652 - __main__ - INFO - Validation Components - NT-Xent: 0.6355, Consistency: 0.4092, SG-vs-SKG: -0.3937
2026-04-12 14:14:00,653 - __main__ - INFO - Current LR: 0.000206
2026-04-12 14:14:27,487 - __main__ - INFO - Epoch 16/20 - Loss: -1.7318 (NT-Xent: 0.2217, Consistency: 0.1735, SG-vs-SKG: -0.9720)
2026-04-12 14:14:30,099 - __main__ - INFO - Epoch 16/20 - Val Loss: -0.2415
2026-04-12 14:14:30,099 - __main__ - INFO - Validation Components - NT-Xent: 0.6404, Consistency: 0.3826, SG-vs-SKG: -0.4152
2026-04-12 14:14:30,100 - __main__ - INFO - Current LR: 0.000095
2026-04-12 14:14:57,131 - __main__ - INFO - Epoch 18/20 - Loss: -1.7372 (NT-Xent: 0.2177, Consistency: 0.1757, SG-vs-SKG: -0.9732)
2026-04-12 14:14:59,795 - __main__ - INFO - Epoch 18/20 - Val Loss: -0.4459
2026-04-12 14:14:59,795 - __main__ - INFO - Validation Components - NT-Xent: 0.4112, Consistency: 0.3658, SG-vs-SKG: -0.4240
2026-04-12 14:14:59,795 - __main__ - INFO - Current LR: 0.000024
2026-04-12 14:15:28,588 - __main__ - INFO - Epoch 20/20 - Loss: -1.7428 (NT-Xent: 0.2107, Consistency: 0.1718, SG-vs-SKG: -0.9729)
2026-04-12 14:15:31,943 - __main__ - INFO - Epoch 20/20 - Val Loss: -0.5028
2026-04-12 14:15:31,943 - __main__ - INFO - Validation Components - NT-Xent: 0.7436, Consistency: 0.4029, SG-vs-SKG: -0.5891
2026-04-12 14:15:31,954 - __main__ - INFO - Current LR: 0.000000
2026-04-12 14:15:31,954 - __main__ - INFO - Training complete!
