2026-01-02 20:11:03,763 - __main__ - INFO - Starting training with config: gnn_training/config/full_training_config.yaml
2026-01-02 20:11:03,763 - __main__ - INFO - Config: {
  "data": {
    "batch_size": 8,
    "cache_graphs": false,
    "circuits": {
      "comparators": [
        1051,
        1065,
        1045,
        1046,
        1071
      ],
      "diff_amps": [
        86,
        84,
        94
      ]
    },
    "data_dir": "/home/karthik/sim_clean/AMS-opt/netlists",
    "family_balance": "equal",
    "pos_neg_ratio": 1.0,
    "shuffle": true,
    "test_circuits": {
      "comparators": [
        1073
      ],
      "diff_amps": [
        75,
        77
      ]
    }
  },
  "early_stopping": {
    "min_delta": 0.0001,
    "patience": 10
  },
  "logging": {
    "log_level": "INFO",
    "tensorboard_dir": "./logs_full_training",
    "verbose": true
  },
  "loss": {
    "hard_neg_weight": 1.0,
    "temperature": 0.07,
    "type": "nt_xent",
    "consistency": {
      "enabled": true,
      "type": "margin",
      "weight": 0.1,
      "margin": 0.5,
      "max_dist": 1.0,
      "temperature": 1.0
    }
  },
  "model": {
    "dropout": 0.1,
    "embedding_dim": 128,
    "hidden_dims": [
      64,
      64,
      32
    ],
    "input_dim": 26,
    "projection_dim": 128,
    "use_batch_norm": true
  },
  "optimizer": {
    "betas": [
      0.9,
      0.999
    ],
    "lr": 0.001,
    "type": "adam",
    "weight_decay": 1e-05
  },
  "scheduler": {
    "type": "cosine"
  },
  "training": {
    "checkpoint_dir": "./checkpoints_full_training",
    "device": "cpu",
    "epochs": 20,
    "log_interval": 2,
    "seed": 42,
    "val_interval": 2
  }
}
2026-01-02 20:11:03,764 - __main__ - INFO - Using device: cpu
2026-01-02 20:11:03,767 - __main__ - INFO - Model architecture:
ContrastiveGINModel(
  (encoder): GINEncoder(
    (gin_layers): ModuleList(
      (0): GINConv(
        (mlp): Sequential(
          (0): Linear(in_features=26, out_features=64, bias=True)
          (1): ReLU()
          (2): Linear(in_features=64, out_features=64, bias=True)
        )
      )
      (1): GINConv(
        (mlp): Sequential(
          (0): Linear(in_features=64, out_features=64, bias=True)
          (1): ReLU()
          (2): Linear(in_features=64, out_features=64, bias=True)
        )
      )
      (2): GINConv(
        (mlp): Sequential(
          (0): Linear(in_features=64, out_features=32, bias=True)
          (1): ReLU()
          (2): Linear(in_features=32, out_features=32, bias=True)
        )
      )
    )
    (batch_norms): ModuleList(
      (0-1): 2 x BatchNorm1d(64, eps=1e-05, momentum=0.1, affine=True, track_running_stats=True)
      (2): BatchNorm1d(32, eps=1e-05, momentum=0.1, affine=True, track_running_stats=True)
    )
    (dropout): Dropout(p=0.1, inplace=False)
    (readout_mlp): Sequential(
      (0): Linear(in_features=32, out_features=128, bias=True)
      (1): ReLU()
      (2): Linear(in_features=128, out_features=128, bias=True)
    )
  )
  (projection_head): ProjectionHead(
    (mlp): Sequential(
      (0): Linear(in_features=128, out_features=128, bias=True)
      (1): ReLU()
      (2): Linear(in_features=128, out_features=128, bias=True)
    )
  )
)
2026-01-02 20:11:03,767 - __main__ - INFO - Loss function: nt_xent
2026-01-02 20:11:03,767 - __main__ - INFO - Consistency loss enabled: type=margin, weight=0.1
2026-01-02 20:11:04,327 - __main__ - INFO - Optimizer: adam
2026-01-02 20:11:04,331 - __main__ - INFO - Train circuits: {'comparators': [1051, 1065, 1045, 1046, 1071], 'diff_amps': [86, 84, 94]}
2026-01-02 20:11:04,331 - __main__ - INFO - Test circuits: {'comparators': [1073], 'diff_amps': [75, 77]}
2026-01-02 20:11:04,340 - __main__ - INFO - Starting training...
2026-01-02 20:11:08,141 - __main__ - INFO - Epoch 2/20 - Loss: 0.1925 (NT-Xent: 0.3280, Consistency: 0.0000)
2026-01-02 20:11:08,522 - __main__ - INFO - Epoch 2/20 - Val Loss: 0.2910
2026-01-02 20:11:08,523 - __main__ - INFO - Current LR: 0.000976
2026-01-02 20:11:12,275 - __main__ - INFO - Epoch 4/20 - Loss: 0.1327 (NT-Xent: 0.2936, Consistency: 0.0000)
2026-01-02 20:11:12,671 - __main__ - INFO - Epoch 4/20 - Val Loss: 0.3282
2026-01-02 20:11:12,671 - __main__ - INFO - Current LR: 0.000905
2026-01-02 20:11:16,366 - __main__ - INFO - Epoch 6/20 - Loss: 0.0985 (NT-Xent: 0.2239, Consistency: 0.0000)
2026-01-02 20:11:16,741 - __main__ - INFO - Epoch 6/20 - Val Loss: 0.3066
2026-01-02 20:11:16,741 - __main__ - INFO - Current LR: 0.000794
2026-01-02 20:11:20,565 - __main__ - INFO - Epoch 8/20 - Loss: 0.1111 (NT-Xent: 0.2016, Consistency: 0.0000)
2026-01-02 20:11:20,979 - __main__ - INFO - Epoch 8/20 - Val Loss: 0.4798
2026-01-02 20:11:20,979 - __main__ - INFO - Current LR: 0.000655
2026-01-02 20:11:24,882 - __main__ - INFO - Epoch 10/20 - Loss: 0.0867 (NT-Xent: 0.1936, Consistency: 0.0000)
2026-01-02 20:11:25,298 - __main__ - INFO - Epoch 10/20 - Val Loss: 0.1538
2026-01-02 20:11:25,309 - __main__ - INFO - Current LR: 0.000500
2026-01-02 20:11:29,275 - __main__ - INFO - Epoch 12/20 - Loss: 0.1441 (NT-Xent: 0.2225, Consistency: 0.0000)
2026-01-02 20:11:29,668 - __main__ - INFO - Epoch 12/20 - Val Loss: 0.3009
2026-01-02 20:11:29,668 - __main__ - INFO - Current LR: 0.000345
2026-01-02 20:11:33,668 - __main__ - INFO - Epoch 14/20 - Loss: 0.0510 (NT-Xent: 0.1261, Consistency: 0.0000)
2026-01-02 20:11:34,026 - __main__ - INFO - Epoch 14/20 - Val Loss: 0.1384
2026-01-02 20:11:34,026 - __main__ - INFO - Current LR: 0.000206
2026-01-02 20:11:38,019 - __main__ - INFO - Epoch 16/20 - Loss: 0.1085 (NT-Xent: 0.1832, Consistency: 0.0000)
2026-01-02 20:11:38,435 - __main__ - INFO - Epoch 16/20 - Val Loss: 0.1662
2026-01-02 20:11:38,435 - __main__ - INFO - Current LR: 0.000095
2026-01-02 20:11:42,526 - __main__ - INFO - Epoch 18/20 - Loss: 0.0719 (NT-Xent: 0.1700, Consistency: 0.0000)
2026-01-02 20:11:42,934 - __main__ - INFO - Epoch 18/20 - Val Loss: 0.2327
2026-01-02 20:11:42,934 - __main__ - INFO - Current LR: 0.000024
2026-01-02 20:11:46,995 - __main__ - INFO - Epoch 20/20 - Loss: 0.0691 (NT-Xent: 0.1681, Consistency: 0.0000)
2026-01-02 20:11:47,396 - __main__ - INFO - Epoch 20/20 - Val Loss: 0.2107
2026-01-02 20:11:47,404 - __main__ - INFO - Current LR: 0.000000
2026-01-02 20:11:47,404 - __main__ - INFO - Training complete!
