2026-01-03 00:00:02,048 - __main__ - INFO - Starting training with config: gnn_training/config/full_training_config.yaml
2026-01-03 00:00:02,048 - __main__ - INFO - Config: {
  "data": {
    "batch_size": 8,
    "cache_graphs": false,
    "circuits": {
      "comparators": [
        1051,
        1065,
        1045,
        1046,
        1071
      ],
      "diff_amps": [
        86,
        84,
        94
      ]
    },
    "data_dir": "/home/karthik/sim_clean/AMS-opt/netlists",
    "family_balance": "equal",
    "pos_neg_ratio": 1.0,
    "shuffle": true,
    "test_circuits": {
      "comparators": [
        1073
      ],
      "diff_amps": [
        75,
        77
      ]
    }
  },
  "early_stopping": {
    "min_delta": 0.0001,
    "patience": 10
  },
  "logging": {
    "log_level": "INFO",
    "tensorboard_dir": "./logs_full_training",
    "verbose": true
  },
  "loss": {
    "hard_neg_weight": 1.0,
    "temperature": 0.07,
    "type": "nt_xent",
    "consistency": {
      "enabled": true,
      "type": "margin",
      "weight": 1.0,
      "margin": 0.8,
      "max_dist": 2.0,
      "temperature": 1.0
    }
  },
  "model": {
    "dropout": 0.1,
    "embedding_dim": 128,
    "hidden_dims": [
      64,
      64,
      32
    ],
    "input_dim": 26,
    "projection_dim": 128,
    "use_batch_norm": true
  },
  "optimizer": {
    "betas": [
      0.9,
      0.999
    ],
    "lr": 0.001,
    "type": "adam",
    "weight_decay": 1e-05
  },
  "scheduler": {
    "type": "cosine"
  },
  "training": {
    "checkpoint_dir": "./checkpoints_full_training",
    "device": "cpu",
    "epochs": 20,
    "log_interval": 2,
    "seed": 42,
    "val_interval": 2
  }
}
2026-01-03 00:00:02,048 - __main__ - INFO - Using device: cpu
2026-01-03 00:00:02,051 - __main__ - INFO - Model architecture:
ContrastiveGINModel(
  (encoder): GINEncoder(
    (gin_layers): ModuleList(
      (0): GINConv(
        (mlp): Sequential(
          (0): Linear(in_features=26, out_features=64, bias=True)
          (1): ReLU()
          (2): Linear(in_features=64, out_features=64, bias=True)
        )
      )
      (1): GINConv(
        (mlp): Sequential(
          (0): Linear(in_features=64, out_features=64, bias=True)
          (1): ReLU()
          (2): Linear(in_features=64, out_features=64, bias=True)
        )
      )
      (2): GINConv(
        (mlp): Sequential(
          (0): Linear(in_features=64, out_features=32, bias=True)
          (1): ReLU()
          (2): Linear(in_features=32, out_features=32, bias=True)
        )
      )
    )
    (batch_norms): ModuleList(
      (0-1): 2 x BatchNorm1d(64, eps=1e-05, momentum=0.1, affine=True, track_running_stats=True)
      (2): BatchNorm1d(32, eps=1e-05, momentum=0.1, affine=True, track_running_stats=True)
    )
    (dropout): Dropout(p=0.1, inplace=False)
    (readout_mlp): Sequential(
      (0): Linear(in_features=32, out_features=128, bias=True)
      (1): ReLU()
      (2): Linear(in_features=128, out_features=128, bias=True)
    )
  )
  (projection_head): ProjectionHead(
    (mlp): Sequential(
      (0): Linear(in_features=128, out_features=128, bias=True)
      (1): ReLU()
      (2): Linear(in_features=128, out_features=128, bias=True)
    )
  )
)
2026-01-03 00:00:02,051 - __main__ - INFO - Loss function: nt_xent
2026-01-03 00:00:02,052 - __main__ - INFO - Consistency loss enabled: type=margin, weight=1.0
2026-01-03 00:00:02,605 - __main__ - INFO - Optimizer: adam
2026-01-03 00:00:02,610 - __main__ - INFO - Train circuits: {'comparators': [1051, 1065, 1045, 1046, 1071], 'diff_amps': [86, 84, 94]}
2026-01-03 00:00:02,610 - __main__ - INFO - Test circuits: {'comparators': [1073], 'diff_amps': [75, 77]}
2026-01-03 00:00:02,619 - __main__ - INFO - Starting training...
2026-01-03 00:00:06,281 - __main__ - INFO - Epoch 2/20 - Loss: 0.1268 (NT-Xent: 0.2329, Consistency: 0.0000)
2026-01-03 00:00:06,697 - __main__ - INFO - Epoch 2/20 - Val Loss: 0.2639
2026-01-03 00:00:06,697 - __main__ - INFO - Current LR: 0.000976
2026-01-03 00:00:10,383 - __main__ - INFO - Epoch 4/20 - Loss: 0.1416 (NT-Xent: 0.2599, Consistency: 0.0000)
2026-01-03 00:00:10,751 - __main__ - INFO - Epoch 4/20 - Val Loss: 0.4297
2026-01-03 00:00:10,752 - __main__ - INFO - Current LR: 0.000905
2026-01-03 00:00:14,449 - __main__ - INFO - Epoch 6/20 - Loss: 0.0945 (NT-Xent: 0.1563, Consistency: 0.0000)
2026-01-03 00:00:14,824 - __main__ - INFO - Epoch 6/20 - Val Loss: 0.2261
2026-01-03 00:00:14,824 - __main__ - INFO - Current LR: 0.000794
2026-01-03 00:00:18,625 - __main__ - INFO - Epoch 8/20 - Loss: 0.0683 (NT-Xent: 0.1462, Consistency: 0.0000)
2026-01-03 00:00:19,073 - __main__ - INFO - Epoch 8/20 - Val Loss: 0.1235
2026-01-03 00:00:19,073 - __main__ - INFO - Current LR: 0.000655
2026-01-03 00:00:22,970 - __main__ - INFO - Epoch 10/20 - Loss: 0.1007 (NT-Xent: 0.2036, Consistency: 0.0000)
2026-01-03 00:00:23,364 - __main__ - INFO - Epoch 10/20 - Val Loss: 0.0767
2026-01-03 00:00:23,373 - __main__ - INFO - Current LR: 0.000500
2026-01-03 00:00:27,216 - __main__ - INFO - Epoch 12/20 - Loss: 0.0665 (NT-Xent: 0.1584, Consistency: 0.0000)
2026-01-03 00:00:27,558 - __main__ - INFO - Epoch 12/20 - Val Loss: 0.1667
2026-01-03 00:00:27,559 - __main__ - INFO - Current LR: 0.000345
2026-01-03 00:00:31,479 - __main__ - INFO - Epoch 14/20 - Loss: 0.0527 (NT-Xent: 0.1001, Consistency: 0.0000)
2026-01-03 00:00:31,854 - __main__ - INFO - Epoch 14/20 - Val Loss: 0.1394
2026-01-03 00:00:31,855 - __main__ - INFO - Current LR: 0.000206
2026-01-03 00:00:35,892 - __main__ - INFO - Epoch 16/20 - Loss: 0.0648 (NT-Xent: 0.1209, Consistency: 0.0000)
2026-01-03 00:00:36,342 - __main__ - INFO - Epoch 16/20 - Val Loss: 0.1018
2026-01-03 00:00:36,342 - __main__ - INFO - Current LR: 0.000095
2026-01-03 00:00:40,361 - __main__ - INFO - Epoch 18/20 - Loss: 0.0709 (NT-Xent: 0.1353, Consistency: 0.0000)
2026-01-03 00:00:40,770 - __main__ - INFO - Epoch 18/20 - Val Loss: 0.1142
2026-01-03 00:00:40,770 - __main__ - INFO - Current LR: 0.000024
2026-01-03 00:00:44,686 - __main__ - INFO - Epoch 20/20 - Loss: 0.0364 (NT-Xent: 0.0860, Consistency: 0.0000)
2026-01-03 00:00:45,076 - __main__ - INFO - Epoch 20/20 - Val Loss: 0.2033
2026-01-03 00:00:45,085 - __main__ - INFO - Current LR: 0.000000
2026-01-03 00:00:45,085 - __main__ - INFO - Training complete!
