2026-01-05 22:14:18,947 - __main__ - INFO - Starting training with config: gnn_training/config/full_training_config.yaml
2026-01-05 22:14:18,947 - __main__ - INFO - Config: {
  "data": {
    "batch_size": 8,
    "cache_graphs": false,
    "circuits": {
      "comparators": [
        1051,
        1065,
        1045,
        1046,
        1071
      ],
      "diff_amps": [
        86,
        84,
        94
      ]
    },
    "data_dir": "/home/karthik/sim_clean/AMS-opt/netlists",
    "family_balance": "equal",
    "pos_neg_ratio": 1.0,
    "shuffle": true,
    "test_circuits": {
      "comparators": [
        1073
      ],
      "diff_amps": [
        75,
        77
      ]
    }
  },
  "early_stopping": {
    "min_delta": 0.0001,
    "patience": 10
  },
  "logging": {
    "log_level": "INFO",
    "tensorboard_dir": "./logs_full_training",
    "verbose": true
  },
  "loss": {
    "hard_neg_weight": 1.0,
    "temperature": 0.07,
    "type": "nt_xent",
    "nt_xent_weight": 0.0,
    "consistency": {
      "enabled": true,
      "type": "margin",
      "weight": 1.0,
      "margin": 0.8,
      "max_dist": 1.0,
      "temperature": 1.0
    }
  },
  "model": {
    "dropout": 0.1,
    "embedding_dim": 128,
    "hidden_dims": [
      64,
      64,
      32
    ],
    "input_dim": 26,
    "projection_dim": 128,
    "use_batch_norm": true
  },
  "optimizer": {
    "betas": [
      0.9,
      0.999
    ],
    "lr": 0.001,
    "type": "adam",
    "weight_decay": 1e-05
  },
  "scheduler": {
    "type": "cosine"
  },
  "training": {
    "checkpoint_dir": "./checkpoints_full_training",
    "device": "cpu",
    "epochs": 20,
    "log_interval": 2,
    "seed": 42,
    "val_interval": 2
  }
}
2026-01-05 22:14:18,947 - __main__ - INFO - Using device: cpu
2026-01-05 22:14:18,951 - __main__ - INFO - Model architecture:
ContrastiveGINModel(
  (encoder): GINEncoder(
    (gin_layers): ModuleList(
      (0): GINConv(
        (mlp): Sequential(
          (0): Linear(in_features=26, out_features=64, bias=True)
          (1): ReLU()
          (2): Linear(in_features=64, out_features=64, bias=True)
        )
      )
      (1): GINConv(
        (mlp): Sequential(
          (0): Linear(in_features=64, out_features=64, bias=True)
          (1): ReLU()
          (2): Linear(in_features=64, out_features=64, bias=True)
        )
      )
      (2): GINConv(
        (mlp): Sequential(
          (0): Linear(in_features=64, out_features=32, bias=True)
          (1): ReLU()
          (2): Linear(in_features=32, out_features=32, bias=True)
        )
      )
    )
    (batch_norms): ModuleList(
      (0-1): 2 x BatchNorm1d(64, eps=1e-05, momentum=0.1, affine=True, track_running_stats=True)
      (2): BatchNorm1d(32, eps=1e-05, momentum=0.1, affine=True, track_running_stats=True)
    )
    (dropout): Dropout(p=0.1, inplace=False)
    (readout_mlp): Sequential(
      (0): Linear(in_features=32, out_features=128, bias=True)
      (1): ReLU()
      (2): Linear(in_features=128, out_features=128, bias=True)
    )
  )
  (projection_head): ProjectionHead(
    (mlp): Sequential(
      (0): Linear(in_features=128, out_features=128, bias=True)
      (1): ReLU()
      (2): Linear(in_features=128, out_features=128, bias=True)
    )
  )
)
2026-01-05 22:14:18,951 - __main__ - INFO - Loss function: nt_xent
2026-01-05 22:14:18,951 - __main__ - INFO - NT-Xent weight: 0.0
2026-01-05 22:14:18,951 - __main__ - INFO - Consistency loss enabled: type=margin, weight=1.0
2026-01-05 22:14:19,506 - __main__ - INFO - Optimizer: adam
2026-01-05 22:14:19,510 - __main__ - INFO - Train circuits: {'comparators': [1051, 1065, 1045, 1046, 1071], 'diff_amps': [86, 84, 94]}
2026-01-05 22:14:19,510 - __main__ - INFO - Test circuits: {'comparators': [1073], 'diff_amps': [75, 77]}
2026-01-05 22:14:19,519 - __main__ - INFO - Starting training...
2026-01-05 22:14:23,203 - __main__ - INFO - Epoch 2/20 - Loss: 0.0000 (NT-Xent: 0.6931, Consistency: 0.0000)
2026-01-05 22:14:23,597 - __main__ - INFO - Epoch 2/20 - Val Loss: 0.3535
2026-01-05 22:14:23,597 - __main__ - INFO - Current LR: 0.000976
2026-01-05 22:14:27,384 - __main__ - INFO - Epoch 4/20 - Loss: 0.0000 (NT-Xent: 0.6931, Consistency: 0.0000)
2026-01-05 22:14:27,784 - __main__ - INFO - Epoch 4/20 - Val Loss: 0.3050
2026-01-05 22:14:27,784 - __main__ - INFO - Current LR: 0.000905
2026-01-05 22:14:31,901 - __main__ - INFO - Epoch 6/20 - Loss: 0.0000 (NT-Xent: 0.6931, Consistency: 0.0000)
2026-01-05 22:14:32,399 - __main__ - INFO - Epoch 6/20 - Val Loss: 0.3466
2026-01-05 22:14:32,400 - __main__ - INFO - Current LR: 0.000794
2026-01-05 22:14:36,827 - __main__ - INFO - Epoch 8/20 - Loss: 0.0000 (NT-Xent: 0.6931, Consistency: 0.0000)
2026-01-05 22:14:37,269 - __main__ - INFO - Epoch 8/20 - Val Loss: 0.3188
2026-01-05 22:14:37,269 - __main__ - INFO - Current LR: 0.000655
2026-01-05 22:14:41,713 - __main__ - INFO - Epoch 10/20 - Loss: 0.0000 (NT-Xent: 0.6931, Consistency: 0.0000)
2026-01-05 22:14:42,244 - __main__ - INFO - Epoch 10/20 - Val Loss: 0.3188
2026-01-05 22:14:42,253 - __main__ - INFO - Current LR: 0.000500
2026-01-05 22:14:46,753 - __main__ - INFO - Epoch 12/20 - Loss: 0.0000 (NT-Xent: 0.6931, Consistency: 0.0000)
2026-01-05 22:14:47,210 - __main__ - INFO - Epoch 12/20 - Val Loss: 0.4020
2026-01-05 22:14:47,210 - __main__ - INFO - Current LR: 0.000345
2026-01-05 22:14:51,753 - __main__ - INFO - Epoch 14/20 - Loss: 0.0000 (NT-Xent: 0.6931, Consistency: 0.0000)
2026-01-05 22:14:52,240 - __main__ - INFO - Epoch 14/20 - Val Loss: 0.3743
2026-01-05 22:14:52,240 - __main__ - INFO - Current LR: 0.000206
2026-01-05 22:14:56,730 - __main__ - INFO - Epoch 16/20 - Loss: 0.0000 (NT-Xent: 0.6931, Consistency: 0.0000)
2026-01-05 22:14:57,174 - __main__ - INFO - Epoch 16/20 - Val Loss: 0.3812
2026-01-05 22:14:57,175 - __main__ - INFO - Current LR: 0.000095
2026-01-05 22:15:01,691 - __main__ - INFO - Epoch 18/20 - Loss: 0.0000 (NT-Xent: 0.6931, Consistency: 0.0000)
2026-01-05 22:15:02,157 - __main__ - INFO - Epoch 18/20 - Val Loss: 0.3466
2026-01-05 22:15:02,157 - __main__ - INFO - Current LR: 0.000024
2026-01-05 22:15:06,585 - __main__ - INFO - Epoch 20/20 - Loss: 0.0000 (NT-Xent: 0.6931, Consistency: 0.0000)
2026-01-05 22:15:07,044 - __main__ - INFO - Epoch 20/20 - Val Loss: 0.3466
2026-01-05 22:15:07,049 - __main__ - INFO - Current LR: 0.000000
2026-01-05 22:15:07,049 - __main__ - INFO - Training complete!
