2026-01-14 09:58:47,820 - __main__ - INFO - Starting training with config: gnn_training/config/full_training_diff_amps_comparators_all.yaml
2026-01-14 09:58:47,820 - __main__ - INFO - Config: {
  "data": {
    "batch_size": 32,
    "cache_graphs": false,
    "data_dir": "/home/karthik/sim_clean/AMS-opt/netlists",
    "family_balance": "equal",
    "pos_neg_ratio": 1.0,
    "shuffle": true,
    "circuits": {
      "diff_amps": [
        69,
        71,
        75,
        77,
        80,
        82,
        84,
        86,
        88,
        90,
        92,
        94,
        96,
        97,
        614,
        615,
        616,
        617,
        618,
        619,
        620,
        621,
        921,
        922,
        923,
        924,
        925,
        926,
        927,
        928,
        929,
        930,
        931,
        932
      ],
      "comparators": [
        632,
        633,
        634,
        635,
        738,
        740,
        741,
        742,
        746,
        747,
        748,
        749,
        1045,
        1046,
        1047,
        1048,
        1049,
        1050,
        1051,
        1053,
        1054,
        1055,
        1056,
        1057,
        1058,
        1059,
        1060,
        1062,
        1063,
        1065,
        1071,
        1073
      ]
    },
    "test_circuits": {
      "diff_amps": [
        94,
        97
      ],
      "comparators": [
        1073
      ]
    }
  },
  "early_stopping": {
    "min_delta": 0.0001,
    "patience": 10
  },
  "logging": {
    "log_level": "INFO",
    "tensorboard_dir": "./logs_full_training",
    "verbose": true
  },
  "loss": {
    "hard_neg_weight": 1.0,
    "temperature": 0.07,
    "type": "nt_xent",
    "nt_xent_weight": 0.9,
    "consistency": {
      "enabled": true,
      "type": "margin",
      "weight": 0.1,
      "margin": 0.7,
      "max_dist": 1.0,
      "temperature": 1.0
    }
  },
  "model": {
    "dropout": 0.1,
    "embedding_dim": 128,
    "hidden_dims": [
      64,
      64,
      32
    ],
    "input_dim": 79,
    "projection_dim": 128,
    "use_batch_norm": true
  },
  "optimizer": {
    "betas": [
      0.9,
      0.999
    ],
    "lr": 0.001,
    "type": "adam",
    "weight_decay": 1e-05
  },
  "scheduler": {
    "type": "cosine"
  },
  "training": {
    "checkpoint_dir": "./checkpoints_full_training",
    "device": "cpu",
    "epochs": 20,
    "log_interval": 2,
    "seed": 42,
    "val_interval": 2
  }
}
2026-01-14 09:58:47,820 - __main__ - INFO - Using device: cpu
2026-01-14 09:58:47,823 - __main__ - INFO - Model architecture:
ContrastiveGINModel(
  (encoder): GINEncoder(
    (gin_layers): ModuleList(
      (0): GINConv(
        (mlp): Sequential(
          (0): Linear(in_features=79, out_features=64, bias=True)
          (1): ReLU()
          (2): Linear(in_features=64, out_features=64, bias=True)
        )
      )
      (1): GINConv(
        (mlp): Sequential(
          (0): Linear(in_features=64, out_features=64, bias=True)
          (1): ReLU()
          (2): Linear(in_features=64, out_features=64, bias=True)
        )
      )
      (2): GINConv(
        (mlp): Sequential(
          (0): Linear(in_features=64, out_features=32, bias=True)
          (1): ReLU()
          (2): Linear(in_features=32, out_features=32, bias=True)
        )
      )
    )
    (batch_norms): ModuleList(
      (0-1): 2 x BatchNorm1d(64, eps=1e-05, momentum=0.1, affine=True, track_running_stats=True)
      (2): BatchNorm1d(32, eps=1e-05, momentum=0.1, affine=True, track_running_stats=True)
    )
    (dropout): Dropout(p=0.1, inplace=False)
    (readout_mlp): Sequential(
      (0): Linear(in_features=32, out_features=128, bias=True)
      (1): ReLU()
      (2): Linear(in_features=128, out_features=128, bias=True)
    )
  )
  (projection_head): ProjectionHead(
    (mlp): Sequential(
      (0): Linear(in_features=128, out_features=128, bias=True)
      (1): ReLU()
      (2): Linear(in_features=128, out_features=128, bias=True)
    )
  )
)
2026-01-14 09:58:47,824 - __main__ - INFO - Loss function: nt_xent
2026-01-14 09:58:47,824 - __main__ - INFO - NT-Xent weight: 0.9
2026-01-14 09:58:47,824 - __main__ - INFO - Consistency loss enabled: type=margin, weight=0.1
2026-01-14 09:58:48,376 - __main__ - INFO - Optimizer: adam
2026-01-14 09:58:48,381 - __main__ - INFO - Train circuits: {'diff_amps': [69, 71, 75, 77, 80, 82, 84, 86, 88, 90, 92, 96, 614, 615, 616, 617, 618, 619, 620, 621, 921, 922, 923, 924, 925, 926, 927, 928, 929, 930, 931, 932], 'comparators': [632, 633, 634, 635, 738, 740, 741, 742, 746, 747, 748, 749, 1045, 1046, 1047, 1048, 1049, 1050, 1051, 1053, 1054, 1055, 1056, 1057, 1058, 1059, 1060, 1062, 1063, 1065, 1071]}
2026-01-14 09:58:48,381 - __main__ - INFO - Test circuits: {'diff_amps': [94, 97], 'comparators': [1073]}
2026-01-14 09:58:49,458 - __main__ - INFO - Starting training...
2026-01-14 09:59:06,690 - __main__ - INFO - Epoch 2/20 - Loss: 0.4916 (NT-Xent: 0.4884, Consistency: 0.5204)
2026-01-14 09:59:08,342 - __main__ - INFO - Epoch 2/20 - Val Loss: 0.2635
2026-01-14 09:59:08,342 - __main__ - INFO - Current LR: 0.000976
2026-01-14 09:59:25,348 - __main__ - INFO - Epoch 4/20 - Loss: 0.3045 (NT-Xent: 0.2799, Consistency: 0.5257)
2026-01-14 09:59:26,998 - __main__ - INFO - Epoch 4/20 - Val Loss: 0.3318
2026-01-14 09:59:26,999 - __main__ - INFO - Current LR: 0.000905
2026-01-14 09:59:43,780 - __main__ - INFO - Epoch 6/20 - Loss: 0.2820 (NT-Xent: 0.2560, Consistency: 0.5163)
2026-01-14 09:59:45,382 - __main__ - INFO - Epoch 6/20 - Val Loss: 0.3106
2026-01-14 09:59:45,383 - __main__ - INFO - Current LR: 0.000794
2026-01-14 10:00:02,719 - __main__ - INFO - Epoch 8/20 - Loss: 0.2224 (NT-Xent: 0.1901, Consistency: 0.5130)
2026-01-14 10:00:04,285 - __main__ - INFO - Epoch 8/20 - Val Loss: 0.1830
2026-01-14 10:00:04,285 - __main__ - INFO - Current LR: 0.000655
2026-01-14 10:00:22,172 - __main__ - INFO - Epoch 10/20 - Loss: 0.2050 (NT-Xent: 0.1750, Consistency: 0.4742)
2026-01-14 10:00:23,877 - __main__ - INFO - Epoch 10/20 - Val Loss: 0.2655
2026-01-14 10:00:23,887 - __main__ - INFO - Current LR: 0.000500
2026-01-14 10:00:41,617 - __main__ - INFO - Epoch 12/20 - Loss: 0.1738 (NT-Xent: 0.1407, Consistency: 0.4722)
2026-01-14 10:00:43,217 - __main__ - INFO - Epoch 12/20 - Val Loss: 0.2221
2026-01-14 10:00:43,218 - __main__ - INFO - Current LR: 0.000345
2026-01-14 10:01:00,959 - __main__ - INFO - Epoch 14/20 - Loss: 0.1591 (NT-Xent: 0.1248, Consistency: 0.4681)
2026-01-14 10:01:02,610 - __main__ - INFO - Epoch 14/20 - Val Loss: 0.2425
2026-01-14 10:01:02,610 - __main__ - INFO - Current LR: 0.000206
2026-01-14 10:01:20,415 - __main__ - INFO - Epoch 16/20 - Loss: 0.1445 (NT-Xent: 0.1087, Consistency: 0.4668)
2026-01-14 10:01:22,070 - __main__ - INFO - Epoch 16/20 - Val Loss: 0.2596
2026-01-14 10:01:22,070 - __main__ - INFO - Current LR: 0.000095
2026-01-14 10:01:40,023 - __main__ - INFO - Epoch 18/20 - Loss: 0.1505 (NT-Xent: 0.1162, Consistency: 0.4596)
2026-01-14 10:01:41,611 - __main__ - INFO - Epoch 18/20 - Val Loss: 0.2674
2026-01-14 10:01:41,611 - __main__ - INFO - Current LR: 0.000024
2026-01-14 10:01:59,482 - __main__ - INFO - Epoch 20/20 - Loss: 0.1405 (NT-Xent: 0.1055, Consistency: 0.4557)
2026-01-14 10:02:01,161 - __main__ - INFO - Epoch 20/20 - Val Loss: 0.1880
2026-01-14 10:02:01,170 - __main__ - INFO - Current LR: 0.000000
2026-01-14 10:02:01,171 - __main__ - INFO - Training complete!
