2026-01-02 23:23:24,463 - __main__ - INFO - Starting training with config: gnn_training/config/full_training_config.yaml
2026-01-02 23:23:24,463 - __main__ - INFO - Config: {
  "data": {
    "batch_size": 8,
    "cache_graphs": false,
    "circuits": {
      "comparators": [
        1051,
        1065,
        1045,
        1046,
        1071
      ],
      "diff_amps": [
        86,
        84,
        94
      ]
    },
    "data_dir": "/home/karthik/sim_clean/AMS-opt/netlists",
    "family_balance": "equal",
    "pos_neg_ratio": 1.0,
    "shuffle": true,
    "test_circuits": {
      "comparators": [
        1073
      ],
      "diff_amps": [
        75,
        77
      ]
    }
  },
  "early_stopping": {
    "min_delta": 0.0001,
    "patience": 10
  },
  "logging": {
    "log_level": "INFO",
    "tensorboard_dir": "./logs_full_training",
    "verbose": true
  },
  "loss": {
    "hard_neg_weight": 1.0,
    "temperature": 0.07,
    "type": "nt_xent",
    "consistency": {
      "enabled": true,
      "type": "margin",
      "weight": 0.1,
      "margin": 0.8,
      "max_dist": 1.0,
      "temperature": 1.0
    }
  },
  "model": {
    "dropout": 0.1,
    "embedding_dim": 128,
    "hidden_dims": [
      64,
      64,
      32
    ],
    "input_dim": 26,
    "projection_dim": 128,
    "use_batch_norm": true
  },
  "optimizer": {
    "betas": [
      0.9,
      0.999
    ],
    "lr": 0.001,
    "type": "adam",
    "weight_decay": 1e-05
  },
  "scheduler": {
    "type": "cosine"
  },
  "training": {
    "checkpoint_dir": "./checkpoints_full_training",
    "device": "cpu",
    "epochs": 20,
    "log_interval": 2,
    "seed": 42,
    "val_interval": 2
  }
}
2026-01-02 23:23:24,463 - __main__ - INFO - Using device: cpu
2026-01-02 23:23:24,467 - __main__ - INFO - Model architecture:
ContrastiveGINModel(
  (encoder): GINEncoder(
    (gin_layers): ModuleList(
      (0): GINConv(
        (mlp): Sequential(
          (0): Linear(in_features=26, out_features=64, bias=True)
          (1): ReLU()
          (2): Linear(in_features=64, out_features=64, bias=True)
        )
      )
      (1): GINConv(
        (mlp): Sequential(
          (0): Linear(in_features=64, out_features=64, bias=True)
          (1): ReLU()
          (2): Linear(in_features=64, out_features=64, bias=True)
        )
      )
      (2): GINConv(
        (mlp): Sequential(
          (0): Linear(in_features=64, out_features=32, bias=True)
          (1): ReLU()
          (2): Linear(in_features=32, out_features=32, bias=True)
        )
      )
    )
    (batch_norms): ModuleList(
      (0-1): 2 x BatchNorm1d(64, eps=1e-05, momentum=0.1, affine=True, track_running_stats=True)
      (2): BatchNorm1d(32, eps=1e-05, momentum=0.1, affine=True, track_running_stats=True)
    )
    (dropout): Dropout(p=0.1, inplace=False)
    (readout_mlp): Sequential(
      (0): Linear(in_features=32, out_features=128, bias=True)
      (1): ReLU()
      (2): Linear(in_features=128, out_features=128, bias=True)
    )
  )
  (projection_head): ProjectionHead(
    (mlp): Sequential(
      (0): Linear(in_features=128, out_features=128, bias=True)
      (1): ReLU()
      (2): Linear(in_features=128, out_features=128, bias=True)
    )
  )
)
2026-01-02 23:23:24,467 - __main__ - INFO - Loss function: nt_xent
2026-01-02 23:23:24,467 - __main__ - INFO - Consistency loss enabled: type=margin, weight=0.1
2026-01-02 23:23:25,019 - __main__ - INFO - Optimizer: adam
2026-01-02 23:23:25,024 - __main__ - INFO - Train circuits: {'comparators': [1051, 1065, 1045, 1046, 1071], 'diff_amps': [86, 84, 94]}
2026-01-02 23:23:25,024 - __main__ - INFO - Test circuits: {'comparators': [1073], 'diff_amps': [75, 77]}
2026-01-02 23:23:25,032 - __main__ - INFO - Starting training...
2026-01-02 23:23:28,872 - __main__ - INFO - Epoch 2/20 - Loss: 0.1252 (NT-Xent: 0.2593, Consistency: 0.0000)
2026-01-02 23:23:29,284 - __main__ - INFO - Epoch 2/20 - Val Loss: 0.1578
2026-01-02 23:23:29,284 - __main__ - INFO - Current LR: 0.000976
2026-01-02 23:23:33,081 - __main__ - INFO - Epoch 4/20 - Loss: 0.1116 (NT-Xent: 0.2855, Consistency: 0.0000)
2026-01-02 23:23:33,556 - __main__ - INFO - Epoch 4/20 - Val Loss: 0.1607
2026-01-02 23:23:33,556 - __main__ - INFO - Current LR: 0.000905
2026-01-02 23:23:37,362 - __main__ - INFO - Epoch 6/20 - Loss: 0.0785 (NT-Xent: 0.2128, Consistency: 0.0000)
2026-01-02 23:23:37,784 - __main__ - INFO - Epoch 6/20 - Val Loss: 0.1785
2026-01-02 23:23:37,784 - __main__ - INFO - Current LR: 0.000794
2026-01-02 23:23:41,650 - __main__ - INFO - Epoch 8/20 - Loss: 0.0674 (NT-Xent: 0.1731, Consistency: 0.0000)
2026-01-02 23:23:42,042 - __main__ - INFO - Epoch 8/20 - Val Loss: 0.7223
2026-01-02 23:23:42,042 - __main__ - INFO - Current LR: 0.000655
2026-01-02 23:23:45,898 - __main__ - INFO - Epoch 10/20 - Loss: 0.0637 (NT-Xent: 0.1302, Consistency: 0.0000)
2026-01-02 23:23:46,290 - __main__ - INFO - Epoch 10/20 - Val Loss: 0.1010
2026-01-02 23:23:46,300 - __main__ - INFO - Current LR: 0.000500
2026-01-02 23:23:50,268 - __main__ - INFO - Epoch 12/20 - Loss: 0.0710 (NT-Xent: 0.1266, Consistency: 0.0000)
2026-01-02 23:23:50,676 - __main__ - INFO - Epoch 12/20 - Val Loss: 0.1313
2026-01-02 23:23:50,676 - __main__ - INFO - Current LR: 0.000345
2026-01-02 23:23:54,693 - __main__ - INFO - Epoch 14/20 - Loss: 0.0561 (NT-Xent: 0.1232, Consistency: 0.0000)
2026-01-02 23:23:55,091 - __main__ - INFO - Epoch 14/20 - Val Loss: 0.0943
2026-01-02 23:23:55,091 - __main__ - INFO - Current LR: 0.000206
2026-01-02 23:23:59,154 - __main__ - INFO - Epoch 16/20 - Loss: 0.0685 (NT-Xent: 0.1301, Consistency: 0.0000)
2026-01-02 23:23:59,582 - __main__ - INFO - Epoch 16/20 - Val Loss: 0.2119
2026-01-02 23:23:59,582 - __main__ - INFO - Current LR: 0.000095
2026-01-02 23:24:03,667 - __main__ - INFO - Epoch 18/20 - Loss: 0.0508 (NT-Xent: 0.1362, Consistency: 0.0000)
2026-01-02 23:24:04,089 - __main__ - INFO - Epoch 18/20 - Val Loss: 0.1239
2026-01-02 23:24:04,090 - __main__ - INFO - Current LR: 0.000024
2026-01-02 23:24:08,177 - __main__ - INFO - Epoch 20/20 - Loss: 0.0714 (NT-Xent: 0.1378, Consistency: 0.0000)
2026-01-02 23:24:08,593 - __main__ - INFO - Epoch 20/20 - Val Loss: 0.1744
2026-01-02 23:24:08,598 - __main__ - INFO - Current LR: 0.000000
2026-01-02 23:24:08,598 - __main__ - INFO - Training complete!
