2026-01-05 23:14:52,111 - __main__ - INFO - Starting training with config: gnn_training/config/full_training_config.yaml
2026-01-05 23:14:52,111 - __main__ - INFO - Config: {
  "data": {
    "batch_size": 8,
    "cache_graphs": false,
    "circuits": {
      "comparators": [
        1051,
        1065,
        1045,
        1046,
        1071
      ],
      "diff_amps": [
        86,
        84,
        94
      ]
    },
    "data_dir": "/home/karthik/sim_clean/AMS-opt/netlists",
    "family_balance": "equal",
    "pos_neg_ratio": 1.0,
    "shuffle": true,
    "test_circuits": {
      "comparators": [
        1073
      ],
      "diff_amps": [
        75,
        77
      ]
    }
  },
  "early_stopping": {
    "min_delta": 0.0001,
    "patience": 10
  },
  "logging": {
    "log_level": "INFO",
    "tensorboard_dir": "./logs_full_training",
    "verbose": true
  },
  "loss": {
    "hard_neg_weight": 1.0,
    "temperature": 0.07,
    "type": "nt_xent",
    "nt_xent_weight": 1.0,
    "consistency": {
      "enabled": true,
      "type": "margin",
      "weight": 0.1,
      "margin": 1.0,
      "max_dist": 1.0,
      "temperature": 1.0
    }
  },
  "model": {
    "dropout": 0.1,
    "embedding_dim": 128,
    "hidden_dims": [
      64,
      64,
      32
    ],
    "input_dim": 26,
    "projection_dim": 128,
    "use_batch_norm": true
  },
  "optimizer": {
    "betas": [
      0.9,
      0.999
    ],
    "lr": 0.001,
    "type": "adam",
    "weight_decay": 1e-05
  },
  "scheduler": {
    "type": "cosine"
  },
  "training": {
    "checkpoint_dir": "./checkpoints_full_training",
    "device": "cpu",
    "epochs": 20,
    "log_interval": 2,
    "seed": 42,
    "val_interval": 2
  }
}
2026-01-05 23:14:52,112 - __main__ - INFO - Using device: cpu
2026-01-05 23:14:52,115 - __main__ - INFO - Model architecture:
ContrastiveGINModel(
  (encoder): GINEncoder(
    (gin_layers): ModuleList(
      (0): GINConv(
        (mlp): Sequential(
          (0): Linear(in_features=26, out_features=64, bias=True)
          (1): ReLU()
          (2): Linear(in_features=64, out_features=64, bias=True)
        )
      )
      (1): GINConv(
        (mlp): Sequential(
          (0): Linear(in_features=64, out_features=64, bias=True)
          (1): ReLU()
          (2): Linear(in_features=64, out_features=64, bias=True)
        )
      )
      (2): GINConv(
        (mlp): Sequential(
          (0): Linear(in_features=64, out_features=32, bias=True)
          (1): ReLU()
          (2): Linear(in_features=32, out_features=32, bias=True)
        )
      )
    )
    (batch_norms): ModuleList(
      (0-1): 2 x BatchNorm1d(64, eps=1e-05, momentum=0.1, affine=True, track_running_stats=True)
      (2): BatchNorm1d(32, eps=1e-05, momentum=0.1, affine=True, track_running_stats=True)
    )
    (dropout): Dropout(p=0.1, inplace=False)
    (readout_mlp): Sequential(
      (0): Linear(in_features=32, out_features=128, bias=True)
      (1): ReLU()
      (2): Linear(in_features=128, out_features=128, bias=True)
    )
  )
  (projection_head): ProjectionHead(
    (mlp): Sequential(
      (0): Linear(in_features=128, out_features=128, bias=True)
      (1): ReLU()
      (2): Linear(in_features=128, out_features=128, bias=True)
    )
  )
)
2026-01-05 23:14:52,115 - __main__ - INFO - Loss function: nt_xent
2026-01-05 23:14:52,115 - __main__ - INFO - NT-Xent weight: 1.0
2026-01-05 23:14:52,115 - __main__ - INFO - Consistency loss enabled: type=margin, weight=0.1
2026-01-05 23:14:52,667 - __main__ - INFO - Optimizer: adam
2026-01-05 23:14:52,671 - __main__ - INFO - Train circuits: {'comparators': [1051, 1065, 1045, 1046, 1071], 'diff_amps': [86, 84, 94]}
2026-01-05 23:14:52,671 - __main__ - INFO - Test circuits: {'comparators': [1073], 'diff_amps': [75, 77]}
2026-01-05 23:14:52,680 - __main__ - INFO - Starting training...
2026-01-05 23:14:58,404 - __main__ - INFO - Epoch 2/20 - Loss: 0.2207 (NT-Xent: 0.4206, Consistency: 0.8965)
2026-01-05 23:14:58,798 - __main__ - INFO - Epoch 2/20 - Val Loss: 0.1656
2026-01-05 23:14:58,798 - __main__ - INFO - Current LR: 0.000976
2026-01-05 23:15:04,315 - __main__ - INFO - Epoch 4/20 - Loss: 0.1664 (NT-Xent: 0.2832, Consistency: 1.0394)
2026-01-05 23:15:04,725 - __main__ - INFO - Epoch 4/20 - Val Loss: 0.1798
2026-01-05 23:15:04,725 - __main__ - INFO - Current LR: 0.000905
2026-01-05 23:15:10,396 - __main__ - INFO - Epoch 6/20 - Loss: 0.1693 (NT-Xent: 0.1749, Consistency: 1.2399)
2026-01-05 23:15:10,796 - __main__ - INFO - Epoch 6/20 - Val Loss: 0.2544
2026-01-05 23:15:10,796 - __main__ - INFO - Current LR: 0.000794
2026-01-05 23:15:16,916 - __main__ - INFO - Epoch 8/20 - Loss: 0.3107 (NT-Xent: 0.6048, Consistency: 0.9961)
2026-01-05 23:15:17,330 - __main__ - INFO - Epoch 8/20 - Val Loss: 0.2679
2026-01-05 23:15:17,331 - __main__ - INFO - Current LR: 0.000655
2026-01-05 23:15:23,523 - __main__ - INFO - Epoch 10/20 - Loss: 0.2166 (NT-Xent: 0.4557, Consistency: 1.0987)
2026-01-05 23:15:23,920 - __main__ - INFO - Epoch 10/20 - Val Loss: 0.2318
2026-01-05 23:15:23,930 - __main__ - INFO - Current LR: 0.000500
2026-01-05 23:15:30,157 - __main__ - INFO - Epoch 12/20 - Loss: 0.2700 (NT-Xent: 0.4007, Consistency: 1.0849)
2026-01-05 23:15:30,540 - __main__ - INFO - Epoch 12/20 - Val Loss: 0.2092
2026-01-05 23:15:30,540 - __main__ - INFO - Current LR: 0.000345
2026-01-05 23:15:36,751 - __main__ - INFO - Epoch 14/20 - Loss: 0.1970 (NT-Xent: 0.2555, Consistency: 1.0787)
2026-01-05 23:15:37,203 - __main__ - INFO - Epoch 14/20 - Val Loss: 0.4777
2026-01-05 23:15:37,204 - __main__ - INFO - Current LR: 0.000206
2026-01-05 23:15:43,367 - __main__ - INFO - Epoch 16/20 - Loss: 0.1531 (NT-Xent: 0.1784, Consistency: 1.0381)
2026-01-05 23:15:43,738 - __main__ - INFO - Epoch 16/20 - Val Loss: 0.3053
2026-01-05 23:15:43,738 - __main__ - INFO - Current LR: 0.000095
2026-01-05 23:15:49,925 - __main__ - INFO - Epoch 18/20 - Loss: 0.1538 (NT-Xent: 0.1615, Consistency: 1.0300)
2026-01-05 23:15:50,313 - __main__ - INFO - Epoch 18/20 - Val Loss: 0.3207
2026-01-05 23:15:50,313 - __main__ - INFO - Current LR: 0.000024
2026-01-05 23:15:56,450 - __main__ - INFO - Epoch 20/20 - Loss: 0.1523 (NT-Xent: 0.1815, Consistency: 1.0016)
2026-01-05 23:15:56,829 - __main__ - INFO - Epoch 20/20 - Val Loss: 1.2877
2026-01-05 23:15:56,839 - __main__ - INFO - Current LR: 0.000000
2026-01-05 23:15:56,839 - __main__ - INFO - Training complete!
