2026-01-02 20:19:44,365 - __main__ - INFO - Starting training with config: gnn_training/config/full_training_config.yaml
2026-01-02 20:19:44,366 - __main__ - INFO - Config: {
  "data": {
    "batch_size": 8,
    "cache_graphs": false,
    "circuits": {
      "comparators": [
        1051,
        1065,
        1045,
        1046,
        1071
      ],
      "diff_amps": [
        86,
        84,
        94
      ]
    },
    "data_dir": "/home/karthik/sim_clean/AMS-opt/netlists",
    "family_balance": "equal",
    "pos_neg_ratio": 1.0,
    "shuffle": true,
    "test_circuits": {
      "comparators": [
        1073
      ],
      "diff_amps": [
        75,
        77
      ]
    }
  },
  "early_stopping": {
    "min_delta": 0.0001,
    "patience": 10
  },
  "logging": {
    "log_level": "INFO",
    "tensorboard_dir": "./logs_full_training",
    "verbose": true
  },
  "loss": {
    "hard_neg_weight": 1.0,
    "temperature": 0.07,
    "type": "nt_xent",
    "consistency": {
      "enabled": true,
      "type": "margin",
      "weight": 0.0,
      "margin": 0.5,
      "max_dist": 1.0,
      "temperature": 1.0
    }
  },
  "model": {
    "dropout": 0.1,
    "embedding_dim": 128,
    "hidden_dims": [
      64,
      64,
      32
    ],
    "input_dim": 26,
    "projection_dim": 128,
    "use_batch_norm": true
  },
  "optimizer": {
    "betas": [
      0.9,
      0.999
    ],
    "lr": 0.001,
    "type": "adam",
    "weight_decay": 1e-05
  },
  "scheduler": {
    "type": "cosine"
  },
  "training": {
    "checkpoint_dir": "./checkpoints_full_training",
    "device": "cpu",
    "epochs": 20,
    "log_interval": 2,
    "seed": 42,
    "val_interval": 2
  }
}
2026-01-02 20:19:44,366 - __main__ - INFO - Using device: cpu
2026-01-02 20:19:44,369 - __main__ - INFO - Model architecture:
ContrastiveGINModel(
  (encoder): GINEncoder(
    (gin_layers): ModuleList(
      (0): GINConv(
        (mlp): Sequential(
          (0): Linear(in_features=26, out_features=64, bias=True)
          (1): ReLU()
          (2): Linear(in_features=64, out_features=64, bias=True)
        )
      )
      (1): GINConv(
        (mlp): Sequential(
          (0): Linear(in_features=64, out_features=64, bias=True)
          (1): ReLU()
          (2): Linear(in_features=64, out_features=64, bias=True)
        )
      )
      (2): GINConv(
        (mlp): Sequential(
          (0): Linear(in_features=64, out_features=32, bias=True)
          (1): ReLU()
          (2): Linear(in_features=32, out_features=32, bias=True)
        )
      )
    )
    (batch_norms): ModuleList(
      (0-1): 2 x BatchNorm1d(64, eps=1e-05, momentum=0.1, affine=True, track_running_stats=True)
      (2): BatchNorm1d(32, eps=1e-05, momentum=0.1, affine=True, track_running_stats=True)
    )
    (dropout): Dropout(p=0.1, inplace=False)
    (readout_mlp): Sequential(
      (0): Linear(in_features=32, out_features=128, bias=True)
      (1): ReLU()
      (2): Linear(in_features=128, out_features=128, bias=True)
    )
  )
  (projection_head): ProjectionHead(
    (mlp): Sequential(
      (0): Linear(in_features=128, out_features=128, bias=True)
      (1): ReLU()
      (2): Linear(in_features=128, out_features=128, bias=True)
    )
  )
)
2026-01-02 20:19:44,369 - __main__ - INFO - Loss function: nt_xent
2026-01-02 20:19:44,369 - __main__ - INFO - Consistency loss enabled: type=margin, weight=0.0
2026-01-02 20:19:44,924 - __main__ - INFO - Optimizer: adam
2026-01-02 20:19:44,928 - __main__ - INFO - Train circuits: {'comparators': [1051, 1065, 1045, 1046, 1071], 'diff_amps': [86, 84, 94]}
2026-01-02 20:19:44,929 - __main__ - INFO - Test circuits: {'comparators': [1073], 'diff_amps': [75, 77]}
2026-01-02 20:19:44,937 - __main__ - INFO - Starting training...
2026-01-02 20:19:48,643 - __main__ - INFO - Epoch 2/20 - Train Loss: 0.2047
2026-01-02 20:19:49,081 - __main__ - INFO - Epoch 2/20 - Val Loss: 0.0618
2026-01-02 20:19:49,081 - __main__ - INFO - Current LR: 0.000976
2026-01-02 20:19:52,804 - __main__ - INFO - Epoch 4/20 - Train Loss: 0.1237
2026-01-02 20:19:53,190 - __main__ - INFO - Epoch 4/20 - Val Loss: 0.1567
2026-01-02 20:19:53,190 - __main__ - INFO - Current LR: 0.000905
2026-01-02 20:19:56,910 - __main__ - INFO - Epoch 6/20 - Train Loss: 0.1465
2026-01-02 20:19:57,301 - __main__ - INFO - Epoch 6/20 - Val Loss: 0.1360
2026-01-02 20:19:57,301 - __main__ - INFO - Current LR: 0.000794
2026-01-02 20:20:01,130 - __main__ - INFO - Epoch 8/20 - Train Loss: 0.3068
2026-01-02 20:20:01,544 - __main__ - INFO - Epoch 8/20 - Val Loss: 0.1971
2026-01-02 20:20:01,545 - __main__ - INFO - Current LR: 0.000655
2026-01-02 20:20:05,434 - __main__ - INFO - Epoch 10/20 - Train Loss: 0.1917
2026-01-02 20:20:05,850 - __main__ - INFO - Epoch 10/20 - Val Loss: 0.3470
2026-01-02 20:20:05,859 - __main__ - INFO - Current LR: 0.000500
2026-01-02 20:20:09,785 - __main__ - INFO - Epoch 12/20 - Train Loss: 0.1381
2026-01-02 20:20:10,172 - __main__ - INFO - Epoch 12/20 - Val Loss: 0.2481
2026-01-02 20:20:10,172 - __main__ - INFO - Current LR: 0.000345
2026-01-02 20:20:14,196 - __main__ - INFO - Epoch 14/20 - Train Loss: 0.0897
2026-01-02 20:20:14,610 - __main__ - INFO - Epoch 14/20 - Val Loss: 0.3596
2026-01-02 20:20:14,611 - __main__ - INFO - Current LR: 0.000206
2026-01-02 20:20:18,693 - __main__ - INFO - Epoch 16/20 - Train Loss: 0.0911
2026-01-02 20:20:19,098 - __main__ - INFO - Epoch 16/20 - Val Loss: 0.5332
2026-01-02 20:20:19,098 - __main__ - INFO - Current LR: 0.000095
2026-01-02 20:20:23,173 - __main__ - INFO - Epoch 18/20 - Train Loss: 0.0804
2026-01-02 20:20:23,583 - __main__ - INFO - Epoch 18/20 - Val Loss: 0.2941
2026-01-02 20:20:23,584 - __main__ - INFO - Current LR: 0.000024
2026-01-02 20:20:27,669 - __main__ - INFO - Epoch 20/20 - Train Loss: 0.0815
2026-01-02 20:20:28,044 - __main__ - INFO - Epoch 20/20 - Val Loss: 0.3373
2026-01-02 20:20:28,052 - __main__ - INFO - Current LR: 0.000000
2026-01-02 20:20:28,053 - __main__ - INFO - Training complete!
