2026-01-02 23:30:16,968 - __main__ - INFO - Starting training with config: gnn_training/config/full_training_config.yaml
2026-01-02 23:30:16,968 - __main__ - INFO - Config: {
  "data": {
    "batch_size": 8,
    "cache_graphs": false,
    "circuits": {
      "comparators": [
        1051,
        1065,
        1045,
        1046,
        1071
      ],
      "diff_amps": [
        86,
        84,
        94
      ]
    },
    "data_dir": "/home/karthik/sim_clean/AMS-opt/netlists",
    "family_balance": "equal",
    "pos_neg_ratio": 1.0,
    "shuffle": true,
    "test_circuits": {
      "comparators": [
        1073
      ],
      "diff_amps": [
        75,
        77
      ]
    }
  },
  "early_stopping": {
    "min_delta": 0.0001,
    "patience": 10
  },
  "logging": {
    "log_level": "INFO",
    "tensorboard_dir": "./logs_full_training",
    "verbose": true
  },
  "loss": {
    "hard_neg_weight": 1.0,
    "temperature": 0.07,
    "type": "nt_xent",
    "consistency": {
      "enabled": true,
      "type": "margin",
      "weight": 0.1,
      "margin": 0.8,
      "max_dist": 1.0,
      "temperature": 1.0
    }
  },
  "model": {
    "dropout": 0.1,
    "embedding_dim": 128,
    "hidden_dims": [
      64,
      64,
      32
    ],
    "input_dim": 26,
    "projection_dim": 128,
    "use_batch_norm": true
  },
  "optimizer": {
    "betas": [
      0.9,
      0.999
    ],
    "lr": 0.001,
    "type": "adam",
    "weight_decay": 1e-05
  },
  "scheduler": {
    "type": "cosine"
  },
  "training": {
    "checkpoint_dir": "./checkpoints_full_training",
    "device": "cpu",
    "epochs": 20,
    "log_interval": 2,
    "seed": 42,
    "val_interval": 2
  }
}
2026-01-02 23:30:16,969 - __main__ - INFO - Using device: cpu
2026-01-02 23:30:16,972 - __main__ - INFO - Model architecture:
ContrastiveGINModel(
  (encoder): GINEncoder(
    (gin_layers): ModuleList(
      (0): GINConv(
        (mlp): Sequential(
          (0): Linear(in_features=26, out_features=64, bias=True)
          (1): ReLU()
          (2): Linear(in_features=64, out_features=64, bias=True)
        )
      )
      (1): GINConv(
        (mlp): Sequential(
          (0): Linear(in_features=64, out_features=64, bias=True)
          (1): ReLU()
          (2): Linear(in_features=64, out_features=64, bias=True)
        )
      )
      (2): GINConv(
        (mlp): Sequential(
          (0): Linear(in_features=64, out_features=32, bias=True)
          (1): ReLU()
          (2): Linear(in_features=32, out_features=32, bias=True)
        )
      )
    )
    (batch_norms): ModuleList(
      (0-1): 2 x BatchNorm1d(64, eps=1e-05, momentum=0.1, affine=True, track_running_stats=True)
      (2): BatchNorm1d(32, eps=1e-05, momentum=0.1, affine=True, track_running_stats=True)
    )
    (dropout): Dropout(p=0.1, inplace=False)
    (readout_mlp): Sequential(
      (0): Linear(in_features=32, out_features=128, bias=True)
      (1): ReLU()
      (2): Linear(in_features=128, out_features=128, bias=True)
    )
  )
  (projection_head): ProjectionHead(
    (mlp): Sequential(
      (0): Linear(in_features=128, out_features=128, bias=True)
      (1): ReLU()
      (2): Linear(in_features=128, out_features=128, bias=True)
    )
  )
)
2026-01-02 23:30:16,972 - __main__ - INFO - Loss function: nt_xent
2026-01-02 23:30:16,972 - __main__ - INFO - Consistency loss enabled: type=margin, weight=0.1
2026-01-02 23:30:17,525 - __main__ - INFO - Optimizer: adam
2026-01-02 23:30:17,529 - __main__ - INFO - Train circuits: {'comparators': [1051, 1065, 1045, 1046, 1071], 'diff_amps': [86, 84, 94]}
2026-01-02 23:30:17,529 - __main__ - INFO - Test circuits: {'comparators': [1073], 'diff_amps': [75, 77]}
2026-01-02 23:30:17,538 - __main__ - INFO - Starting training...
2026-01-02 23:30:21,193 - __main__ - INFO - Epoch 2/20 - Loss: 0.2849 (NT-Xent: 0.4438, Consistency: 0.0000)
2026-01-02 23:30:21,581 - __main__ - INFO - Epoch 2/20 - Val Loss: 0.5359
2026-01-02 23:30:21,581 - __main__ - INFO - Current LR: 0.000976
2026-01-02 23:30:25,126 - __main__ - INFO - Epoch 4/20 - Loss: 0.1116 (NT-Xent: 0.2301, Consistency: 0.0000)
2026-01-02 23:30:25,501 - __main__ - INFO - Epoch 4/20 - Val Loss: 0.6860
2026-01-02 23:30:25,501 - __main__ - INFO - Current LR: 0.000905
2026-01-02 23:30:29,116 - __main__ - INFO - Epoch 6/20 - Loss: 0.1367 (NT-Xent: 0.2789, Consistency: 0.0000)
2026-01-02 23:30:29,542 - __main__ - INFO - Epoch 6/20 - Val Loss: 0.3304
2026-01-02 23:30:29,543 - __main__ - INFO - Current LR: 0.000794
2026-01-02 23:30:33,291 - __main__ - INFO - Epoch 8/20 - Loss: 0.1430 (NT-Xent: 0.3107, Consistency: 0.0000)
2026-01-02 23:30:33,705 - __main__ - INFO - Epoch 8/20 - Val Loss: 0.2652
2026-01-02 23:30:33,705 - __main__ - INFO - Current LR: 0.000655
2026-01-02 23:30:37,458 - __main__ - INFO - Epoch 10/20 - Loss: 0.1239 (NT-Xent: 0.3554, Consistency: 0.0000)
2026-01-02 23:30:37,838 - __main__ - INFO - Epoch 10/20 - Val Loss: 0.3723
2026-01-02 23:30:37,847 - __main__ - INFO - Current LR: 0.000500
2026-01-02 23:30:41,731 - __main__ - INFO - Epoch 12/20 - Loss: 0.3462 (NT-Xent: 0.6924, Consistency: 0.0000)
2026-01-02 23:30:42,080 - __main__ - INFO - Epoch 12/20 - Val Loss: 0.3636
2026-01-02 23:30:42,080 - __main__ - INFO - Current LR: 0.000345
2026-01-02 23:30:46,039 - __main__ - INFO - Epoch 14/20 - Loss: 0.3460 (NT-Xent: 0.6921, Consistency: 0.0000)
2026-01-02 23:30:46,403 - __main__ - INFO - Epoch 14/20 - Val Loss: 0.3455
2026-01-02 23:30:46,403 - __main__ - INFO - Current LR: 0.000206
2026-01-02 23:30:50,364 - __main__ - INFO - Epoch 16/20 - Loss: 0.3460 (NT-Xent: 0.6920, Consistency: 0.0000)
2026-01-02 23:30:50,793 - __main__ - INFO - Epoch 16/20 - Val Loss: 0.2989
2026-01-02 23:30:50,793 - __main__ - INFO - Current LR: 0.000095
2026-01-02 23:30:54,803 - __main__ - INFO - Epoch 18/20 - Loss: 0.3461 (NT-Xent: 0.6921, Consistency: 0.0000)
2026-01-02 23:30:55,201 - __main__ - INFO - Epoch 18/20 - Val Loss: 0.3341
2026-01-02 23:30:55,201 - __main__ - INFO - Current LR: 0.000024
2026-01-02 23:30:59,193 - __main__ - INFO - Epoch 20/20 - Loss: 0.3458 (NT-Xent: 0.6916, Consistency: 0.0000)
2026-01-02 23:30:59,515 - __main__ - INFO - Epoch 20/20 - Val Loss: 0.3178
2026-01-02 23:30:59,520 - __main__ - INFO - Current LR: 0.000000
2026-01-02 23:30:59,520 - __main__ - INFO - Training complete!
