2026-01-02 19:25:11,483 - __main__ - INFO - Starting training with config: gnn_training/config/full_training_config.yaml
2026-01-02 19:25:11,483 - __main__ - INFO - Config: {
  "data": {
    "batch_size": 8,
    "cache_graphs": false,
    "circuits": {
      "comparators": [
        1051,
        1065,
        1045,
        1046,
        1071
      ],
      "diff_amps": [
        86,
        84,
        94
      ]
    },
    "data_dir": "/home/karthik/sim_clean/AMS-opt/netlists",
    "family_balance": "equal",
    "pos_neg_ratio": 1.0,
    "shuffle": true,
    "test_circuits": {
      "comparators": [
        1073
      ],
      "diff_amps": [
        75,
        77
      ]
    }
  },
  "early_stopping": {
    "min_delta": 0.0001,
    "patience": 10
  },
  "logging": {
    "log_level": "INFO",
    "tensorboard_dir": "./logs_full_training",
    "verbose": true
  },
  "loss": {
    "hard_neg_weight": 1.0,
    "temperature": 0.07,
    "type": "nt_xent",
    "consistency": {
      "enabled": true,
      "type": "margin",
      "weight": 0.1,
      "margin": 0.5,
      "max_dist": 2.0,
      "temperature": 1.0
    }
  },
  "model": {
    "dropout": 0.1,
    "embedding_dim": 128,
    "hidden_dims": [
      64,
      64,
      32
    ],
    "input_dim": 26,
    "projection_dim": 128,
    "use_batch_norm": true
  },
  "optimizer": {
    "betas": [
      0.9,
      0.999
    ],
    "lr": 0.001,
    "type": "adam",
    "weight_decay": 1e-05
  },
  "scheduler": {
    "type": "cosine"
  },
  "training": {
    "checkpoint_dir": "./checkpoints_full_training",
    "device": "cpu",
    "epochs": 20,
    "log_interval": 2,
    "seed": 42,
    "val_interval": 2
  }
}
2026-01-02 19:25:11,483 - __main__ - INFO - Using device: cpu
2026-01-02 19:25:11,487 - __main__ - INFO - Model architecture:
ContrastiveGINModel(
  (encoder): GINEncoder(
    (gin_layers): ModuleList(
      (0): GINConv(
        (mlp): Sequential(
          (0): Linear(in_features=26, out_features=64, bias=True)
          (1): ReLU()
          (2): Linear(in_features=64, out_features=64, bias=True)
        )
      )
      (1): GINConv(
        (mlp): Sequential(
          (0): Linear(in_features=64, out_features=64, bias=True)
          (1): ReLU()
          (2): Linear(in_features=64, out_features=64, bias=True)
        )
      )
      (2): GINConv(
        (mlp): Sequential(
          (0): Linear(in_features=64, out_features=32, bias=True)
          (1): ReLU()
          (2): Linear(in_features=32, out_features=32, bias=True)
        )
      )
    )
    (batch_norms): ModuleList(
      (0-1): 2 x BatchNorm1d(64, eps=1e-05, momentum=0.1, affine=True, track_running_stats=True)
      (2): BatchNorm1d(32, eps=1e-05, momentum=0.1, affine=True, track_running_stats=True)
    )
    (dropout): Dropout(p=0.1, inplace=False)
    (readout_mlp): Sequential(
      (0): Linear(in_features=32, out_features=128, bias=True)
      (1): ReLU()
      (2): Linear(in_features=128, out_features=128, bias=True)
    )
  )
  (projection_head): ProjectionHead(
    (mlp): Sequential(
      (0): Linear(in_features=128, out_features=128, bias=True)
      (1): ReLU()
      (2): Linear(in_features=128, out_features=128, bias=True)
    )
  )
)
2026-01-02 19:25:11,487 - __main__ - INFO - Loss function: nt_xent
2026-01-02 19:25:11,487 - __main__ - INFO - Consistency loss enabled: type=margin, weight=0.1
2026-01-02 19:25:12,044 - __main__ - INFO - Optimizer: adam
2026-01-02 19:25:12,048 - __main__ - INFO - Train circuits: {'comparators': [1051, 1065, 1045, 1046, 1071], 'diff_amps': [86, 84, 94]}
2026-01-02 19:25:12,048 - __main__ - INFO - Test circuits: {'comparators': [1073], 'diff_amps': [75, 77]}
2026-01-02 19:25:12,056 - __main__ - INFO - Starting training...
2026-01-02 19:25:16,102 - __main__ - INFO - Epoch 2/20 - Loss: 0.1745 (NT-Xent: 0.2870, Consistency: 0.0000)
2026-01-02 19:25:16,729 - __main__ - INFO - Epoch 2/20 - Val Loss: 0.1273
2026-01-02 19:25:16,729 - __main__ - INFO - Current LR: 0.000976
2026-01-02 19:25:20,736 - __main__ - INFO - Epoch 4/20 - Loss: 0.1174 (NT-Xent: 0.2271, Consistency: 0.0000)
2026-01-02 19:25:21,346 - __main__ - INFO - Epoch 4/20 - Val Loss: 0.1847
2026-01-02 19:25:21,346 - __main__ - INFO - Current LR: 0.000905
2026-01-02 19:25:25,286 - __main__ - INFO - Epoch 6/20 - Loss: 0.1039 (NT-Xent: 0.2317, Consistency: 0.0000)
2026-01-02 19:25:25,879 - __main__ - INFO - Epoch 6/20 - Val Loss: 0.2243
2026-01-02 19:25:25,879 - __main__ - INFO - Current LR: 0.000794
2026-01-02 19:25:30,010 - __main__ - INFO - Epoch 8/20 - Loss: 0.1146 (NT-Xent: 0.1735, Consistency: 0.0000)
2026-01-02 19:25:30,599 - __main__ - INFO - Epoch 8/20 - Val Loss: 0.1817
2026-01-02 19:25:30,599 - __main__ - INFO - Current LR: 0.000655
2026-01-02 19:25:34,849 - __main__ - INFO - Epoch 10/20 - Loss: 0.0823 (NT-Xent: 0.1671, Consistency: 0.0000)
2026-01-02 19:25:35,431 - __main__ - INFO - Epoch 10/20 - Val Loss: 0.1488
2026-01-02 19:25:35,439 - __main__ - INFO - Current LR: 0.000500
2026-01-02 19:25:39,749 - __main__ - INFO - Epoch 12/20 - Loss: 0.0969 (NT-Xent: 0.1653, Consistency: 0.0000)
2026-01-02 19:25:40,302 - __main__ - INFO - Epoch 12/20 - Val Loss: 0.1802
2026-01-02 19:25:40,302 - __main__ - INFO - Current LR: 0.000345
2026-01-02 19:25:44,628 - __main__ - INFO - Epoch 14/20 - Loss: 0.0682 (NT-Xent: 0.1245, Consistency: 0.0000)
2026-01-02 19:25:45,245 - __main__ - INFO - Epoch 14/20 - Val Loss: 0.1190
2026-01-02 19:25:45,245 - __main__ - INFO - Current LR: 0.000206
2026-01-02 19:25:49,555 - __main__ - INFO - Epoch 16/20 - Loss: 0.0411 (NT-Xent: 0.1193, Consistency: 0.0000)
2026-01-02 19:25:50,162 - __main__ - INFO - Epoch 16/20 - Val Loss: 0.1499
2026-01-02 19:25:50,162 - __main__ - INFO - Current LR: 0.000095
2026-01-02 19:25:54,517 - __main__ - INFO - Epoch 18/20 - Loss: 0.0650 (NT-Xent: 0.1047, Consistency: 0.0000)
2026-01-02 19:25:55,096 - __main__ - INFO - Epoch 18/20 - Val Loss: 0.1478
2026-01-02 19:25:55,096 - __main__ - INFO - Current LR: 0.000024
2026-01-02 19:25:59,475 - __main__ - INFO - Epoch 20/20 - Loss: 0.0533 (NT-Xent: 0.1092, Consistency: 0.0000)
2026-01-02 19:26:00,052 - __main__ - INFO - Epoch 20/20 - Val Loss: 0.1214
2026-01-02 19:26:00,061 - __main__ - INFO - Current LR: 0.000000
2026-01-02 19:26:00,061 - __main__ - INFO - Training complete!
