2026-01-05 23:12:59,762 - __main__ - INFO - Starting training with config: gnn_training/config/full_training_config.yaml
2026-01-05 23:12:59,762 - __main__ - INFO - Config: {
  "data": {
    "batch_size": 8,
    "cache_graphs": false,
    "circuits": {
      "comparators": [
        1051,
        1065,
        1045,
        1046,
        1071
      ],
      "diff_amps": [
        86,
        84,
        94
      ]
    },
    "data_dir": "/home/karthik/sim_clean/AMS-opt/netlists",
    "family_balance": "equal",
    "pos_neg_ratio": 1.0,
    "shuffle": true,
    "test_circuits": {
      "comparators": [
        1073
      ],
      "diff_amps": [
        75,
        77
      ]
    }
  },
  "early_stopping": {
    "min_delta": 0.0001,
    "patience": 10
  },
  "logging": {
    "log_level": "INFO",
    "tensorboard_dir": "./logs_full_training",
    "verbose": true
  },
  "loss": {
    "hard_neg_weight": 1.0,
    "temperature": 0.07,
    "type": "nt_xent",
    "nt_xent_weight": 0.9,
    "consistency": {
      "enabled": true,
      "type": "margin",
      "weight": 0.1,
      "margin": 1.0,
      "max_dist": 1.0,
      "temperature": 1.0
    }
  },
  "model": {
    "dropout": 0.1,
    "embedding_dim": 128,
    "hidden_dims": [
      64,
      64,
      32
    ],
    "input_dim": 26,
    "projection_dim": 128,
    "use_batch_norm": true
  },
  "optimizer": {
    "betas": [
      0.9,
      0.999
    ],
    "lr": 0.001,
    "type": "adam",
    "weight_decay": 1e-05
  },
  "scheduler": {
    "type": "cosine"
  },
  "training": {
    "checkpoint_dir": "./checkpoints_full_training",
    "device": "cpu",
    "epochs": 20,
    "log_interval": 2,
    "seed": 42,
    "val_interval": 2
  }
}
2026-01-05 23:12:59,762 - __main__ - INFO - Using device: cpu
2026-01-05 23:12:59,765 - __main__ - INFO - Model architecture:
ContrastiveGINModel(
  (encoder): GINEncoder(
    (gin_layers): ModuleList(
      (0): GINConv(
        (mlp): Sequential(
          (0): Linear(in_features=26, out_features=64, bias=True)
          (1): ReLU()
          (2): Linear(in_features=64, out_features=64, bias=True)
        )
      )
      (1): GINConv(
        (mlp): Sequential(
          (0): Linear(in_features=64, out_features=64, bias=True)
          (1): ReLU()
          (2): Linear(in_features=64, out_features=64, bias=True)
        )
      )
      (2): GINConv(
        (mlp): Sequential(
          (0): Linear(in_features=64, out_features=32, bias=True)
          (1): ReLU()
          (2): Linear(in_features=32, out_features=32, bias=True)
        )
      )
    )
    (batch_norms): ModuleList(
      (0-1): 2 x BatchNorm1d(64, eps=1e-05, momentum=0.1, affine=True, track_running_stats=True)
      (2): BatchNorm1d(32, eps=1e-05, momentum=0.1, affine=True, track_running_stats=True)
    )
    (dropout): Dropout(p=0.1, inplace=False)
    (readout_mlp): Sequential(
      (0): Linear(in_features=32, out_features=128, bias=True)
      (1): ReLU()
      (2): Linear(in_features=128, out_features=128, bias=True)
    )
  )
  (projection_head): ProjectionHead(
    (mlp): Sequential(
      (0): Linear(in_features=128, out_features=128, bias=True)
      (1): ReLU()
      (2): Linear(in_features=128, out_features=128, bias=True)
    )
  )
)
2026-01-05 23:12:59,766 - __main__ - INFO - Loss function: nt_xent
2026-01-05 23:12:59,766 - __main__ - INFO - NT-Xent weight: 0.9
2026-01-05 23:12:59,766 - __main__ - INFO - Consistency loss enabled: type=margin, weight=0.1
2026-01-05 23:13:00,317 - __main__ - INFO - Optimizer: adam
2026-01-05 23:13:00,321 - __main__ - INFO - Train circuits: {'comparators': [1051, 1065, 1045, 1046, 1071], 'diff_amps': [86, 84, 94]}
2026-01-05 23:13:00,321 - __main__ - INFO - Test circuits: {'comparators': [1073], 'diff_amps': [75, 77]}
2026-01-05 23:13:00,330 - __main__ - INFO - Starting training...
2026-01-05 23:13:05,933 - __main__ - INFO - Epoch 2/20 - Loss: 0.2248 (NT-Xent: 0.2869, Consistency: 1.0355)
2026-01-05 23:13:06,341 - __main__ - INFO - Epoch 2/20 - Val Loss: 0.1998
2026-01-05 23:13:06,341 - __main__ - INFO - Current LR: 0.000976
2026-01-05 23:13:11,933 - __main__ - INFO - Epoch 4/20 - Loss: 0.1972 (NT-Xent: 0.2908, Consistency: 1.0358)
2026-01-05 23:13:12,358 - __main__ - INFO - Epoch 4/20 - Val Loss: 0.1391
2026-01-05 23:13:12,358 - __main__ - INFO - Current LR: 0.000905
2026-01-05 23:13:18,057 - __main__ - INFO - Epoch 6/20 - Loss: 0.1932 (NT-Xent: 0.2850, Consistency: 1.2718)
2026-01-05 23:13:18,461 - __main__ - INFO - Epoch 6/20 - Val Loss: 0.1506
2026-01-05 23:13:18,462 - __main__ - INFO - Current LR: 0.000794
2026-01-05 23:13:24,637 - __main__ - INFO - Epoch 8/20 - Loss: 0.1408 (NT-Xent: 0.1555, Consistency: 1.2059)
2026-01-05 23:13:25,064 - __main__ - INFO - Epoch 8/20 - Val Loss: 0.2120
2026-01-05 23:13:25,064 - __main__ - INFO - Current LR: 0.000655
2026-01-05 23:13:31,185 - __main__ - INFO - Epoch 10/20 - Loss: 0.1227 (NT-Xent: 0.1789, Consistency: 1.0575)
2026-01-05 23:13:31,641 - __main__ - INFO - Epoch 10/20 - Val Loss: 0.0833
2026-01-05 23:13:31,651 - __main__ - INFO - Current LR: 0.000500
2026-01-05 23:13:37,824 - __main__ - INFO - Epoch 12/20 - Loss: 0.1091 (NT-Xent: 0.1070, Consistency: 1.1692)
2026-01-05 23:13:38,289 - __main__ - INFO - Epoch 12/20 - Val Loss: 0.1927
2026-01-05 23:13:38,289 - __main__ - INFO - Current LR: 0.000345
2026-01-05 23:13:44,496 - __main__ - INFO - Epoch 14/20 - Loss: 0.1257 (NT-Xent: 0.1202, Consistency: 1.1086)
2026-01-05 23:13:44,932 - __main__ - INFO - Epoch 14/20 - Val Loss: 0.1534
2026-01-05 23:13:44,932 - __main__ - INFO - Current LR: 0.000206
2026-01-05 23:13:51,244 - __main__ - INFO - Epoch 16/20 - Loss: 0.1038 (NT-Xent: 0.0937, Consistency: 1.1949)
2026-01-05 23:13:51,643 - __main__ - INFO - Epoch 16/20 - Val Loss: 0.3367
2026-01-05 23:13:51,644 - __main__ - INFO - Current LR: 0.000095
2026-01-05 23:13:57,949 - __main__ - INFO - Epoch 18/20 - Loss: 0.1053 (NT-Xent: 0.0987, Consistency: 1.1009)
2026-01-05 23:13:58,408 - __main__ - INFO - Epoch 18/20 - Val Loss: 0.3342
2026-01-05 23:13:58,408 - __main__ - INFO - Current LR: 0.000024
2026-01-05 23:14:04,648 - __main__ - INFO - Epoch 20/20 - Loss: 0.0958 (NT-Xent: 0.0862, Consistency: 1.1415)
2026-01-05 23:14:05,033 - __main__ - INFO - Epoch 20/20 - Val Loss: 0.2333
2026-01-05 23:14:05,041 - __main__ - INFO - Current LR: 0.000000
2026-01-05 23:14:05,041 - __main__ - INFO - Training complete!
