2026-01-02 20:04:25,281 - __main__ - INFO - Starting training with config: gnn_training/config/full_training_config.yaml
2026-01-02 20:04:25,281 - __main__ - INFO - Config: {
  "data": {
    "batch_size": 8,
    "cache_graphs": false,
    "circuits": {
      "comparators": [
        1051,
        1065,
        1045,
        1046,
        1071
      ],
      "diff_amps": [
        86,
        84,
        94
      ]
    },
    "data_dir": "/home/karthik/sim_clean/AMS-opt/netlists",
    "family_balance": "equal",
    "pos_neg_ratio": 1.0,
    "shuffle": true,
    "test_circuits": {
      "comparators": [
        1073
      ],
      "diff_amps": [
        75,
        77
      ]
    }
  },
  "early_stopping": {
    "min_delta": 0.0001,
    "patience": 10
  },
  "logging": {
    "log_level": "INFO",
    "tensorboard_dir": "./logs_full_training",
    "verbose": true
  },
  "loss": {
    "hard_neg_weight": 1.0,
    "temperature": 0.07,
    "type": "nt_xent",
    "consistency": {
      "enabled": true,
      "type": "margin",
      "weight": 0.1,
      "margin": 0.5,
      "max_dist": 1.0,
      "temperature": 1.0
    }
  },
  "model": {
    "dropout": 0.1,
    "embedding_dim": 128,
    "hidden_dims": [
      64,
      64,
      32
    ],
    "input_dim": 26,
    "projection_dim": 128,
    "use_batch_norm": true
  },
  "optimizer": {
    "betas": [
      0.9,
      0.999
    ],
    "lr": 0.001,
    "type": "adam",
    "weight_decay": 1e-05
  },
  "scheduler": {
    "type": "cosine"
  },
  "training": {
    "checkpoint_dir": "./checkpoints_full_training",
    "device": "cpu",
    "epochs": 20,
    "log_interval": 2,
    "seed": 42,
    "val_interval": 2
  }
}
2026-01-02 20:04:25,282 - __main__ - INFO - Using device: cpu
2026-01-02 20:04:25,285 - __main__ - INFO - Model architecture:
ContrastiveGINModel(
  (encoder): GINEncoder(
    (gin_layers): ModuleList(
      (0): GINConv(
        (mlp): Sequential(
          (0): Linear(in_features=26, out_features=64, bias=True)
          (1): ReLU()
          (2): Linear(in_features=64, out_features=64, bias=True)
        )
      )
      (1): GINConv(
        (mlp): Sequential(
          (0): Linear(in_features=64, out_features=64, bias=True)
          (1): ReLU()
          (2): Linear(in_features=64, out_features=64, bias=True)
        )
      )
      (2): GINConv(
        (mlp): Sequential(
          (0): Linear(in_features=64, out_features=32, bias=True)
          (1): ReLU()
          (2): Linear(in_features=32, out_features=32, bias=True)
        )
      )
    )
    (batch_norms): ModuleList(
      (0-1): 2 x BatchNorm1d(64, eps=1e-05, momentum=0.1, affine=True, track_running_stats=True)
      (2): BatchNorm1d(32, eps=1e-05, momentum=0.1, affine=True, track_running_stats=True)
    )
    (dropout): Dropout(p=0.1, inplace=False)
    (readout_mlp): Sequential(
      (0): Linear(in_features=32, out_features=128, bias=True)
      (1): ReLU()
      (2): Linear(in_features=128, out_features=128, bias=True)
    )
  )
  (projection_head): ProjectionHead(
    (mlp): Sequential(
      (0): Linear(in_features=128, out_features=128, bias=True)
      (1): ReLU()
      (2): Linear(in_features=128, out_features=128, bias=True)
    )
  )
)
2026-01-02 20:04:25,285 - __main__ - INFO - Loss function: nt_xent
2026-01-02 20:04:25,285 - __main__ - INFO - Consistency loss enabled: type=margin, weight=0.1
2026-01-02 20:04:25,830 - __main__ - INFO - Optimizer: adam
2026-01-02 20:04:25,835 - __main__ - INFO - Train circuits: {'comparators': [1051, 1065, 1045, 1046, 1071], 'diff_amps': [86, 84, 94]}
2026-01-02 20:04:25,835 - __main__ - INFO - Test circuits: {'comparators': [1073], 'diff_amps': [75, 77]}
2026-01-02 20:04:25,843 - __main__ - INFO - Starting training...
2026-01-02 20:04:29,865 - __main__ - INFO - Epoch 2/20 - Loss: 0.1688 (NT-Xent: 0.3791, Consistency: 0.0000)
2026-01-02 20:04:30,444 - __main__ - INFO - Epoch 2/20 - Val Loss: 0.3454
2026-01-02 20:04:30,444 - __main__ - INFO - Current LR: 0.000976
2026-01-02 20:04:34,612 - __main__ - INFO - Epoch 4/20 - Loss: 0.0978 (NT-Xent: 0.2200, Consistency: 0.0000)
2026-01-02 20:04:35,198 - __main__ - INFO - Epoch 4/20 - Val Loss: 0.2592
2026-01-02 20:04:35,198 - __main__ - INFO - Current LR: 0.000905
2026-01-02 20:04:39,230 - __main__ - INFO - Epoch 6/20 - Loss: 0.0584 (NT-Xent: 0.1471, Consistency: 0.0000)
2026-01-02 20:04:39,844 - __main__ - INFO - Epoch 6/20 - Val Loss: 0.1294
2026-01-02 20:04:39,845 - __main__ - INFO - Current LR: 0.000794
2026-01-02 20:04:44,141 - __main__ - INFO - Epoch 8/20 - Loss: 0.1111 (NT-Xent: 0.2101, Consistency: 0.0000)
2026-01-02 20:04:44,703 - __main__ - INFO - Epoch 8/20 - Val Loss: 0.6471
2026-01-02 20:04:44,703 - __main__ - INFO - Current LR: 0.000655
2026-01-02 20:04:48,906 - __main__ - INFO - Epoch 10/20 - Loss: 0.1414 (NT-Xent: 0.2814, Consistency: 0.0000)
2026-01-02 20:04:49,508 - __main__ - INFO - Epoch 10/20 - Val Loss: 0.1547
2026-01-02 20:04:49,519 - __main__ - INFO - Current LR: 0.000500
2026-01-02 20:04:53,888 - __main__ - INFO - Epoch 12/20 - Loss: 0.0877 (NT-Xent: 0.1839, Consistency: 0.0000)
2026-01-02 20:04:54,484 - __main__ - INFO - Epoch 12/20 - Val Loss: 0.1524
2026-01-02 20:04:54,484 - __main__ - INFO - Current LR: 0.000345
2026-01-02 20:04:58,897 - __main__ - INFO - Epoch 14/20 - Loss: 0.0574 (NT-Xent: 0.1134, Consistency: 0.0000)
2026-01-02 20:04:59,515 - __main__ - INFO - Epoch 14/20 - Val Loss: 0.1770
2026-01-02 20:04:59,515 - __main__ - INFO - Current LR: 0.000206
2026-01-02 20:05:03,945 - __main__ - INFO - Epoch 16/20 - Loss: 0.0463 (NT-Xent: 0.1469, Consistency: 0.0000)
2026-01-02 20:05:04,538 - __main__ - INFO - Epoch 16/20 - Val Loss: 0.2163
2026-01-02 20:05:04,538 - __main__ - INFO - Current LR: 0.000095
2026-01-02 20:05:08,980 - __main__ - INFO - Epoch 18/20 - Loss: 0.1006 (NT-Xent: 0.1462, Consistency: 0.0000)
2026-01-02 20:05:09,546 - __main__ - INFO - Epoch 18/20 - Val Loss: 0.1553
2026-01-02 20:05:09,546 - __main__ - INFO - Current LR: 0.000024
2026-01-02 20:05:13,994 - __main__ - INFO - Epoch 20/20 - Loss: 0.0645 (NT-Xent: 0.1025, Consistency: 0.0000)
2026-01-02 20:05:14,584 - __main__ - INFO - Epoch 20/20 - Val Loss: 0.1876
2026-01-02 20:05:14,593 - __main__ - INFO - Current LR: 0.000000
2026-01-02 20:05:14,594 - __main__ - INFO - Training complete!
