2026-01-02 20:17:22,164 - __main__ - INFO - Starting training with config: gnn_training/config/full_training_config.yaml
2026-01-02 20:17:22,164 - __main__ - INFO - Config: {
  "data": {
    "batch_size": 8,
    "cache_graphs": false,
    "circuits": {
      "comparators": [
        1051,
        1065,
        1045,
        1046,
        1071
      ],
      "diff_amps": [
        86,
        84,
        94
      ]
    },
    "data_dir": "/home/karthik/sim_clean/AMS-opt/netlists",
    "family_balance": "equal",
    "pos_neg_ratio": 1.0,
    "shuffle": true,
    "test_circuits": {
      "comparators": [
        1073
      ],
      "diff_amps": [
        75,
        77
      ]
    }
  },
  "early_stopping": {
    "min_delta": 0.0001,
    "patience": 10
  },
  "logging": {
    "log_level": "INFO",
    "tensorboard_dir": "./logs_full_training",
    "verbose": true
  },
  "loss": {
    "hard_neg_weight": 1.0,
    "temperature": 0.07,
    "type": "nt_xent",
    "consistency": {
      "enabled": true,
      "type": "margin",
      "weight": 0.001,
      "margin": 0.5,
      "max_dist": 1.0,
      "temperature": 1.0
    }
  },
  "model": {
    "dropout": 0.1,
    "embedding_dim": 128,
    "hidden_dims": [
      64,
      64,
      32
    ],
    "input_dim": 26,
    "projection_dim": 128,
    "use_batch_norm": true
  },
  "optimizer": {
    "betas": [
      0.9,
      0.999
    ],
    "lr": 0.001,
    "type": "adam",
    "weight_decay": 1e-05
  },
  "scheduler": {
    "type": "cosine"
  },
  "training": {
    "checkpoint_dir": "./checkpoints_full_training",
    "device": "cpu",
    "epochs": 20,
    "log_interval": 2,
    "seed": 42,
    "val_interval": 2
  }
}
2026-01-02 20:17:22,165 - __main__ - INFO - Using device: cpu
2026-01-02 20:17:22,168 - __main__ - INFO - Model architecture:
ContrastiveGINModel(
  (encoder): GINEncoder(
    (gin_layers): ModuleList(
      (0): GINConv(
        (mlp): Sequential(
          (0): Linear(in_features=26, out_features=64, bias=True)
          (1): ReLU()
          (2): Linear(in_features=64, out_features=64, bias=True)
        )
      )
      (1): GINConv(
        (mlp): Sequential(
          (0): Linear(in_features=64, out_features=64, bias=True)
          (1): ReLU()
          (2): Linear(in_features=64, out_features=64, bias=True)
        )
      )
      (2): GINConv(
        (mlp): Sequential(
          (0): Linear(in_features=64, out_features=32, bias=True)
          (1): ReLU()
          (2): Linear(in_features=32, out_features=32, bias=True)
        )
      )
    )
    (batch_norms): ModuleList(
      (0-1): 2 x BatchNorm1d(64, eps=1e-05, momentum=0.1, affine=True, track_running_stats=True)
      (2): BatchNorm1d(32, eps=1e-05, momentum=0.1, affine=True, track_running_stats=True)
    )
    (dropout): Dropout(p=0.1, inplace=False)
    (readout_mlp): Sequential(
      (0): Linear(in_features=32, out_features=128, bias=True)
      (1): ReLU()
      (2): Linear(in_features=128, out_features=128, bias=True)
    )
  )
  (projection_head): ProjectionHead(
    (mlp): Sequential(
      (0): Linear(in_features=128, out_features=128, bias=True)
      (1): ReLU()
      (2): Linear(in_features=128, out_features=128, bias=True)
    )
  )
)
2026-01-02 20:17:22,168 - __main__ - INFO - Loss function: nt_xent
2026-01-02 20:17:22,168 - __main__ - INFO - Consistency loss enabled: type=margin, weight=0.001
2026-01-02 20:17:22,721 - __main__ - INFO - Optimizer: adam
2026-01-02 20:17:22,725 - __main__ - INFO - Train circuits: {'comparators': [1051, 1065, 1045, 1046, 1071], 'diff_amps': [86, 84, 94]}
2026-01-02 20:17:22,725 - __main__ - INFO - Test circuits: {'comparators': [1073], 'diff_amps': [75, 77]}
2026-01-02 20:17:22,734 - __main__ - INFO - Starting training...
2026-01-02 20:17:26,511 - __main__ - INFO - Epoch 2/20 - Loss: 0.1315 (NT-Xent: 0.2427, Consistency: 0.0000)
2026-01-02 20:17:26,936 - __main__ - INFO - Epoch 2/20 - Val Loss: 0.1543
2026-01-02 20:17:26,936 - __main__ - INFO - Current LR: 0.000976
2026-01-02 20:17:30,687 - __main__ - INFO - Epoch 4/20 - Loss: 0.2975 (NT-Xent: 0.4586, Consistency: 0.0000)
2026-01-02 20:17:31,081 - __main__ - INFO - Epoch 4/20 - Val Loss: 0.1227
2026-01-02 20:17:31,081 - __main__ - INFO - Current LR: 0.000905
2026-01-02 20:17:34,823 - __main__ - INFO - Epoch 6/20 - Loss: 0.1056 (NT-Xent: 0.2160, Consistency: 0.0000)
2026-01-02 20:17:35,220 - __main__ - INFO - Epoch 6/20 - Val Loss: 0.1384
2026-01-02 20:17:35,220 - __main__ - INFO - Current LR: 0.000794
2026-01-02 20:17:39,112 - __main__ - INFO - Epoch 8/20 - Loss: 0.1071 (NT-Xent: 0.1907, Consistency: 0.0000)
2026-01-02 20:17:39,560 - __main__ - INFO - Epoch 8/20 - Val Loss: 0.1306
2026-01-02 20:17:39,561 - __main__ - INFO - Current LR: 0.000655
2026-01-02 20:17:43,498 - __main__ - INFO - Epoch 10/20 - Loss: 0.1049 (NT-Xent: 0.2042, Consistency: 0.0000)
2026-01-02 20:17:43,938 - __main__ - INFO - Epoch 10/20 - Val Loss: 0.1685
2026-01-02 20:17:43,949 - __main__ - INFO - Current LR: 0.000500
2026-01-02 20:17:47,966 - __main__ - INFO - Epoch 12/20 - Loss: 0.0799 (NT-Xent: 0.1670, Consistency: 0.0000)
2026-01-02 20:17:48,347 - __main__ - INFO - Epoch 12/20 - Val Loss: 0.1881
2026-01-02 20:17:48,347 - __main__ - INFO - Current LR: 0.000345
2026-01-02 20:17:52,451 - __main__ - INFO - Epoch 14/20 - Loss: 0.0964 (NT-Xent: 0.1798, Consistency: 0.0000)
2026-01-02 20:17:52,888 - __main__ - INFO - Epoch 14/20 - Val Loss: 0.1592
2026-01-02 20:17:52,888 - __main__ - INFO - Current LR: 0.000206
2026-01-02 20:17:56,954 - __main__ - INFO - Epoch 16/20 - Loss: 0.0745 (NT-Xent: 0.1449, Consistency: 0.0000)
2026-01-02 20:17:57,330 - __main__ - INFO - Epoch 16/20 - Val Loss: 0.1942
2026-01-02 20:17:57,330 - __main__ - INFO - Current LR: 0.000095
2026-01-02 20:18:01,363 - __main__ - INFO - Epoch 18/20 - Loss: 0.0580 (NT-Xent: 0.1056, Consistency: 0.0000)
2026-01-02 20:18:01,757 - __main__ - INFO - Epoch 18/20 - Val Loss: 0.1897
2026-01-02 20:18:01,757 - __main__ - INFO - Current LR: 0.000024
2026-01-02 20:18:05,757 - __main__ - INFO - Epoch 20/20 - Loss: 0.0661 (NT-Xent: 0.1437, Consistency: 0.0000)
2026-01-02 20:18:06,173 - __main__ - INFO - Epoch 20/20 - Val Loss: 0.2021
2026-01-02 20:18:06,181 - __main__ - INFO - Current LR: 0.000000
2026-01-02 20:18:06,181 - __main__ - INFO - Training complete!
