2026-01-03 00:04:22,277 - __main__ - INFO - Starting training with config: gnn_training/config/full_training_config.yaml
2026-01-03 00:04:22,277 - __main__ - INFO - Config: {
  "data": {
    "batch_size": 8,
    "cache_graphs": false,
    "circuits": {
      "comparators": [
        1051,
        1065,
        1045,
        1046,
        1071
      ],
      "diff_amps": [
        86,
        84,
        94
      ]
    },
    "data_dir": "/home/karthik/sim_clean/AMS-opt/netlists",
    "family_balance": "equal",
    "pos_neg_ratio": 1.0,
    "shuffle": true,
    "test_circuits": {
      "comparators": [
        1073
      ],
      "diff_amps": [
        75,
        77
      ]
    }
  },
  "early_stopping": {
    "min_delta": 0.0001,
    "patience": 10
  },
  "logging": {
    "log_level": "INFO",
    "tensorboard_dir": "./logs_full_training",
    "verbose": true
  },
  "loss": {
    "hard_neg_weight": 1.0,
    "temperature": 0.07,
    "type": "nt_xent",
    "consistency": {
      "enabled": true,
      "type": "margin",
      "weight": 0.1,
      "margin": 0.8,
      "max_dist": 1.0,
      "temperature": 1.0
    }
  },
  "model": {
    "dropout": 0.1,
    "embedding_dim": 128,
    "hidden_dims": [
      64,
      64,
      32
    ],
    "input_dim": 26,
    "projection_dim": 128,
    "use_batch_norm": true
  },
  "optimizer": {
    "betas": [
      0.9,
      0.999
    ],
    "lr": 0.001,
    "type": "adam",
    "weight_decay": 1e-05
  },
  "scheduler": {
    "type": "cosine"
  },
  "training": {
    "checkpoint_dir": "./checkpoints_full_training",
    "device": "cpu",
    "epochs": 20,
    "log_interval": 2,
    "seed": 42,
    "val_interval": 2
  }
}
2026-01-03 00:04:22,277 - __main__ - INFO - Using device: cpu
2026-01-03 00:04:22,281 - __main__ - INFO - Model architecture:
ContrastiveGINModel(
  (encoder): GINEncoder(
    (gin_layers): ModuleList(
      (0): GINConv(
        (mlp): Sequential(
          (0): Linear(in_features=26, out_features=64, bias=True)
          (1): ReLU()
          (2): Linear(in_features=64, out_features=64, bias=True)
        )
      )
      (1): GINConv(
        (mlp): Sequential(
          (0): Linear(in_features=64, out_features=64, bias=True)
          (1): ReLU()
          (2): Linear(in_features=64, out_features=64, bias=True)
        )
      )
      (2): GINConv(
        (mlp): Sequential(
          (0): Linear(in_features=64, out_features=32, bias=True)
          (1): ReLU()
          (2): Linear(in_features=32, out_features=32, bias=True)
        )
      )
    )
    (batch_norms): ModuleList(
      (0-1): 2 x BatchNorm1d(64, eps=1e-05, momentum=0.1, affine=True, track_running_stats=True)
      (2): BatchNorm1d(32, eps=1e-05, momentum=0.1, affine=True, track_running_stats=True)
    )
    (dropout): Dropout(p=0.1, inplace=False)
    (readout_mlp): Sequential(
      (0): Linear(in_features=32, out_features=128, bias=True)
      (1): ReLU()
      (2): Linear(in_features=128, out_features=128, bias=True)
    )
  )
  (projection_head): ProjectionHead(
    (mlp): Sequential(
      (0): Linear(in_features=128, out_features=128, bias=True)
      (1): ReLU()
      (2): Linear(in_features=128, out_features=128, bias=True)
    )
  )
)
2026-01-03 00:04:22,281 - __main__ - INFO - Loss function: nt_xent
2026-01-03 00:04:22,281 - __main__ - INFO - Consistency loss enabled: type=margin, weight=0.1
2026-01-03 00:04:22,834 - __main__ - INFO - Optimizer: adam
2026-01-03 00:04:22,838 - __main__ - INFO - Train circuits: {'comparators': [1051, 1065, 1045, 1046, 1071], 'diff_amps': [86, 84, 94]}
2026-01-03 00:04:22,838 - __main__ - INFO - Test circuits: {'comparators': [1073], 'diff_amps': [75, 77]}
2026-01-03 00:04:22,846 - __main__ - INFO - Starting training...
2026-01-03 00:04:26,578 - __main__ - INFO - Epoch 2/20 - Loss: 0.1655 (NT-Xent: 0.3750, Consistency: 0.0000)
2026-01-03 00:04:27,046 - __main__ - INFO - Epoch 2/20 - Val Loss: 0.1441
2026-01-03 00:04:27,046 - __main__ - INFO - Current LR: 0.000976
2026-01-03 00:04:30,840 - __main__ - INFO - Epoch 4/20 - Loss: 0.0786 (NT-Xent: 0.2090, Consistency: 0.0000)
2026-01-03 00:04:31,243 - __main__ - INFO - Epoch 4/20 - Val Loss: 0.1722
2026-01-03 00:04:31,243 - __main__ - INFO - Current LR: 0.000905
2026-01-03 00:04:34,941 - __main__ - INFO - Epoch 6/20 - Loss: 0.1483 (NT-Xent: 0.2740, Consistency: 0.0000)
2026-01-03 00:04:35,331 - __main__ - INFO - Epoch 6/20 - Val Loss: 0.3168
2026-01-03 00:04:35,331 - __main__ - INFO - Current LR: 0.000794
2026-01-03 00:04:39,179 - __main__ - INFO - Epoch 8/20 - Loss: 0.1182 (NT-Xent: 0.2161, Consistency: 0.0000)
2026-01-03 00:04:39,602 - __main__ - INFO - Epoch 8/20 - Val Loss: 0.1224
2026-01-03 00:04:39,602 - __main__ - INFO - Current LR: 0.000655
2026-01-03 00:04:43,441 - __main__ - INFO - Epoch 10/20 - Loss: 0.0777 (NT-Xent: 0.1565, Consistency: 0.0000)
2026-01-03 00:04:43,840 - __main__ - INFO - Epoch 10/20 - Val Loss: 0.0943
2026-01-03 00:04:43,849 - __main__ - INFO - Current LR: 0.000500
2026-01-03 00:04:47,847 - __main__ - INFO - Epoch 12/20 - Loss: 0.0629 (NT-Xent: 0.1219, Consistency: 0.0000)
2026-01-03 00:04:48,248 - __main__ - INFO - Epoch 12/20 - Val Loss: 0.2727
2026-01-03 00:04:48,249 - __main__ - INFO - Current LR: 0.000345
2026-01-03 00:04:52,256 - __main__ - INFO - Epoch 14/20 - Loss: 0.0741 (NT-Xent: 0.1373, Consistency: 0.0000)
2026-01-03 00:04:52,691 - __main__ - INFO - Epoch 14/20 - Val Loss: 0.1545
2026-01-03 00:04:52,691 - __main__ - INFO - Current LR: 0.000206
2026-01-03 00:04:56,689 - __main__ - INFO - Epoch 16/20 - Loss: 0.1617 (NT-Xent: 0.2760, Consistency: 0.0000)
2026-01-03 00:04:57,070 - __main__ - INFO - Epoch 16/20 - Val Loss: 0.3142
2026-01-03 00:04:57,070 - __main__ - INFO - Current LR: 0.000095
2026-01-03 00:05:01,074 - __main__ - INFO - Epoch 18/20 - Loss: 0.0626 (NT-Xent: 0.1038, Consistency: 0.0000)
2026-01-03 00:05:01,502 - __main__ - INFO - Epoch 18/20 - Val Loss: 0.1202
2026-01-03 00:05:01,502 - __main__ - INFO - Current LR: 0.000024
2026-01-03 00:05:05,512 - __main__ - INFO - Epoch 20/20 - Loss: 0.0545 (NT-Xent: 0.1294, Consistency: 0.0000)
2026-01-03 00:05:05,882 - __main__ - INFO - Epoch 20/20 - Val Loss: 0.1153
2026-01-03 00:05:05,890 - __main__ - INFO - Current LR: 0.000000
2026-01-03 00:05:05,890 - __main__ - INFO - Training complete!
