2026-01-03 00:01:36,559 - __main__ - INFO - Starting training with config: gnn_training/config/full_training_config.yaml
2026-01-03 00:01:36,560 - __main__ - INFO - Config: {
  "data": {
    "batch_size": 8,
    "cache_graphs": false,
    "circuits": {
      "comparators": [
        1051,
        1065,
        1045,
        1046,
        1071
      ],
      "diff_amps": [
        86,
        84,
        94
      ]
    },
    "data_dir": "/home/karthik/sim_clean/AMS-opt/netlists",
    "family_balance": "equal",
    "pos_neg_ratio": 1.0,
    "shuffle": true,
    "test_circuits": {
      "comparators": [
        1073
      ],
      "diff_amps": [
        75,
        77
      ]
    }
  },
  "early_stopping": {
    "min_delta": 0.0001,
    "patience": 10
  },
  "logging": {
    "log_level": "INFO",
    "tensorboard_dir": "./logs_full_training",
    "verbose": true
  },
  "loss": {
    "hard_neg_weight": 1.0,
    "temperature": 0.07,
    "type": "nt_xent",
    "consistency": {
      "enabled": true,
      "type": "margin",
      "weight": 0.1,
      "margin": 0.8,
      "max_dist": 2.0,
      "temperature": 1.0
    }
  },
  "model": {
    "dropout": 0.1,
    "embedding_dim": 128,
    "hidden_dims": [
      64,
      64,
      32
    ],
    "input_dim": 26,
    "projection_dim": 128,
    "use_batch_norm": true
  },
  "optimizer": {
    "betas": [
      0.9,
      0.999
    ],
    "lr": 0.001,
    "type": "adam",
    "weight_decay": 1e-05
  },
  "scheduler": {
    "type": "cosine"
  },
  "training": {
    "checkpoint_dir": "./checkpoints_full_training",
    "device": "cpu",
    "epochs": 20,
    "log_interval": 2,
    "seed": 42,
    "val_interval": 2
  }
}
2026-01-03 00:01:36,560 - __main__ - INFO - Using device: cpu
2026-01-03 00:01:36,563 - __main__ - INFO - Model architecture:
ContrastiveGINModel(
  (encoder): GINEncoder(
    (gin_layers): ModuleList(
      (0): GINConv(
        (mlp): Sequential(
          (0): Linear(in_features=26, out_features=64, bias=True)
          (1): ReLU()
          (2): Linear(in_features=64, out_features=64, bias=True)
        )
      )
      (1): GINConv(
        (mlp): Sequential(
          (0): Linear(in_features=64, out_features=64, bias=True)
          (1): ReLU()
          (2): Linear(in_features=64, out_features=64, bias=True)
        )
      )
      (2): GINConv(
        (mlp): Sequential(
          (0): Linear(in_features=64, out_features=32, bias=True)
          (1): ReLU()
          (2): Linear(in_features=32, out_features=32, bias=True)
        )
      )
    )
    (batch_norms): ModuleList(
      (0-1): 2 x BatchNorm1d(64, eps=1e-05, momentum=0.1, affine=True, track_running_stats=True)
      (2): BatchNorm1d(32, eps=1e-05, momentum=0.1, affine=True, track_running_stats=True)
    )
    (dropout): Dropout(p=0.1, inplace=False)
    (readout_mlp): Sequential(
      (0): Linear(in_features=32, out_features=128, bias=True)
      (1): ReLU()
      (2): Linear(in_features=128, out_features=128, bias=True)
    )
  )
  (projection_head): ProjectionHead(
    (mlp): Sequential(
      (0): Linear(in_features=128, out_features=128, bias=True)
      (1): ReLU()
      (2): Linear(in_features=128, out_features=128, bias=True)
    )
  )
)
2026-01-03 00:01:36,563 - __main__ - INFO - Loss function: nt_xent
2026-01-03 00:01:36,563 - __main__ - INFO - Consistency loss enabled: type=margin, weight=0.1
2026-01-03 00:01:37,116 - __main__ - INFO - Optimizer: adam
2026-01-03 00:01:37,120 - __main__ - INFO - Train circuits: {'comparators': [1051, 1065, 1045, 1046, 1071], 'diff_amps': [86, 84, 94]}
2026-01-03 00:01:37,120 - __main__ - INFO - Test circuits: {'comparators': [1073], 'diff_amps': [75, 77]}
2026-01-03 00:01:37,129 - __main__ - INFO - Starting training...
2026-01-03 00:01:40,837 - __main__ - INFO - Epoch 2/20 - Loss: 0.2262 (NT-Xent: 0.3767, Consistency: 0.0000)
2026-01-03 00:01:41,238 - __main__ - INFO - Epoch 2/20 - Val Loss: 0.1446
2026-01-03 00:01:41,238 - __main__ - INFO - Current LR: 0.000976
2026-01-03 00:01:44,973 - __main__ - INFO - Epoch 4/20 - Loss: 0.1394 (NT-Xent: 0.2702, Consistency: 0.0000)
2026-01-03 00:01:45,364 - __main__ - INFO - Epoch 4/20 - Val Loss: 0.1898
2026-01-03 00:01:45,364 - __main__ - INFO - Current LR: 0.000905
2026-01-03 00:01:49,013 - __main__ - INFO - Epoch 6/20 - Loss: 0.1250 (NT-Xent: 0.3213, Consistency: 0.0000)
2026-01-03 00:01:49,454 - __main__ - INFO - Epoch 6/20 - Val Loss: 0.1400
2026-01-03 00:01:49,455 - __main__ - INFO - Current LR: 0.000794
2026-01-03 00:01:53,195 - __main__ - INFO - Epoch 8/20 - Loss: 0.1299 (NT-Xent: 0.2259, Consistency: 0.0000)
2026-01-03 00:01:53,579 - __main__ - INFO - Epoch 8/20 - Val Loss: 0.1507
2026-01-03 00:01:53,579 - __main__ - INFO - Current LR: 0.000655
2026-01-03 00:01:57,436 - __main__ - INFO - Epoch 10/20 - Loss: 0.0769 (NT-Xent: 0.1942, Consistency: 0.0000)
2026-01-03 00:01:57,846 - __main__ - INFO - Epoch 10/20 - Val Loss: 0.2117
2026-01-03 00:01:57,855 - __main__ - INFO - Current LR: 0.000500
2026-01-03 00:02:01,775 - __main__ - INFO - Epoch 12/20 - Loss: 0.0631 (NT-Xent: 0.1206, Consistency: 0.0000)
2026-01-03 00:02:02,150 - __main__ - INFO - Epoch 12/20 - Val Loss: 0.2095
2026-01-03 00:02:02,150 - __main__ - INFO - Current LR: 0.000345
2026-01-03 00:02:06,104 - __main__ - INFO - Epoch 14/20 - Loss: 0.0590 (NT-Xent: 0.1127, Consistency: 0.0000)
2026-01-03 00:02:06,507 - __main__ - INFO - Epoch 14/20 - Val Loss: 0.1001
2026-01-03 00:02:06,507 - __main__ - INFO - Current LR: 0.000206
2026-01-03 00:02:10,479 - __main__ - INFO - Epoch 16/20 - Loss: 0.0494 (NT-Xent: 0.1282, Consistency: 0.0000)
2026-01-03 00:02:10,894 - __main__ - INFO - Epoch 16/20 - Val Loss: 0.1755
2026-01-03 00:02:10,894 - __main__ - INFO - Current LR: 0.000095
2026-01-03 00:02:14,870 - __main__ - INFO - Epoch 18/20 - Loss: 0.0747 (NT-Xent: 0.1231, Consistency: 0.0000)
2026-01-03 00:02:15,243 - __main__ - INFO - Epoch 18/20 - Val Loss: 0.1167
2026-01-03 00:02:15,243 - __main__ - INFO - Current LR: 0.000024
2026-01-03 00:02:19,179 - __main__ - INFO - Epoch 20/20 - Loss: 0.0606 (NT-Xent: 0.1082, Consistency: 0.0000)
2026-01-03 00:02:19,582 - __main__ - INFO - Epoch 20/20 - Val Loss: 0.6012
2026-01-03 00:02:19,590 - __main__ - INFO - Current LR: 0.000000
2026-01-03 00:02:19,590 - __main__ - INFO - Training complete!
