{
  "version": "1.5.0",
  "plugins_used": [
    {
      "name": "ArtifactoryDetector"
    },
    {
      "name": "AWSKeyDetector"
    },
    {
      "name": "AzureStorageKeyDetector"
    },
    {
      "name": "Base64HighEntropyString",
      "limit": 4.5
    },
    {
      "name": "BasicAuthDetector"
    },
    {
      "name": "CloudantDetector"
    },
    {
      "name": "DiscordBotTokenDetector"
    },
    {
      "name": "GitHubTokenDetector"
    },
    {
      "name": "GitLabTokenDetector"
    },
    {
      "name": "HexHighEntropyString",
      "limit": 3.0
    },
    {
      "name": "IbmCloudIamDetector"
    },
    {
      "name": "IbmCosHmacDetector"
    },
    {
      "name": "IPPublicDetector"
    },
    {
      "name": "JwtTokenDetector"
    },
    {
      "name": "KeywordDetector",
      "keyword_exclude": ""
    },
    {
      "name": "MailchimpDetector"
    },
    {
      "name": "NpmDetector"
    },
    {
      "name": "OpenAIDetector"
    },
    {
      "name": "PrivateKeyDetector"
    },
    {
      "name": "PypiTokenDetector"
    },
    {
      "name": "SendGridDetector"
    },
    {
      "name": "SlackDetector"
    },
    {
      "name": "SoftlayerDetector"
    },
    {
      "name": "SquareOAuthDetector"
    },
    {
      "name": "StripeDetector"
    },
    {
      "name": "TelegramBotTokenDetector"
    },
    {
      "name": "TwilioKeyDetector"
    }
  ],
  "filters_used": [
    {
      "path": "detect_secrets.filters.allowlist.is_line_allowlisted"
    },
    {
      "path": "detect_secrets.filters.common.is_ignored_due_to_verification_policies",
      "min_level": 2
    },
    {
      "path": "detect_secrets.filters.heuristic.is_indirect_reference"
    },
    {
      "path": "detect_secrets.filters.heuristic.is_likely_id_string"
    },
    {
      "path": "detect_secrets.filters.heuristic.is_lock_file"
    },
    {
      "path": "detect_secrets.filters.heuristic.is_not_alphanumeric_string"
    },
    {
      "path": "detect_secrets.filters.heuristic.is_potential_uuid"
    },
    {
      "path": "detect_secrets.filters.heuristic.is_prefixed_with_dollar_sign"
    },
    {
      "path": "detect_secrets.filters.heuristic.is_sequential_string"
    },
    {
      "path": "detect_secrets.filters.heuristic.is_swagger_file"
    },
    {
      "path": "detect_secrets.filters.heuristic.is_templated_secret"
    }
  ],
  "results": {
    ".venv/lib/python3.6/site-packages/pip/_vendor/urllib3/util/url.py": [
      {
        "type": "Basic Auth Credentials",
        "filename": ".venv/lib/python3.6/site-packages/pip/_vendor/urllib3/util/url.py",
        "hashed_secret": "5baa61e4c9b93f3f0682250b6cf8331b7ee68fd8",
        "is_verified": false,
        "line_number": 148
      }
    ],
    ".venv/lib/python3.6/site-packages/pptx/media.py": [
      {
        "type": "Hex High Entropy String",
        "filename": ".venv/lib/python3.6/site-packages/pptx/media.py",
        "hashed_secret": "91c55e95e41b51adc2e9aa5e29c169fa1714ce06",
        "is_verified": false,
        "line_number": 99
      },
      {
        "type": "Base64 High Entropy String",
        "filename": ".venv/lib/python3.6/site-packages/pptx/media.py",
        "hashed_secret": "512a605b14dd9e0ab048797990b008cf05c16b19",
        "is_verified": false,
        "line_number": 106
      },
      {
        "type": "Base64 High Entropy String",
        "filename": ".venv/lib/python3.6/site-packages/pptx/media.py",
        "hashed_secret": "702961933ad14c922ee3cc834fc8f4fe12bd1459",
        "is_verified": false,
        "line_number": 107
      },
      {
        "type": "Base64 High Entropy String",
        "filename": ".venv/lib/python3.6/site-packages/pptx/media.py",
        "hashed_secret": "c6996469d98b949a909d62e6512e0c88924891ee",
        "is_verified": false,
        "line_number": 108
      },
      {
        "type": "Base64 High Entropy String",
        "filename": ".venv/lib/python3.6/site-packages/pptx/media.py",
        "hashed_secret": "856f79167dfb9bbff1419e1480e8cf2f4809eaea",
        "is_verified": false,
        "line_number": 109
      },
      {
        "type": "Base64 High Entropy String",
        "filename": ".venv/lib/python3.6/site-packages/pptx/media.py",
        "hashed_secret": "f8b878c699c7583a3b71c4fca94c90cc0f03b9bf",
        "is_verified": false,
        "line_number": 110
      },
      {
        "type": "Base64 High Entropy String",
        "filename": ".venv/lib/python3.6/site-packages/pptx/media.py",
        "hashed_secret": "cecf6df32f06b8817194ad98c78f5465ee6bc9d6",
        "is_verified": false,
        "line_number": 111
      },
      {
        "type": "Base64 High Entropy String",
        "filename": ".venv/lib/python3.6/site-packages/pptx/media.py",
        "hashed_secret": "b85c420aad973bf94ee928849b1bce1809de239f",
        "is_verified": false,
        "line_number": 112
      },
      {
        "type": "Base64 High Entropy String",
        "filename": ".venv/lib/python3.6/site-packages/pptx/media.py",
        "hashed_secret": "0f70e7bbee325e65cf62dd32634e134c91e4c0c7",
        "is_verified": false,
        "line_number": 113
      },
      {
        "type": "Base64 High Entropy String",
        "filename": ".venv/lib/python3.6/site-packages/pptx/media.py",
        "hashed_secret": "a5e281eceb17c81d4e0c37bb498cb8068ac7b39c",
        "is_verified": false,
        "line_number": 114
      },
      {
        "type": "Base64 High Entropy String",
        "filename": ".venv/lib/python3.6/site-packages/pptx/media.py",
        "hashed_secret": "5807e2a2c39964f2df2ec174363101c464dfaba6",
        "is_verified": false,
        "line_number": 115
      },
      {
        "type": "Base64 High Entropy String",
        "filename": ".venv/lib/python3.6/site-packages/pptx/media.py",
        "hashed_secret": "b6bc44e0a7496f9f570d40f4c1a38cf3955e76e7",
        "is_verified": false,
        "line_number": 116
      },
      {
        "type": "Base64 High Entropy String",
        "filename": ".venv/lib/python3.6/site-packages/pptx/media.py",
        "hashed_secret": "b1450af407369063125763fd058c90f21483b539",
        "is_verified": false,
        "line_number": 117
      },
      {
        "type": "Base64 High Entropy String",
        "filename": ".venv/lib/python3.6/site-packages/pptx/media.py",
        "hashed_secret": "d9a545191cb86e4dd295caf93e7c54895b1d02d1",
        "is_verified": false,
        "line_number": 118
      },
      {
        "type": "Base64 High Entropy String",
        "filename": ".venv/lib/python3.6/site-packages/pptx/media.py",
        "hashed_secret": "24820df319c0f2c5f1c7d2b9b3636a4de79e52b6",
        "is_verified": false,
        "line_number": 119
      },
      {
        "type": "Base64 High Entropy String",
        "filename": ".venv/lib/python3.6/site-packages/pptx/media.py",
        "hashed_secret": "08af2f70e77bdeb4da1a4f96e71e8a67a500aec4",
        "is_verified": false,
        "line_number": 120
      },
      {
        "type": "Base64 High Entropy String",
        "filename": ".venv/lib/python3.6/site-packages/pptx/media.py",
        "hashed_secret": "cc0b19bd3cb8358c477359b3b49dbae7736aa488",
        "is_verified": false,
        "line_number": 121
      },
      {
        "type": "Base64 High Entropy String",
        "filename": ".venv/lib/python3.6/site-packages/pptx/media.py",
        "hashed_secret": "e7998b1915a714c309dd80f3169e4498e952ad8c",
        "is_verified": false,
        "line_number": 122
      },
      {
        "type": "Base64 High Entropy String",
        "filename": ".venv/lib/python3.6/site-packages/pptx/media.py",
        "hashed_secret": "95c12020fbd407fc0656fff98c11be787ca92c99",
        "is_verified": false,
        "line_number": 123
      },
      {
        "type": "Base64 High Entropy String",
        "filename": ".venv/lib/python3.6/site-packages/pptx/media.py",
        "hashed_secret": "e8cc5dc3c3acce075f7bfb424247db427f8173a5",
        "is_verified": false,
        "line_number": 124
      },
      {
        "type": "Base64 High Entropy String",
        "filename": ".venv/lib/python3.6/site-packages/pptx/media.py",
        "hashed_secret": "59f64a969c50b1d2c57aa9b4dbaaa5333023523c",
        "is_verified": false,
        "line_number": 125
      },
      {
        "type": "Base64 High Entropy String",
        "filename": ".venv/lib/python3.6/site-packages/pptx/media.py",
        "hashed_secret": "bc8104409347fac3311876bc2b9fadf0a4f4a4d8",
        "is_verified": false,
        "line_number": 126
      },
      {
        "type": "Base64 High Entropy String",
        "filename": ".venv/lib/python3.6/site-packages/pptx/media.py",
        "hashed_secret": "e1114fb4034703e841e0427f4fd7509729c2ffd1",
        "is_verified": false,
        "line_number": 127
      },
      {
        "type": "Base64 High Entropy String",
        "filename": ".venv/lib/python3.6/site-packages/pptx/media.py",
        "hashed_secret": "244b830e1c89e4a1b7f88bf93b41a5522b11200f",
        "is_verified": false,
        "line_number": 128
      },
      {
        "type": "Base64 High Entropy String",
        "filename": ".venv/lib/python3.6/site-packages/pptx/media.py",
        "hashed_secret": "63592abebe987524ea0ad7c515b90a29d430e407",
        "is_verified": false,
        "line_number": 129
      },
      {
        "type": "Base64 High Entropy String",
        "filename": ".venv/lib/python3.6/site-packages/pptx/media.py",
        "hashed_secret": "81be60407d3ec990cb96c36a4205fccf3b08c782",
        "is_verified": false,
        "line_number": 130
      },
      {
        "type": "Base64 High Entropy String",
        "filename": ".venv/lib/python3.6/site-packages/pptx/media.py",
        "hashed_secret": "a1459ec43530b5f6c2ea1490a809315240db5d36",
        "is_verified": false,
        "line_number": 131
      },
      {
        "type": "Base64 High Entropy String",
        "filename": ".venv/lib/python3.6/site-packages/pptx/media.py",
        "hashed_secret": "f0f5b27f70ad3237eae38d6d6d5cf61dc9edd0ad",
        "is_verified": false,
        "line_number": 132
      },
      {
        "type": "Base64 High Entropy String",
        "filename": ".venv/lib/python3.6/site-packages/pptx/media.py",
        "hashed_secret": "20fed6475759f90570fcc0e13918e2fcfb63a750",
        "is_verified": false,
        "line_number": 133
      },
      {
        "type": "Base64 High Entropy String",
        "filename": ".venv/lib/python3.6/site-packages/pptx/media.py",
        "hashed_secret": "7f123c7905d8dea683e7622929b653ae259b4ec5",
        "is_verified": false,
        "line_number": 134
      },
      {
        "type": "Base64 High Entropy String",
        "filename": ".venv/lib/python3.6/site-packages/pptx/media.py",
        "hashed_secret": "7bcf65e32bb774d7aa1c99da3aa5d4abd7548023",
        "is_verified": false,
        "line_number": 135
      },
      {
        "type": "Base64 High Entropy String",
        "filename": ".venv/lib/python3.6/site-packages/pptx/media.py",
        "hashed_secret": "8cdea970e0baeb1deb981ae751cb76d3ed1de462",
        "is_verified": false,
        "line_number": 136
      },
      {
        "type": "Base64 High Entropy String",
        "filename": ".venv/lib/python3.6/site-packages/pptx/media.py",
        "hashed_secret": "80a539cd1a79a4e891e0b0cd0fbe940114bb16b2",
        "is_verified": false,
        "line_number": 137
      },
      {
        "type": "Base64 High Entropy String",
        "filename": ".venv/lib/python3.6/site-packages/pptx/media.py",
        "hashed_secret": "a48e16e3fa48d410874841d2416d3e4736ff9975",
        "is_verified": false,
        "line_number": 138
      },
      {
        "type": "Base64 High Entropy String",
        "filename": ".venv/lib/python3.6/site-packages/pptx/media.py",
        "hashed_secret": "ccdaa3f826255f0f110f3f3d1389dd96a7a1d21d",
        "is_verified": false,
        "line_number": 139
      },
      {
        "type": "Base64 High Entropy String",
        "filename": ".venv/lib/python3.6/site-packages/pptx/media.py",
        "hashed_secret": "7161051646a2c0bcfc39da725a0a88be9786d55e",
        "is_verified": false,
        "line_number": 140
      },
      {
        "type": "Base64 High Entropy String",
        "filename": ".venv/lib/python3.6/site-packages/pptx/media.py",
        "hashed_secret": "1504faec1d8f866b7bf9b396e90c5695f211216d",
        "is_verified": false,
        "line_number": 141
      },
      {
        "type": "Base64 High Entropy String",
        "filename": ".venv/lib/python3.6/site-packages/pptx/media.py",
        "hashed_secret": "b08d210254ff9406ed21b8b18d151c74fb7d62ca",
        "is_verified": false,
        "line_number": 142
      },
      {
        "type": "Base64 High Entropy String",
        "filename": ".venv/lib/python3.6/site-packages/pptx/media.py",
        "hashed_secret": "3adcb647c9c573f2fb5f12a625a444b7bd080ff1",
        "is_verified": false,
        "line_number": 143
      },
      {
        "type": "Base64 High Entropy String",
        "filename": ".venv/lib/python3.6/site-packages/pptx/media.py",
        "hashed_secret": "79730d77eb4026fe85d22fde77d5eea2f5557cde",
        "is_verified": false,
        "line_number": 144
      },
      {
        "type": "Base64 High Entropy String",
        "filename": ".venv/lib/python3.6/site-packages/pptx/media.py",
        "hashed_secret": "aa003c171ebec14848de7e2eee984bd84cf4ed81",
        "is_verified": false,
        "line_number": 145
      },
      {
        "type": "Base64 High Entropy String",
        "filename": ".venv/lib/python3.6/site-packages/pptx/media.py",
        "hashed_secret": "a81b33408dfd5bfcb52a9d9ed5aaa755bd4d798f",
        "is_verified": false,
        "line_number": 146
      },
      {
        "type": "Base64 High Entropy String",
        "filename": ".venv/lib/python3.6/site-packages/pptx/media.py",
        "hashed_secret": "fbc645c8c48e14c8b466293b54f6dc90374eea00",
        "is_verified": false,
        "line_number": 147
      },
      {
        "type": "Base64 High Entropy String",
        "filename": ".venv/lib/python3.6/site-packages/pptx/media.py",
        "hashed_secret": "2ca0508fe27b5d27c8479f1152442aa69db84aab",
        "is_verified": false,
        "line_number": 148
      },
      {
        "type": "Base64 High Entropy String",
        "filename": ".venv/lib/python3.6/site-packages/pptx/media.py",
        "hashed_secret": "0d0ca9ca04dd960be966b2f64192b015ed751e98",
        "is_verified": false,
        "line_number": 149
      },
      {
        "type": "Base64 High Entropy String",
        "filename": ".venv/lib/python3.6/site-packages/pptx/media.py",
        "hashed_secret": "579d892a111f29c73406863ee6a71d24179e4e49",
        "is_verified": false,
        "line_number": 150
      },
      {
        "type": "Base64 High Entropy String",
        "filename": ".venv/lib/python3.6/site-packages/pptx/media.py",
        "hashed_secret": "7cadcc713be937bac037789d67898075035ea713",
        "is_verified": false,
        "line_number": 151
      },
      {
        "type": "Base64 High Entropy String",
        "filename": ".venv/lib/python3.6/site-packages/pptx/media.py",
        "hashed_secret": "4706850e1a081d624427849995c1546246ed833a",
        "is_verified": false,
        "line_number": 152
      },
      {
        "type": "Base64 High Entropy String",
        "filename": ".venv/lib/python3.6/site-packages/pptx/media.py",
        "hashed_secret": "6557c24670e365f64dfd561d768e1f4d98623913",
        "is_verified": false,
        "line_number": 153
      },
      {
        "type": "Base64 High Entropy String",
        "filename": ".venv/lib/python3.6/site-packages/pptx/media.py",
        "hashed_secret": "1ab87106b0949706e46f2b3e41df0c395e6b76a9",
        "is_verified": false,
        "line_number": 154
      },
      {
        "type": "Base64 High Entropy String",
        "filename": ".venv/lib/python3.6/site-packages/pptx/media.py",
        "hashed_secret": "5dd548b66976e298da85c21b4ba93a7bef96f3ed",
        "is_verified": false,
        "line_number": 155
      },
      {
        "type": "Base64 High Entropy String",
        "filename": ".venv/lib/python3.6/site-packages/pptx/media.py",
        "hashed_secret": "d3d0b8777fdd368f8462699891f49e19a4d79e91",
        "is_verified": false,
        "line_number": 156
      },
      {
        "type": "Base64 High Entropy String",
        "filename": ".venv/lib/python3.6/site-packages/pptx/media.py",
        "hashed_secret": "53fa9d3484e85ab348f059a10107e492df66bbe1",
        "is_verified": false,
        "line_number": 157
      },
      {
        "type": "Base64 High Entropy String",
        "filename": ".venv/lib/python3.6/site-packages/pptx/media.py",
        "hashed_secret": "04b205af04ab1e9714418de61552b0bc19b18371",
        "is_verified": false,
        "line_number": 158
      },
      {
        "type": "Base64 High Entropy String",
        "filename": ".venv/lib/python3.6/site-packages/pptx/media.py",
        "hashed_secret": "1b7f455bdaff19f559db7b06df69ef820098fd1a",
        "is_verified": false,
        "line_number": 159
      },
      {
        "type": "Base64 High Entropy String",
        "filename": ".venv/lib/python3.6/site-packages/pptx/media.py",
        "hashed_secret": "1685894ae92c85050c8ddb426f65c5132facc3be",
        "is_verified": false,
        "line_number": 160
      },
      {
        "type": "Base64 High Entropy String",
        "filename": ".venv/lib/python3.6/site-packages/pptx/media.py",
        "hashed_secret": "7c0033a17339f69776a27f5d851ef2a90b3bb3ad",
        "is_verified": false,
        "line_number": 161
      },
      {
        "type": "Base64 High Entropy String",
        "filename": ".venv/lib/python3.6/site-packages/pptx/media.py",
        "hashed_secret": "cec45b1697d9b32435b2b59da73be68ee5564ec4",
        "is_verified": false,
        "line_number": 162
      },
      {
        "type": "Base64 High Entropy String",
        "filename": ".venv/lib/python3.6/site-packages/pptx/media.py",
        "hashed_secret": "509216dc41c10debee2990fad36421c615fe5d33",
        "is_verified": false,
        "line_number": 163
      },
      {
        "type": "Base64 High Entropy String",
        "filename": ".venv/lib/python3.6/site-packages/pptx/media.py",
        "hashed_secret": "243303e2a6ed3bba0dfec957e1aba3aa9b084dc6",
        "is_verified": false,
        "line_number": 164
      },
      {
        "type": "Base64 High Entropy String",
        "filename": ".venv/lib/python3.6/site-packages/pptx/media.py",
        "hashed_secret": "a1ff5d0af796e246aa7848f1db0d8f2f24c51e7b",
        "is_verified": false,
        "line_number": 165
      },
      {
        "type": "Base64 High Entropy String",
        "filename": ".venv/lib/python3.6/site-packages/pptx/media.py",
        "hashed_secret": "503f31ec0dac0f7196b876d41a58c71e08efaa9c",
        "is_verified": false,
        "line_number": 166
      },
      {
        "type": "Base64 High Entropy String",
        "filename": ".venv/lib/python3.6/site-packages/pptx/media.py",
        "hashed_secret": "7796626e0dee035393a80fc8a3f9644978de5263",
        "is_verified": false,
        "line_number": 167
      },
      {
        "type": "Base64 High Entropy String",
        "filename": ".venv/lib/python3.6/site-packages/pptx/media.py",
        "hashed_secret": "cc597c1a6951450aad6a47253c77cd57b746bbb8",
        "is_verified": false,
        "line_number": 168
      },
      {
        "type": "Base64 High Entropy String",
        "filename": ".venv/lib/python3.6/site-packages/pptx/media.py",
        "hashed_secret": "af5666c52c4cbb414b1d6fb8841e7cb6221547ff",
        "is_verified": false,
        "line_number": 169
      },
      {
        "type": "Base64 High Entropy String",
        "filename": ".venv/lib/python3.6/site-packages/pptx/media.py",
        "hashed_secret": "8ffcad7ff8912d812c6983143bb3bf6b4a3cea06",
        "is_verified": false,
        "line_number": 170
      },
      {
        "type": "Base64 High Entropy String",
        "filename": ".venv/lib/python3.6/site-packages/pptx/media.py",
        "hashed_secret": "9c0f6a69cb14b9ce7c6fce1a76dc7abb21f47f4e",
        "is_verified": false,
        "line_number": 171
      },
      {
        "type": "Base64 High Entropy String",
        "filename": ".venv/lib/python3.6/site-packages/pptx/media.py",
        "hashed_secret": "a07c21374c8ff467dfabd7fa8036063eb4e53086",
        "is_verified": false,
        "line_number": 172
      },
      {
        "type": "Base64 High Entropy String",
        "filename": ".venv/lib/python3.6/site-packages/pptx/media.py",
        "hashed_secret": "07800db4bd01da29df4e37c71e324114636b384f",
        "is_verified": false,
        "line_number": 173
      },
      {
        "type": "Base64 High Entropy String",
        "filename": ".venv/lib/python3.6/site-packages/pptx/media.py",
        "hashed_secret": "54bd2379979be9a26eb7b1cd30c6104281dace3c",
        "is_verified": false,
        "line_number": 174
      },
      {
        "type": "Base64 High Entropy String",
        "filename": ".venv/lib/python3.6/site-packages/pptx/media.py",
        "hashed_secret": "791286d04ee0a749ffc5eca9d2ab6b9d9810e769",
        "is_verified": false,
        "line_number": 175
      },
      {
        "type": "Base64 High Entropy String",
        "filename": ".venv/lib/python3.6/site-packages/pptx/media.py",
        "hashed_secret": "47f3155174809851066ad7322464c6b1102e2d69",
        "is_verified": false,
        "line_number": 176
      },
      {
        "type": "Base64 High Entropy String",
        "filename": ".venv/lib/python3.6/site-packages/pptx/media.py",
        "hashed_secret": "69f283489b01d437d8dbd08ddf9e981ef207ada4",
        "is_verified": false,
        "line_number": 177
      },
      {
        "type": "Base64 High Entropy String",
        "filename": ".venv/lib/python3.6/site-packages/pptx/media.py",
        "hashed_secret": "2ce6d1432f9eb74027b6a30855af86d866f42549",
        "is_verified": false,
        "line_number": 178
      },
      {
        "type": "Base64 High Entropy String",
        "filename": ".venv/lib/python3.6/site-packages/pptx/media.py",
        "hashed_secret": "47c803578c43a4237272d2a01e112c4dcb282b6f",
        "is_verified": false,
        "line_number": 179
      },
      {
        "type": "Base64 High Entropy String",
        "filename": ".venv/lib/python3.6/site-packages/pptx/media.py",
        "hashed_secret": "81b2630ad2bc68941fb156e390f1a7b1e43f795c",
        "is_verified": false,
        "line_number": 180
      },
      {
        "type": "Base64 High Entropy String",
        "filename": ".venv/lib/python3.6/site-packages/pptx/media.py",
        "hashed_secret": "0a9c6b4d6e3d49816dcbe0f093eee9e65b595d95",
        "is_verified": false,
        "line_number": 181
      },
      {
        "type": "Base64 High Entropy String",
        "filename": ".venv/lib/python3.6/site-packages/pptx/media.py",
        "hashed_secret": "ac47b239cb43d4c01177194b7da0c19d882f1c1e",
        "is_verified": false,
        "line_number": 182
      },
      {
        "type": "Base64 High Entropy String",
        "filename": ".venv/lib/python3.6/site-packages/pptx/media.py",
        "hashed_secret": "130408678869e6049adc91e6c1bae0f6aa1310f5",
        "is_verified": false,
        "line_number": 183
      },
      {
        "type": "Base64 High Entropy String",
        "filename": ".venv/lib/python3.6/site-packages/pptx/media.py",
        "hashed_secret": "cbc00f913f5ec69d701c1e338c6d65cab609c52e",
        "is_verified": false,
        "line_number": 184
      },
      {
        "type": "Base64 High Entropy String",
        "filename": ".venv/lib/python3.6/site-packages/pptx/media.py",
        "hashed_secret": "fe2c4351ac9ca805be902a2fd760731f38ea6147",
        "is_verified": false,
        "line_number": 185
      },
      {
        "type": "Base64 High Entropy String",
        "filename": ".venv/lib/python3.6/site-packages/pptx/media.py",
        "hashed_secret": "e8d675cd53c4a6ecda42fae9807856bb47b1304d",
        "is_verified": false,
        "line_number": 186
      },
      {
        "type": "Base64 High Entropy String",
        "filename": ".venv/lib/python3.6/site-packages/pptx/media.py",
        "hashed_secret": "b507c52fb61f6020bfda5839ca74f04d6dd414b1",
        "is_verified": false,
        "line_number": 187
      },
      {
        "type": "Base64 High Entropy String",
        "filename": ".venv/lib/python3.6/site-packages/pptx/media.py",
        "hashed_secret": "97b49980982786bc95ab6b94cabea166b69d7a9e",
        "is_verified": false,
        "line_number": 188
      },
      {
        "type": "Base64 High Entropy String",
        "filename": ".venv/lib/python3.6/site-packages/pptx/media.py",
        "hashed_secret": "342fc0577f1b8be176362595f231a2c4feef510d",
        "is_verified": false,
        "line_number": 189
      },
      {
        "type": "Base64 High Entropy String",
        "filename": ".venv/lib/python3.6/site-packages/pptx/media.py",
        "hashed_secret": "aa2450495181d4911dad8f05d33a80b5dc10f9c8",
        "is_verified": false,
        "line_number": 190
      },
      {
        "type": "Base64 High Entropy String",
        "filename": ".venv/lib/python3.6/site-packages/pptx/media.py",
        "hashed_secret": "af48d61ad75b9f5595a572655d859f61f31391de",
        "is_verified": false,
        "line_number": 191
      },
      {
        "type": "Base64 High Entropy String",
        "filename": ".venv/lib/python3.6/site-packages/pptx/media.py",
        "hashed_secret": "3bfc50773f0994c3f2602a182b64e66c182204a4",
        "is_verified": false,
        "line_number": 192
      },
      {
        "type": "Base64 High Entropy String",
        "filename": ".venv/lib/python3.6/site-packages/pptx/media.py",
        "hashed_secret": "f5d107fa0f6b378b16b1f347bae74ed0ae8d4a61",
        "is_verified": false,
        "line_number": 193
      },
      {
        "type": "Base64 High Entropy String",
        "filename": ".venv/lib/python3.6/site-packages/pptx/media.py",
        "hashed_secret": "036e8ec751c998d631893ebf75d236cada3e76f9",
        "is_verified": false,
        "line_number": 194
      },
      {
        "type": "Base64 High Entropy String",
        "filename": ".venv/lib/python3.6/site-packages/pptx/media.py",
        "hashed_secret": "2b642e0198627311f87e8c12c3c11a25a77e2aec",
        "is_verified": false,
        "line_number": 195
      },
      {
        "type": "Base64 High Entropy String",
        "filename": ".venv/lib/python3.6/site-packages/pptx/media.py",
        "hashed_secret": "d8633d94f86fb16c36070c8f24742ad6c2859588",
        "is_verified": false,
        "line_number": 196
      },
      {
        "type": "Base64 High Entropy String",
        "filename": ".venv/lib/python3.6/site-packages/pptx/media.py",
        "hashed_secret": "0ad52c86478577ea80bb1431a15e6597fe7ee66a",
        "is_verified": false,
        "line_number": 197
      }
    ],
    ".venv/lib/python3.6/site-packages/pptx/parts/image.py": [
      {
        "type": "Hex High Entropy String",
        "filename": ".venv/lib/python3.6/site-packages/pptx/parts/image.py",
        "hashed_secret": "91c55e95e41b51adc2e9aa5e29c169fa1714ce06",
        "is_verified": false,
        "line_number": 102
      }
    ],
    ".venv/lib/python3.6/site-packages/pptx/parts/media.py": [
      {
        "type": "Hex High Entropy String",
        "filename": ".venv/lib/python3.6/site-packages/pptx/parts/media.py",
        "hashed_secret": "91c55e95e41b51adc2e9aa5e29c169fa1714ce06",
        "is_verified": false,
        "line_number": 35
      }
    ],
    "LLMBO/circuits/tech/hspice.include": [
      {
        "type": "Base64 High Entropy String",
        "filename": "LLMBO/circuits/tech/hspice.include",
        "hashed_secret": "a57172728276ba4ce6df97fa6b01df213ff1bc83",
        "is_verified": false,
        "line_number": 2
      }
    ],
    "LLMBO/figs_for_paper.ipynb": [
      {
        "type": "Base64 High Entropy String",
        "filename": "LLMBO/figs_for_paper.ipynb",
        "hashed_secret": "7da884f83d9edd0b284cff19b3ed5536c3d4f894",
        "is_verified": false,
        "line_number": 10
      },
      {
        "type": "Base64 High Entropy String",
        "filename": "LLMBO/figs_for_paper.ipynb",
        "hashed_secret": "8af2a7149834d1199be0c6101a365edbec9743ae",
        "is_verified": false,
        "line_number": 89
      },
      {
        "type": "Base64 High Entropy String",
        "filename": "LLMBO/figs_for_paper.ipynb",
        "hashed_secret": "fa9c21497849b9c2b49740309b94a701de927089",
        "is_verified": false,
        "line_number": 177
      }
    ],
    "LLMBO/fom.ipynb": [
      {
        "type": "Base64 High Entropy String",
        "filename": "LLMBO/fom.ipynb",
        "hashed_secret": "a1b134d76001c9f741380d9671d889173a0c8f9c",
        "is_verified": false,
        "line_number": 248
      },
      {
        "type": "Base64 High Entropy String",
        "filename": "LLMBO/fom.ipynb",
        "hashed_secret": "ebe5c8ebf79adaff9719405fc4de068fa6b8c6de",
        "is_verified": false,
        "line_number": 316
      },
      {
        "type": "Base64 High Entropy String",
        "filename": "LLMBO/fom.ipynb",
        "hashed_secret": "795165f07163f9d97226e8b001f161b24ef0635b",
        "is_verified": false,
        "line_number": 420
      },
      {
        "type": "Base64 High Entropy String",
        "filename": "LLMBO/fom.ipynb",
        "hashed_secret": "190276a7ffc9f261e19a7e0195489c6b330840dc",
        "is_verified": false,
        "line_number": 549
      },
      {
        "type": "Base64 High Entropy String",
        "filename": "LLMBO/fom.ipynb",
        "hashed_secret": "1c04ea19e6b6310bf16a305cc1dedb64b0d668bd",
        "is_verified": false,
        "line_number": 676
      },
      {
        "type": "Base64 High Entropy String",
        "filename": "LLMBO/fom.ipynb",
        "hashed_secret": "8975acde9aa49f9b6dca8e3d406a916c519ae5c0",
        "is_verified": false,
        "line_number": 811
      }
    ],
    "LLMBO/fom_final.ipynb": [
      {
        "type": "Base64 High Entropy String",
        "filename": "LLMBO/fom_final.ipynb",
        "hashed_secret": "e34ba3eac5fa40c171abb4dfeee2e89fb78915c0",
        "is_verified": false,
        "line_number": 22
      },
      {
        "type": "Base64 High Entropy String",
        "filename": "LLMBO/fom_final.ipynb",
        "hashed_secret": "58685e77865abf51eae326cf3a7b5107488acf06",
        "is_verified": false,
        "line_number": 151
      },
      {
        "type": "Base64 High Entropy String",
        "filename": "LLMBO/fom_final.ipynb",
        "hashed_secret": "bbc99e862435dd17fcdd488ff4dcc603570e30a3",
        "is_verified": false,
        "line_number": 183
      },
      {
        "type": "Base64 High Entropy String",
        "filename": "LLMBO/fom_final.ipynb",
        "hashed_secret": "5239f8c350acee5529053c726adb790f7e93c63a",
        "is_verified": false,
        "line_number": 192
      },
      {
        "type": "Base64 High Entropy String",
        "filename": "LLMBO/fom_final.ipynb",
        "hashed_secret": "dbb5aa092e5bb1665c01b88b6cb4838d890cd919",
        "is_verified": false,
        "line_number": 193
      },
      {
        "type": "Base64 High Entropy String",
        "filename": "LLMBO/fom_final.ipynb",
        "hashed_secret": "966f25a3d3074a0030c3f37677a48c079cbba462",
        "is_verified": false,
        "line_number": 194
      },
      {
        "type": "Base64 High Entropy String",
        "filename": "LLMBO/fom_final.ipynb",
        "hashed_secret": "3c6a62b7b7c628d8212cd551794631fdd488f530",
        "is_verified": false,
        "line_number": 195
      },
      {
        "type": "Base64 High Entropy String",
        "filename": "LLMBO/fom_final.ipynb",
        "hashed_secret": "ba5471c8d5c31e8a69b4fd84062b2077c5cacd32",
        "is_verified": false,
        "line_number": 285
      },
      {
        "type": "Base64 High Entropy String",
        "filename": "LLMBO/fom_final.ipynb",
        "hashed_secret": "8d5d9105e916c5aa7442bdd2dbad38f5232932b2",
        "is_verified": false,
        "line_number": 380
      }
    ],
    "LLMBO/rejection_score.ipynb": [
      {
        "type": "Base64 High Entropy String",
        "filename": "LLMBO/rejection_score.ipynb",
        "hashed_secret": "410c4cf0f20c5c0b900907dcd2ca875ea487de31",
        "is_verified": false,
        "line_number": 11
      },
      {
        "type": "Base64 High Entropy String",
        "filename": "LLMBO/rejection_score.ipynb",
        "hashed_secret": "bbc99e862435dd17fcdd488ff4dcc603570e30a3",
        "is_verified": false,
        "line_number": 37
      },
      {
        "type": "Base64 High Entropy String",
        "filename": "LLMBO/rejection_score.ipynb",
        "hashed_secret": "5239f8c350acee5529053c726adb790f7e93c63a",
        "is_verified": false,
        "line_number": 46
      },
      {
        "type": "Base64 High Entropy String",
        "filename": "LLMBO/rejection_score.ipynb",
        "hashed_secret": "dbb5aa092e5bb1665c01b88b6cb4838d890cd919",
        "is_verified": false,
        "line_number": 47
      },
      {
        "type": "Base64 High Entropy String",
        "filename": "LLMBO/rejection_score.ipynb",
        "hashed_secret": "966f25a3d3074a0030c3f37677a48c079cbba462",
        "is_verified": false,
        "line_number": 48
      },
      {
        "type": "Base64 High Entropy String",
        "filename": "LLMBO/rejection_score.ipynb",
        "hashed_secret": "3c6a62b7b7c628d8212cd551794631fdd488f530",
        "is_verified": false,
        "line_number": 49
      },
      {
        "type": "Base64 High Entropy String",
        "filename": "LLMBO/rejection_score.ipynb",
        "hashed_secret": "a1a7bd67fd298daf89fbb5b1f5dc9350f11f53e9",
        "is_verified": false,
        "line_number": 130
      }
    ],
    "LLMBO/tech/hspice.include": [
      {
        "type": "Base64 High Entropy String",
        "filename": "LLMBO/tech/hspice.include",
        "hashed_secret": "a57172728276ba4ce6df97fa6b01df213ff1bc83",
        "is_verified": false,
        "line_number": 2
      }
    ],
    "LLMBO/text_to_graph.ipynb": [
      {
        "type": "Base64 High Entropy String",
        "filename": "LLMBO/text_to_graph.ipynb",
        "hashed_secret": "7123770695f27850e6cfa71269a76a947e683ce2",
        "is_verified": false,
        "line_number": 1005
      }
    ],
    "netlists/graph.ipynb": [
      {
        "type": "Base64 High Entropy String",
        "filename": "netlists/graph.ipynb",
        "hashed_secret": "d3c9832f09b80af2d172f55d347ff47d3e245c10",
        "is_verified": false,
        "line_number": 96
      },
      {
        "type": "Base64 High Entropy String",
        "filename": "netlists/graph.ipynb",
        "hashed_secret": "50924473923741e534c3703405d0e6d81fe0340f",
        "is_verified": false,
        "line_number": 181
      },
      {
        "type": "Base64 High Entropy String",
        "filename": "netlists/graph.ipynb",
        "hashed_secret": "635eff82c6f06f2bc22d5ec6e5a46ca1a2e5f86b",
        "is_verified": false,
        "line_number": 232
      }
    ]
  },
  "generated_at": "2026-01-20T02:23:34Z"
}
